Archive member included to satisfy reference by file (symbol)

C:/Users/33512/AppData/Local/stm32cube/bundles/gnu-tools-for-stm32/13.3.1+st.9/bin/../lib/gcc/arm-none-eabi/13.3.1/../../../../arm-none-eabi/lib/thumb/v7e-m+fp/hard\libc_nano.a(libc_a-exit.o)
                              C:/Users/33512/AppData/Local/stm32cube/bundles/gnu-tools-for-stm32/13.3.1+st.9/bin/../lib/gcc/arm-none-eabi/13.3.1/../../../../arm-none-eabi/lib/thumb/v7e-m+fp/hard/crt0.o (exit)
C:/Users/33512/AppData/Local/stm32cube/bundles/gnu-tools-for-stm32/13.3.1+st.9/bin/../lib/gcc/arm-none-eabi/13.3.1/../../../../arm-none-eabi/lib/thumb/v7e-m+fp/hard\libc_nano.a(libc_a-nano-vfprintf_float.o)
                              (_printf_float)
C:/Users/33512/AppData/Local/stm32cube/bundles/gnu-tools-for-stm32/13.3.1+st.9/bin/../lib/gcc/arm-none-eabi/13.3.1/../../../../arm-none-eabi/lib/thumb/v7e-m+fp/hard\libc_nano.a(libc_a-nano-vfprintf_i.o)
                              C:/Users/33512/AppData/Local/stm32cube/bundles/gnu-tools-for-stm32/13.3.1+st.9/bin/../lib/gcc/arm-none-eabi/13.3.1/../../../../arm-none-eabi/lib/thumb/v7e-m+fp/hard\libc_nano.a(libc_a-nano-vfprintf_float.o) (_printf_common)
C:/Users/33512/AppData/Local/stm32cube/bundles/gnu-tools-for-stm32/13.3.1+st.9/bin/../lib/gcc/arm-none-eabi/13.3.1/../../../../arm-none-eabi/lib/thumb/v7e-m+fp/hard\libc_nano.a(libc_a-findfp.o)
                              C:/Users/33512/AppData/Local/stm32cube/bundles/gnu-tools-for-stm32/13.3.1+st.9/bin/../lib/gcc/arm-none-eabi/13.3.1/../../../../arm-none-eabi/lib/thumb/v7e-m+fp/hard\libc_nano.a(libc_a-exit.o) (__stdio_exit_handler)
C:/Users/33512/AppData/Local/stm32cube/bundles/gnu-tools-for-stm32/13.3.1+st.9/bin/../lib/gcc/arm-none-eabi/13.3.1/../../../../arm-none-eabi/lib/thumb/v7e-m+fp/hard\libc_nano.a(libc_a-fwalk.o)
                              C:/Users/33512/AppData/Local/stm32cube/bundles/gnu-tools-for-stm32/13.3.1+st.9/bin/../lib/gcc/arm-none-eabi/13.3.1/../../../../arm-none-eabi/lib/thumb/v7e-m+fp/hard\libc_nano.a(libc_a-findfp.o) (_fwalk_sglue)
C:/Users/33512/AppData/Local/stm32cube/bundles/gnu-tools-for-stm32/13.3.1+st.9/bin/../lib/gcc/arm-none-eabi/13.3.1/../../../../arm-none-eabi/lib/thumb/v7e-m+fp/hard\libc_nano.a(libc_a-stdio.o)
                              C:/Users/33512/AppData/Local/stm32cube/bundles/gnu-tools-for-stm32/13.3.1+st.9/bin/../lib/gcc/arm-none-eabi/13.3.1/../../../../arm-none-eabi/lib/thumb/v7e-m+fp/hard\libc_nano.a(libc_a-findfp.o) (__sread)
C:/Users/33512/AppData/Local/stm32cube/bundles/gnu-tools-for-stm32/13.3.1+st.9/bin/../lib/gcc/arm-none-eabi/13.3.1/../../../../arm-none-eabi/lib/thumb/v7e-m+fp/hard\libc_nano.a(libc_a-memset.o)
                              C:/Users/33512/AppData/Local/stm32cube/bundles/gnu-tools-for-stm32/13.3.1+st.9/bin/../lib/gcc/arm-none-eabi/13.3.1/../../../../arm-none-eabi/lib/thumb/v7e-m+fp/hard/crt0.o (memset)
C:/Users/33512/AppData/Local/stm32cube/bundles/gnu-tools-for-stm32/13.3.1+st.9/bin/../lib/gcc/arm-none-eabi/13.3.1/../../../../arm-none-eabi/lib/thumb/v7e-m+fp/hard\libc_nano.a(libc_a-localeconv.o)
                              C:/Users/33512/AppData/Local/stm32cube/bundles/gnu-tools-for-stm32/13.3.1+st.9/bin/../lib/gcc/arm-none-eabi/13.3.1/../../../../arm-none-eabi/lib/thumb/v7e-m+fp/hard\libc_nano.a(libc_a-nano-vfprintf_float.o) (_localeconv_r)
C:/Users/33512/AppData/Local/stm32cube/bundles/gnu-tools-for-stm32/13.3.1+st.9/bin/../lib/gcc/arm-none-eabi/13.3.1/../../../../arm-none-eabi/lib/thumb/v7e-m+fp/hard\libc_nano.a(libc_a-closer.o)
                              C:/Users/33512/AppData/Local/stm32cube/bundles/gnu-tools-for-stm32/13.3.1+st.9/bin/../lib/gcc/arm-none-eabi/13.3.1/../../../../arm-none-eabi/lib/thumb/v7e-m+fp/hard\libc_nano.a(libc_a-stdio.o) (_close_r)
C:/Users/33512/AppData/Local/stm32cube/bundles/gnu-tools-for-stm32/13.3.1+st.9/bin/../lib/gcc/arm-none-eabi/13.3.1/../../../../arm-none-eabi/lib/thumb/v7e-m+fp/hard\libc_nano.a(libc_a-reent.o)
                              C:/Users/33512/AppData/Local/stm32cube/bundles/gnu-tools-for-stm32/13.3.1+st.9/bin/../lib/gcc/arm-none-eabi/13.3.1/../../../../arm-none-eabi/lib/thumb/v7e-m+fp/hard\libc_nano.a(libc_a-closer.o) (errno)
C:/Users/33512/AppData/Local/stm32cube/bundles/gnu-tools-for-stm32/13.3.1+st.9/bin/../lib/gcc/arm-none-eabi/13.3.1/../../../../arm-none-eabi/lib/thumb/v7e-m+fp/hard\libc_nano.a(libc_a-impure.o)
                              C:/Users/33512/AppData/Local/stm32cube/bundles/gnu-tools-for-stm32/13.3.1+st.9/bin/../lib/gcc/arm-none-eabi/13.3.1/../../../../arm-none-eabi/lib/thumb/v7e-m+fp/hard\libc_nano.a(libc_a-reent.o) (_impure_ptr)
C:/Users/33512/AppData/Local/stm32cube/bundles/gnu-tools-for-stm32/13.3.1+st.9/bin/../lib/gcc/arm-none-eabi/13.3.1/../../../../arm-none-eabi/lib/thumb/v7e-m+fp/hard\libc_nano.a(libc_a-lseekr.o)
[...]
Memory Configuration

Name             Origin             Length             Attributes
RAM              0x20000000         0x00020000         xrw
FLASH            0x08000000         0x00080000         xr
*default*        0x00000000         0xffffffff

Linker script and memory map

LOAD C:/Users/33512/AppData/Local/stm32cube/bundles/gnu-tools-for-stm32/13.3.1+st.9/bin/../lib/gcc/arm-none-eabi/13.3.1/thumb/v7e-m+fp/hard/crti.o
LOAD C:/Users/33512/AppData/Local/stm32cube/bundles/gnu-tools-for-stm32/13.3.1+st.9/bin/../lib/gcc/arm-none-eabi/13.3.1/thumb/v7e-m+fp/hard/crtbegin.o
LOAD C:/Users/33512/AppData/Local/stm32cube/bundles/gnu-tools-for-stm32/13.3.1+st.9/bin/../lib/gcc/arm-none-eabi/13.3.1/../../../../arm-none-eabi/lib/thumb/v7e-m+fp/hard/crt0.o
LOAD cmake/stm32cubemx/CMakeFiles/STM32_Drivers.dir/__/__/Core/Src/system_stm32g4xx.c.obj
LOAD cmake/stm32cubemx/CMakeFiles/STM32_Drivers.dir/__/__/Drivers/STM32G4xx_HAL_Driver/Src/stm32g4xx_hal_pcd.c.obj
LOAD cmake/stm32cubemx/CMakeFiles/STM32_Drivers.dir/__/__/Drivers/STM32G4xx_HAL_Driver/Src/stm32g4xx_hal_pcd_ex.c.obj
LOAD cmake/stm32cubemx/CMakeFiles/STM32_Drivers.dir/__/__/Drivers/STM32G4xx_HAL_Driver/Src/stm32g4xx_ll_usb.c.obj
LOAD cmake/stm32cubemx/CMakeFiles/STM32_Drivers.dir/__/__/Drivers/STM32G4xx_HAL_Driver/Src/stm32g4xx_hal.c.obj
LOAD cmake/stm32cubemx/CMakeFiles/STM32_Drivers.dir/__/__/Drivers/STM32G4xx_HAL_Driver/Src/stm32g4xx_hal_rcc.c.obj
LOAD cmake/stm32cubemx/CMakeFiles/STM32_Drivers.dir/__/__/Drivers/STM32G4xx_HAL_Driver/Src/stm32g4xx_hal_rcc_ex.c.obj
LOAD cmake/stm32cubemx/CMakeFiles/STM32_Drivers.dir/__/__/Drivers/STM32G4xx_HAL_Driver/Src/stm32g4xx_hal_flash.c.obj
LOAD cmake/stm32cubemx/CMakeFiles/STM32_Drivers.dir/__/__/Drivers/STM32G4xx_HAL_Driver/Src/stm32g4xx_hal_flash_ex.c.obj
LOAD cmake/stm32cubemx/CMakeFiles/STM32_Drivers.dir/__/__/Drivers/STM32G4xx_HAL_Driver/Src/stm32g4xx_hal_flash_ramfunc.c.obj
LOAD cmake/stm32cubemx/CMakeFiles/STM32_Drivers.dir/__/__/Drivers/STM32G4xx_HAL_Driver/Src/stm32g4xx_hal_gpio.c.obj
LOAD cmake/stm32cubemx/CMakeFiles/STM32_Drivers.dir/__/__/Drivers/STM32G4xx_HAL_Driver/Src/stm32g4xx_hal_exti.c.obj
LOAD cmake/stm32cubemx/CMakeFiles/STM32_Drivers.dir/__/__/Drivers/STM32G4xx_HAL_Driver/Src/stm32g4xx_hal_dma.c.obj
LOAD cmake/stm32cubemx/CMakeFiles/STM32_Drivers.dir/__/__/Drivers/STM32G4xx_HAL_Driver/Src/stm32g4xx_hal_dma_ex.c.obj
LOAD cmake/stm32cubemx/CMakeFiles/STM32_Drivers.dir/__/__/Drivers/STM32G4xx_HAL_Driver/Src/stm32g4xx_hal_pwr.c.obj
LOAD cmake/stm32cubemx/CMakeFiles/STM32_Drivers.dir/__/__/Drivers/STM32G4xx_HAL_Driver/Src/stm32g4xx_hal_pwr_ex.c.obj
LOAD cmake/stm32cubemx/CMakeFiles/STM32_Drivers.dir/__/__/Drivers/STM32G4xx_HAL_Driver/Src/stm32g4xx_hal_cortex.c.obj
LOAD cmake/stm32cubemx/CMakeFiles/STM32_Drivers.dir/__/__/Drivers/STM32G4xx_HAL_Driver/Src/stm32g4xx_hal_hrtim.c.obj
LOAD cmake/stm32cubemx/CMakeFiles/STM32_Drivers.dir/__/__/Drivers/STM32G4xx_HAL_Driver/Src/stm32g4xx_hal_i2c.c.obj
LOAD cmake/stm32cubemx/CMakeFiles/STM32_Drivers.dir/__/__/Drivers/STM32G4xx_HAL_Driver/Src/stm32g4xx_hal_i2c_ex.c.obj
LOAD cmake/stm32cubemx/CMakeFiles/STM32_Drivers.dir/__/__/Drivers/STM32G4xx_HAL_Driver/Src/stm32g4xx_hal_spi.c.obj
LOAD cmake/stm32cubemx/CMakeFiles/STM32_Drivers.dir/__/__/Drivers/STM32G4xx_HAL_Driver/Src/stm32g4xx_hal_spi_ex.c.obj
LOAD cmake/stm32cubemx/CMakeFiles/STM32_Drivers.dir/__/__/Drivers/STM32G4xx_HAL_Driver/Src/stm32g4xx_hal_uart.c.obj
LOAD cmake/stm32cubemx/CMakeFiles/STM32_Drivers.dir/__/__/Drivers/STM32G4xx_HAL_Driver/Src/stm32g4xx_hal_uart_ex.c.obj
LOAD cmake/stm32cubemx/CMakeFiles/USB_Device_Library.dir/__/__/Middlewares/ST/STM32_USB_Device_Library/Core/Src/usbd_core.c.obj
LOAD cmake/stm32cubemx/CMakeFiles/USB_Device_Library.dir/__/__/Middlewares/ST/STM32_USB_Device_Library/Core/Src/usbd_ctlreq.c.obj
LOAD cmake/stm32cubemx/CMakeFiles/USB_Device_Library.dir/__/__/Middlewares/ST/STM32_USB_Device_Library/Core/Src/usbd_ioreq.c.obj
LOAD cmake/stm32cubemx/CMakeFiles/USB_Device_Library.dir/__/__/Middlewares/ST/STM32_USB_Device_Library/Class/CDC/Src/usbd_cdc.c.obj
LOAD CMakeFiles/PulseDrive.dir/USB_Device/App/usb_device.c.obj
LOAD CMakeFiles/PulseDrive.dir/USB_Device/App/usbd_desc.c.obj
LOAD CMakeFiles/PulseDrive.dir/USB_Device/App/usbd_cdc_if.c.obj
LOAD CMakeFiles/PulseDrive.dir/USB_Device/Target/usbd_conf.c.obj
LOAD CMakeFiles/PulseDrive.dir/Core/Src/main.c.obj
LOAD CMakeFiles/PulseDrive.dir/Core/Src/gpio.c.obj
LOAD CMakeFiles/PulseDrive.dir/Core/Src/dma.c.obj
LOAD CMakeFiles/PulseDrive.dir/Core/Src/hrtim.c.obj
LOAD CMakeFiles/PulseDrive.dir/Core/Src/i2c.c.obj
LOAD CMakeFiles/PulseDrive.dir/Core/Src/spi.c.obj
LOAD CMakeFiles/PulseDrive.dir/Core/Src/usart.c.obj
LOAD CMakeFiles/PulseDrive.dir/Core/Src/stm32g4xx_it.c.obj
LOAD CMakeFiles/PulseDrive.dir/Core/Src/stm32g4xx_hal_msp.c.obj
LOAD CMakeFiles/PulseDrive.dir/Core/Src/sysmem.c.obj
LOAD CMakeFiles/PulseDrive.dir/Core/Src/syscalls.c.obj
LOAD CMakeFiles/PulseDrive.dir/startup_stm32g474xx.s.obj
LOAD C:/Users/33512/AppData/Local/stm32cube/bundles/gnu-tools-for-stm32/13.3.1+st.9/bin/../lib/gcc/arm-none-eabi/13.3.1/../../../../arm-none-eabi/lib/thumb/v7e-m+fp/hard\libm.a
LOAD C:/Users/33512/AppData/Local/stm32cube/bundles/gnu-tools-for-stm32/13.3.1+st.9/bin/../lib/gcc/arm-none-eabi/13.3.1/../../../../arm-none-eabi/lib/thumb/v7e-m+fp/hard\libm.a
LOAD C:/Users/33512/AppData/Local/stm32cube/bundles/gnu-tools-for-stm32/13.3.1+st.9/bin/../lib/gcc/arm-none-eabi/13.3.1/../../../../arm-none-eabi/lib/thumb/v7e-m+fp/hard\libc_nano.a
START GROUP
LOAD C:/Users/33512/AppData/Local/stm32cube/bundles/gnu-tools-for-stm32/13.3.1+st.9/bin/../lib/gcc/arm-none-eabi/13.3.1/thumb/v7e-m+fp/hard\libgcc.a
LOAD C:/Users/33512/AppData/Local/stm32cube/bundles/gnu-tools-for-stm32/13.3.1+st.9/bin/../lib/gcc/arm-none-eabi/13.3.1/../../../../arm-none-eabi/lib/thumb/v7e-m+fp/hard\libg_nano.a
LOAD C:/Users/33512/AppData/Local/stm32cube/bundles/gnu-tools-for-stm32/13.3.1+st.9/bin/../lib/gcc/arm-none-eabi/13.3.1/../../../../arm-none-eabi/lib/thumb/v7e-m+fp/hard\libc_nano.a
END GROUP
START GROUP
LOAD C:/Users/33512/AppData/Local/stm32cube/bundles/gnu-tools-for-stm32/13.3.1+st.9/bin/../lib/gcc/arm-none-eabi/13.3.1/thumb/v7e-m+fp/hard\libgcc.a
LOAD C:/Users/33512/AppData/Local/stm32cube/bundles/gnu-tools-for-stm32/13.3.1+st.9/bin/../lib/gcc/arm-none-eabi/13.3.1/../../../../arm-none-eabi/lib/thumb/v7e-m+fp/hard\libc_nano.a
END GROUP
LOAD C:/Users/33512/AppData/Local/stm32cube/bundles/gnu-tools-for-stm32/13.3.1+st.9/bin/../lib/gcc/arm-none-eabi/13.3.1/thumb/v7e-m+fp/hard/crtend.o
LOAD C:/Users/33512/AppData/Local/stm32cube/bundles/gnu-tools-for-stm32/13.3.1+st.9/bin/../lib/gcc/arm-none-eabi/13.3.1/thumb/v7e-m+fp/hard/crtn.o
                0x20020000                        _estack = (ORIGIN (RAM) + LENGTH (RAM))
                0x00000200                        _Min_Heap_Size = 0x200
                0x00000400                        _Min_Stack_Size = 0x400

.isr_vector     0x08000000      0x1d8
                0x08000000                        . = ALIGN (0x4)
 *(.isr_vector)
 .isr_vector    0x08000000      0x1d8 CMakeFiles/PulseDrive.dir/startup_stm32g474xx.s.obj
                0x08000000                g_pfnVectors
                0x080001d8                        . = ALIGN (0x4)

.text           0x080001e0     0xe9a0
                0x080001e0                        . = ALIGN (0x4)
 *(.text)
 .text          0x080001e0       0x40 C:/Users/33512/AppData/Local/stm32cube/bundles/gnu-tools-for-stm32/13.3.1+st.9/bin/../lib/gcc/arm-none-eabi/13.3.1/thumb/v7e-m+fp/hard/crtbegin.o
 .text          0x08000220       0xa0 C:/Users/33512/AppData/Local/stm32cube/bundles/gnu-tools-for-stm32/13.3.1+st.9/bin/../lib/gcc/arm-none-eabi/13.3.1/../../../../arm-none-eabi/lib/thumb/v7e-m+fp/hard\libc_nano.a(libc_a-memchr.o)
                0x08000220                memchr
 .text          0x080002c0       0x10 C:/Users/33512/AppData/Local/stm32cube/bundles/gnu-tools-for-stm32/13.3.1+st.9/bin/../lib/gcc/arm-none-eabi/13.3.1/../../../../arm-none-eabi/lib/thumb/v7e-m+fp/hard\libc_nano.a(libc_a-strlen.o)
                0x080002c0                strlen
 .text          0x080002d0      0x378 C:/Users/33512/AppData/Local/stm32cube/bundles/gnu-tools-for-stm32/13.3.1+st.9/bin/../lib/gcc/arm-none-eabi/13.3.1/thumb/v7e-m+fp/hard\libgcc.a(_arm_addsubdf3.o)
                0x080002d0                __aeabi_drsub
                0x080002d8                __aeabi_dsub
                0x080002d8                __subdf3
                0x080002dc                __aeabi_dadd
                0x080002dc                __adddf3
                0x08000554                __floatunsidf
                0x08000554                __aeabi_ui2d
                0x08000574                __floatsidf
                0x08000574                __aeabi_i2d
                0x08000598                __aeabi_f2d
                0x08000598                __extendsfdf2
                0x080005dc                __floatundidf
                0x080005dc                __aeabi_ul2d
                0x080005ec                __floatdidf
                0x080005ec                __aeabi_l2d
 .text          0x08000648      0x424 C:/Users/33512/AppData/Local/stm32cube/bundles/gnu-tools-for-stm32/13.3.1+st.9/bin/../lib/gcc/arm-none-eabi/13.3.1/thumb/v7e-m+fp/hard\libgcc.a(_arm_muldivdf3.o)
                0x08000648                __aeabi_dmul
                0x08000648                __muldf3
                0x0800089c                __divdf3
                0x0800089c                __aeabi_ddiv
 .text          0x08000a6c      0x110 C:/Users/33512/AppData/Local/stm32cube/bundles/gnu-tools-for-stm32/13.3.1+st.9/bin/../lib/gcc/arm-none-eabi/13.3.1/thumb/v7e-m+fp/hard\libgcc.a(_arm_cmpdf2.o)
                0x08000a6c                __gtdf2
                0x08000a6c                __gedf2
                0x08000a74                __ltdf2
                0x08000a74                __ledf2
                0x08000a7c                __nedf2
                0x08000a7c                __eqdf2
                0x08000a7c                __cmpdf2
                0x08000af8                __aeabi_cdrcmple
                0x08000b08                __aeabi_cdcmpeq
                0x08000b08                __aeabi_cdcmple
                0x08000b18                __aeabi_dcmpeq
                0x08000b2c                __aeabi_dcmplt
                0x08000b40                __aeabi_dcmple
                0x08000b54                __aeabi_dcmpge
                0x08000b68                __aeabi_dcmpgt
 .text          0x08000b7c       0x2c C:/Users/33512/AppData/Local/stm32cube/bundles/gnu-tools-for-stm32/13.3.1+st.9/bin/../lib/gcc/arm-none-eabi/13.3.1/thumb/v7e-m+fp/hard\libgcc.a(_arm_unorddf2.o)
                0x08000b7c                __unorddf2
                0x08000b7c                __aeabi_dcmpun
 .text          0x08000ba8       0x50 C:/Users/33512/AppData/Local/stm32cube/bundles/gnu-tools-for-stm32/13.3.1+st.9/bin/../lib/gcc/arm-none-eabi/13.3.1/thumb/v7e-m+fp/hard\libgcc.a(_arm_fixdfsi.o)
                0x08000ba8                __aeabi_d2iz
                0x08000ba8                __fixdfsi
 .text          0x08000bf8       0x30 C:/Users/33512/AppData/Local/stm32cube/bundles/gnu-tools-for-stm32/13.3.1+st.9/bin/../lib/gcc/arm-none-eabi/13.3.1/thumb/v7e-m+fp/hard\libgcc.a(_aeabi_uldivmod.o)
                0x08000bf8                __aeabi_uldivmod
 .text          0x08000c28      0x2f8 C:/Users/33512/AppData/Local/stm32cube/bundles/gnu-tools-for-stm32/13.3.1+st.9/bin/../lib/gcc/arm-none-eabi/13.3.1/thumb/v7e-m+fp/hard\libgcc.a(_udivmoddi4.o)
                0x08000c28                __udivmoddi4
 .text          0x08000f20        0x4 C:/Users/33512/AppData/Local/stm32cube/bundles/gnu-tools-for-stm32/13.3.1+st.9/bin/../lib/gcc/arm-none-eabi/13.3.1/thumb/v7e-m+fp/hard\libgcc.a(_dvmd_tls.o)
                0x08000f20                __aeabi_idiv0
                0x08000f20                __aeabi_ldiv0
 *(.text*)
 .text.SystemInit
                0x08000f24       0x24 cmake/stm32cubemx/CMakeFiles/STM32_Drivers.dir/__/__/Core/Src/system_stm32g4xx.c.obj
                0x08000f24                SystemInit
 .text.HAL_PCD_Init
                0x08000f48      0x19c cmake/stm32cubemx/CMakeFiles/STM32_Drivers.dir/__/__/Drivers/STM32G4xx_HAL_Driver/Src/stm32g4xx_hal_pcd.c.obj
                0x08000f48                HAL_PCD_Init
 .text.HAL_PCD_Start
                0x080010e4       0x44 cmake/stm32cubemx/CMakeFiles/STM32_Drivers.dir/__/__/Drivers/STM32G4xx_HAL_Driver/Src/stm32g4xx_hal_pcd.c.obj
                0x080010e4                HAL_PCD_Start
 .text.HAL_PCD_IRQHandler
                0x08001128      0x24e cmake/stm32cubemx/CMakeFiles/STM32_Drivers.dir/__/__/Drivers/STM32G4xx_HAL_Driver/Src/stm32g4xx_hal_pcd.c.obj
                0x08001128                HAL_PCD_IRQHandler
 .text.HAL_PCD_SetAddress
                0x08001376       0x48 cmake/stm32cubemx/CMakeFiles/STM32_Drivers.dir/__/__/Drivers/STM32G4xx_HAL_Driver/Src/stm32g4xx_hal_pcd.c.obj
                0x08001376                HAL_PCD_SetAddress
 .text.HAL_PCD_EP_Open
                0x080013be       0xbe cmake/stm32cubemx/CMakeFiles/STM32_Drivers.dir/__/__/Drivers/STM32G4xx_HAL_Driver/Src/stm32g4xx_hal_pcd.c.obj
                0x080013be                HAL_PCD_EP_Open
 .text.HAL_PCD_EP_Close
                0x0800147c       0x90 cmake/stm32cubemx/CMakeFiles/STM32_Drivers.dir/__/__/Drivers/STM32G4xx_HAL_Driver/Src/stm32g4xx_hal_pcd.c.obj
                0x0800147c                HAL_PCD_EP_Close
 .text.HAL_PCD_EP_Receive
                0x0800150c       0x62 cmake/stm32cubemx/CMakeFiles/STM32_Drivers.dir/__/__/Drivers/STM32G4xx_HAL_Driver/Src/stm32g4xx_hal_pcd.c.obj
                0x0800150c                HAL_PCD_EP_Receive
 .text.HAL_PCD_EP_GetRxCount
                0x0800156e       0x30 cmake/stm32cubemx/CMakeFiles/STM32_Drivers.dir/__/__/Drivers/STM32G4xx_HAL_Driver/Src/stm32g4xx_hal_pcd.c.obj
                0x0800156e                HAL_PCD_EP_GetRxCount
 .text.HAL_PCD_EP_Transmit
                0x0800159e       0x6e cmake/stm32cubemx/CMakeFiles/STM32_Drivers.dir/__/__/Drivers/STM32G4xx_HAL_Driver/Src/stm32g4xx_hal_pcd.c.obj
                0x0800159e                HAL_PCD_EP_Transmit
 .text.HAL_PCD_EP_SetStall
                0x0800160c       0xa4 cmake/stm32cubemx/CMakeFiles/STM32_Drivers.dir/__/__/Drivers/STM32G4xx_HAL_Driver/Src/stm32g4xx_hal_pcd.c.obj
                0x0800160c                HAL_PCD_EP_SetStall
 .text.HAL_PCD_EP_ClrStall
                0x080016b0       0xa8 cmake/stm32cubemx/CMakeFiles/STM32_Drivers.dir/__/__/Drivers/STM32G4xx_HAL_Driver/Src/stm32g4xx_hal_pcd.c.obj
                0x080016b0                HAL_PCD_EP_ClrStall
 .text.PCD_EP_ISR_Handler
                0x08001758      0x68e cmake/stm32cubemx/CMakeFiles/STM32_Drivers.dir/__/__/Drivers/STM32G4xx_HAL_Driver/Src/stm32g4xx_hal_pcd.c.obj
 .text.HAL_PCD_EP_DB_Receive
                0x08001de6      0x212 cmake/stm32cubemx/CMakeFiles/STM32_Drivers.dir/__/__/Drivers/STM32G4xx_HAL_Driver/Src/stm32g4xx_hal_pcd.c.obj
 .text.HAL_PCD_EP_DB_Transmit
                0x08001ff8      0x878 cmake/stm32cubemx/CMakeFiles/STM32_Drivers.dir/__/__/Drivers/STM32G4xx_HAL_Driver/Src/stm32g4xx_hal_pcd.c.obj
 .text.HAL_PCDEx_PMAConfig
                0x08002870       0x86 cmake/stm32cubemx/CMakeFiles/STM32_Drivers.dir/__/__/Drivers/STM32G4xx_HAL_Driver/Src/stm32g4xx_hal_pcd_ex.c.obj
                0x08002870                HAL_PCDEx_PMAConfig
 .text.HAL_PCDEx_ActivateLPM
                0x080028f6       0x54 cmake/stm32cubemx/CMakeFiles/STM32_Drivers.dir/__/__/Drivers/STM32G4xx_HAL_Driver/Src/stm32g4xx_hal_pcd_ex.c.obj
                0x080028f6                HAL_PCDEx_ActivateLPM
 .text.USB_EnableGlobalInt
                0x0800294a       0x2e cmake/stm32cubemx/CMakeFiles/STM32_Drivers.dir/__/__/Drivers/STM32G4xx_HAL_Driver/Src/stm32g4xx_ll_usb.c.obj
                0x0800294a                USB_EnableGlobalInt
 .text.USB_DisableGlobalInt
                0x08002978       0x36 cmake/stm32cubemx/CMakeFiles/STM32_Drivers.dir/__/__/Drivers/STM32G4xx_HAL_Driver/Src/stm32g4xx_ll_usb.c.obj
                0x08002978                USB_DisableGlobalInt
 .text.USB_DevInit
                0x080029ae       0x3c cmake/stm32cubemx/CMakeFiles/STM32_Drivers.dir/__/__/Drivers/STM32G4xx_HAL_Driver/Src/stm32g4xx_ll_usb.c.obj
                0x080029ae                USB_DevInit
 *fill*         0x080029ea        0x2 
 .text.USB_ActivateEndpoint
                0x080029ec      0x9d0 cmake/stm32cubemx/CMakeFiles/STM32_Drivers.dir/__/__/Drivers/STM32G4xx_HAL_Driver/Src/stm32g4xx_ll_usb.c.obj
                0x080029ec                USB_ActivateEndpoint
 .text.USB_DeactivateEndpoint
                0x080033bc      0x3da cmake/stm32cubemx/CMakeFiles/STM32_Drivers.dir/__/__/Drivers/STM32G4xx_HAL_Driver/Src/stm32g4xx_ll_usb.c.obj
                0x080033bc                USB_DeactivateEndpoint
 .text.USB_EPStartXfer
                0x08003796      0xb5e cmake/stm32cubemx/CMakeFiles/STM32_Drivers.dir/__/__/Drivers/STM32G4xx_HAL_Driver/Src/stm32g4xx_ll_usb.c.obj
                0x08003796                USB_EPStartXfer
 .text.USB_EPSetStall
                0x080042f4       0xa2 cmake/stm32cubemx/CMakeFiles/STM32_Drivers.dir/__/__/Drivers/STM32G4xx_HAL_Driver/Src/stm32g4xx_ll_usb.c.obj
                0x080042f4                USB_EPSetStall
 .text.USB_EPClearStall
                0x08004396      0x152 cmake/stm32cubemx/CMakeFiles/STM32_Drivers.dir/__/__/Drivers/STM32G4xx_HAL_Driver/Src/stm32g4xx_ll_usb.c.obj
                0x08004396                USB_EPClearStall
 .text.USB_SetDevAddress
                0x080044e8       0x28 cmake/stm32cubemx/CMakeFiles/STM32_Drivers.dir/__/__/Drivers/STM32G4xx_HAL_Driver/Src/stm32g4xx_ll_usb.c.obj
                0x080044e8                USB_SetDevAddress
 .text.USB_DevConnect
                0x08004510       0x2e cmake/stm32cubemx/CMakeFiles/STM32_Drivers.dir/__/__/Drivers/STM32G4xx_HAL_Driver/Src/stm32g4xx_ll_usb.c.obj
                0x08004510                USB_DevConnect
 .text.USB_ReadInterrupts
                0x0800453e       0x20 cmake/stm32cubemx/CMakeFiles/STM32_Drivers.dir/__/__/Drivers/STM32G4xx_HAL_Driver/Src/stm32g4xx_ll_usb.c.obj
                0x0800453e                USB_ReadInterrupts
 .text.USB_WritePMA
                0x0800455e       0x86 cmake/stm32cubemx/CMakeFiles/STM32_Drivers.dir/__/__/Drivers/STM32G4xx_HAL_Driver/Src/stm32g4xx_ll_usb.c.obj
                0x0800455e                USB_WritePMA
 .text.USB_ReadPMA
                0x080045e4       0x98 cmake/stm32cubemx/CMakeFiles/STM32_Drivers.dir/__/__/Drivers/STM32G4xx_HAL_Driver/Src/stm32g4xx_ll_usb.c.obj
                0x080045e4                USB_ReadPMA
 .text.HAL_Init
                0x0800467c       0x30 cmake/stm32cubemx/CMakeFiles/STM32_Drivers.dir/__/__/Drivers/STM32G4xx_HAL_Driver/Src/stm32g4xx_hal.c.obj
                0x0800467c                HAL_Init
 .text.HAL_InitTick
                0x080046ac       0x74 cmake/stm32cubemx/CMakeFiles/STM32_Drivers.dir/__/__/Drivers/STM32G4xx_HAL_Driver/Src/stm32g4xx_hal.c.obj
                0x080046ac                HAL_InitTick
 .text.HAL_IncTick
                0x08004720       0x24 cmake/stm32cubemx/CMakeFiles/STM32_Drivers.dir/__/__/Drivers/STM32G4xx_HAL_Driver/Src/stm32g4xx_hal.c.obj
                0x08004720                HAL_IncTick
 .text.HAL_GetTick
                0x08004744       0x18 cmake/stm32cubemx/CMakeFiles/STM32_Drivers.dir/__/__/Drivers/STM32G4xx_HAL_Driver/Src/stm32g4xx_hal.c.obj
                0x08004744                HAL_GetTick
 .text.HAL_RCC_OscConfig
                0x0800475c      0x624 cmake/stm32cubemx/CMakeFiles/STM32_Drivers.dir/__/__/Drivers/STM32G4xx_HAL_Driver/Src/stm32g4xx_hal_rcc.c.obj
                0x0800475c                HAL_RCC_OscConfig
 .text.HAL_RCC_ClockConfig
                0x08004d80      0x278 cmake/stm32cubemx/CMakeFiles/STM32_Drivers.dir/__/__/Drivers/STM32G4xx_HAL_Driver/Src/stm32g4xx_hal_rcc.c.obj
                0x08004d80                HAL_RCC_ClockConfig
 .text.HAL_RCC_GetSysClockFreq
                0x08004ff8       0xc4 cmake/stm32cubemx/CMakeFiles/STM32_Drivers.dir/__/__/Drivers/STM32G4xx_HAL_Driver/Src/stm32g4xx_hal_rcc.c.obj
                0x08004ff8                HAL_RCC_GetSysClockFreq
 .text.HAL_RCC_GetHCLKFreq
                0x080050bc       0x18 cmake/stm32cubemx/CMakeFiles/STM32_Drivers.dir/__/__/Drivers/STM32G4xx_HAL_Driver/Src/stm32g4xx_hal_rcc.c.obj
                0x080050bc                HAL_RCC_GetHCLKFreq
 .text.HAL_RCC_GetPCLK1Freq
                0x080050d4       0x2c cmake/stm32cubemx/CMakeFiles/STM32_Drivers.dir/__/__/Drivers/STM32G4xx_HAL_Driver/Src/stm32g4xx_hal_rcc.c.obj
                0x080050d4                HAL_RCC_GetPCLK1Freq
 .text.HAL_RCC_GetPCLK2Freq
                0x08005100       0x2c cmake/stm32cubemx/CMakeFiles/STM32_Drivers.dir/__/__/Drivers/STM32G4xx_HAL_Driver/Src/stm32g4xx_hal_rcc.c.obj
                0x08005100                HAL_RCC_GetPCLK2Freq
 .text.RCC_GetSysClockFreqFromPLLSource
                0x0800512c       0x8c cmake/stm32cubemx/CMakeFiles/STM32_Drivers.dir/__/__/Drivers/STM32G4xx_HAL_Driver/Src/stm32g4xx_hal_rcc.c.obj
 .text.HAL_RCCEx_PeriphCLKConfig
                0x080051b8      0x49c cmake/stm32cubemx/CMakeFiles/STM32_Drivers.dir/__/__/Drivers/STM32G4xx_HAL_Driver/Src/stm32g4xx_hal_rcc_ex.c.obj
                0x080051b8                HAL_RCCEx_PeriphCLKConfig
 .text.HAL_GPIO_Init
                0x08005654      0x304 cmake/stm32cubemx/CMakeFiles/STM32_Drivers.dir/__/__/Drivers/STM32G4xx_HAL_Driver/Src/stm32g4xx_hal_gpio.c.obj
                0x08005654                HAL_GPIO_Init
 .text.HAL_GPIO_WritePin
                0x08005958       0x30 cmake/stm32cubemx/CMakeFiles/STM32_Drivers.dir/__/__/Drivers/STM32G4xx_HAL_Driver/Src/stm32g4xx_hal_gpio.c.obj
                0x08005958                HAL_GPIO_WritePin
 .text.HAL_DMA_Init
                0x08005988      0x150 cmake/stm32cubemx/CMakeFiles/STM32_Drivers.dir/__/__/Drivers/STM32G4xx_HAL_Driver/Src/stm32g4xx_hal_dma.c.obj
                0x08005988                HAL_DMA_Init
 .text.HAL_DMA_Abort
                0x08005ad8       0xb2 cmake/stm32cubemx/CMakeFiles/STM32_Drivers.dir/__/__/Drivers/STM32G4xx_HAL_Driver/Src/stm32g4xx_hal_dma.c.obj
                0x08005ad8                HAL_DMA_Abort
 .text.HAL_DMA_Abort_IT
                0x08005b8a       0xce cmake/stm32cubemx/CMakeFiles/STM32_Drivers.dir/__/__/Drivers/STM32G4xx_HAL_Driver/Src/stm32g4xx_hal_dma.c.obj
                0x08005b8a                HAL_DMA_Abort_IT
 .text.HAL_DMA_IRQHandler
                0x08005c58      0x15e cmake/stm32cubemx/CMakeFiles/STM32_Drivers.dir/__/__/Drivers/STM32G4xx_HAL_Driver/Src/stm32g4xx_hal_dma.c.obj
                0x08005c58                HAL_DMA_IRQHandler
 *fill*         0x08005db6        0x2 
 .text.DMA_CalcDMAMUXChannelBaseAndMask
                0x08005db8       0x7c cmake/stm32cubemx/CMakeFiles/STM32_Drivers.dir/__/__/Drivers/STM32G4xx_HAL_Driver/Src/stm32g4xx_hal_dma.c.obj
 .text.DMA_CalcDMAMUXRequestGenBaseAndMask
                0x08005e34       0x48 cmake/stm32cubemx/CMakeFiles/STM32_Drivers.dir/__/__/Drivers/STM32G4xx_HAL_Driver/Src/stm32g4xx_hal_dma.c.obj
 .text.HAL_PWREx_ControlVoltageScaling
                0x08005e7c      0x148 cmake/stm32cubemx/CMakeFiles/STM32_Drivers.dir/__/__/Drivers/STM32G4xx_HAL_Driver/Src/stm32g4xx_hal_pwr_ex.c.obj
                0x08005e7c                HAL_PWREx_ControlVoltageScaling
 .text.HAL_PWREx_DisableUCPDDeadBattery
                0x08005fc4       0x20 cmake/stm32cubemx/CMakeFiles/STM32_Drivers.dir/__/__/Drivers/STM32G4xx_HAL_Driver/Src/stm32g4xx_hal_pwr_ex.c.obj
                0x08005fc4                HAL_PWREx_DisableUCPDDeadBattery
 .text.__NVIC_SetPriorityGrouping
                0x08005fe4       0x48 cmake/stm32cubemx/CMakeFiles/STM32_Drivers.dir/__/__/Drivers/STM32G4xx_HAL_Driver/Src/stm32g4xx_hal_cortex.c.obj
 .text.__NVIC_GetPriorityGrouping
                0x0800602c       0x1c cmake/stm32cubemx/CMakeFiles/STM32_Drivers.dir/__/__/Drivers/STM32G4xx_HAL_Driver/Src/stm32g4xx_hal_cortex.c.obj
 .text.__NVIC_EnableIRQ
                0x08006048       0x3c cmake/stm32cubemx/CMakeFiles/STM32_Drivers.dir/__/__/Drivers/STM32G4xx_HAL_Driver/Src/stm32g4xx_hal_cortex.c.obj
 .text.__NVIC_SetPriority
                0x08006084       0x54 cmake/stm32cubemx/CMakeFiles/STM32_Drivers.dir/__/__/Drivers/STM32G4xx_HAL_Driver/Src/stm32g4xx_hal_cortex.c.obj
 .text.NVIC_EncodePriority
                0x080060d8       0x66 cmake/stm32cubemx/CMakeFiles/STM32_Drivers.dir/__/__/Drivers/STM32G4xx_HAL_Driver/Src/stm32g4xx_hal_cortex.c.obj
 *fill*         0x0800613e        0x2 
 .text.SysTick_Config
                0x08006140       0x44 cmake/stm32cubemx/CMakeFiles/STM32_Drivers.dir/__/__/Drivers/STM32G4xx_HAL_Driver/Src/stm32g4xx_hal_cortex.c.obj
 .text.HAL_NVIC_SetPriorityGrouping
                0x08006184       0x16 cmake/stm32cubemx/CMakeFiles/STM32_Drivers.dir/__/__/Drivers/STM32G4xx_HAL_Driver/Src/stm32g4xx_hal_cortex.c.obj
                0x08006184                HAL_NVIC_SetPriorityGrouping
 .text.HAL_NVIC_SetPriority
                0x0800619a       0x34 cmake/stm32cubemx/CMakeFiles/STM32_Drivers.dir/__/__/Drivers/STM32G4xx_HAL_Driver/Src/stm32g4xx_hal_cortex.c.obj
                0x0800619a                HAL_NVIC_SetPriority
 .text.HAL_NVIC_EnableIRQ
                0x080061ce       0x1c cmake/stm32cubemx/CMakeFiles/STM32_Drivers.dir/__/__/Drivers/STM32G4xx_HAL_Driver/Src/stm32g4xx_hal_cortex.c.obj
                0x080061ce                HAL_NVIC_EnableIRQ
 .text.HAL_SYSTICK_Config
                0x080061ea       0x18 cmake/stm32cubemx/CMakeFiles/STM32_Drivers.dir/__/__/Drivers/STM32G4xx_HAL_Driver/Src/stm32g4xx_hal_cortex.c.obj
                0x080061ea                HAL_SYSTICK_Config
 *fill*         0x08006202        0x2 
 .text.HAL_HRTIM_Init
                0x08006204      0x1a0 cmake/stm32cubemx/CMakeFiles/STM32_Drivers.dir/__/__/Drivers/STM32G4xx_HAL_Driver/Src/stm32g4xx_hal_hrtim.c.obj
                0x08006204                HAL_HRTIM_Init
 .text.HAL_HRTIM_TimeBaseConfig
                0x080063a4       0x50 cmake/stm32cubemx/CMakeFiles/STM32_Drivers.dir/__/__/Drivers/STM32G4xx_HAL_Driver/Src/stm32g4xx_hal_hrtim.c.obj
                0x080063a4                HAL_HRTIM_TimeBaseConfig
 .text.HAL_HRTIM_WaveformTimerConfig
                0x080063f4      0x11a cmake/stm32cubemx/CMakeFiles/STM32_Drivers.dir/__/__/Drivers/STM32G4xx_HAL_Driver/Src/stm32g4xx_hal_hrtim.c.obj
                0x080063f4                HAL_HRTIM_WaveformTimerConfig
 *fill*         0x0800650e        0x2 
 .text.HAL_HRTIM_WaveformCompareConfig
                0x08006510      0x2dc cmake/stm32cubemx/CMakeFiles/STM32_Drivers.dir/__/__/Drivers/STM32G4xx_HAL_Driver/Src/stm32g4xx_hal_hrtim.c.obj
                0x08006510                HAL_HRTIM_WaveformCompareConfig
 .text.HAL_HRTIM_IRQHandler
                0x080067ec       0x36 cmake/stm32cubemx/CMakeFiles/STM32_Drivers.dir/__/__/Drivers/STM32G4xx_HAL_Driver/Src/stm32g4xx_hal_hrtim.c.obj
                0x080067ec                HAL_HRTIM_IRQHandler
 .text.HAL_HRTIM_Fault1Callback
                0x08006822       0x14 cmake/stm32cubemx/CMakeFiles/STM32_Drivers.dir/__/__/Drivers/STM32G4xx_HAL_Driver/Src/stm32g4xx_hal_hrtim.c.obj
                0x08006822                HAL_HRTIM_Fault1Callback
 .text.HAL_HRTIM_Fault2Callback
                0x08006836       0x14 cmake/stm32cubemx/CMakeFiles/STM32_Drivers.dir/__/__/Drivers/STM32G4xx_HAL_Driver/Src/stm32g4xx_hal_hrtim.c.obj
                0x08006836                HAL_HRTIM_Fault2Callback
 .text.HAL_HRTIM_Fault3Callback
                0x0800684a       0x14 cmake/stm32cubemx/CMakeFiles/STM32_Drivers.dir/__/__/Drivers/STM32G4xx_HAL_Driver/Src/stm32g4xx_hal_hrtim.c.obj
                0x0800684a                HAL_HRTIM_Fault3Callback
 .text.HAL_HRTIM_Fault4Callback
                0x0800685e       0x14 cmake/stm32cubemx/CMakeFiles/STM32_Drivers.dir/__/__/Drivers/STM32G4xx_HAL_Driver/Src/stm32g4xx_hal_hrtim.c.obj
                0x0800685e                HAL_HRTIM_Fault4Callback
 .text.HAL_HRTIM_Fault5Callback
                0x08006872       0x14 cmake/stm32cubemx/CMakeFiles/STM32_Drivers.dir/__/__/Drivers/STM32G4xx_HAL_Driver/Src/stm32g4xx_hal_hrtim.c.obj
                0x08006872                HAL_HRTIM_Fault5Callback
 .text.HAL_HRTIM_Fault6Callback
                0x08006886       0x14 cmake/stm32cubemx/CMakeFiles/STM32_Drivers.dir/__/__/Drivers/STM32G4xx_HAL_Driver/Src/stm32g4xx_hal_hrtim.c.obj
                0x08006886                HAL_HRTIM_Fault6Callback
 .text.HAL_HRTIM_SystemFaultCallback
                0x0800689a       0x14 cmake/stm32cubemx/CMakeFiles/STM32_Drivers.dir/__/__/Drivers/STM32G4xx_HAL_Driver/Src/stm32g4xx_hal_hrtim.c.obj
                0x0800689a                HAL_HRTIM_SystemFaultCallback
 .text.HAL_HRTIM_DLLCalibrationReadyCallback
                0x080068ae       0x14 cmake/stm32cubemx/CMakeFiles/STM32_Drivers.dir/__/__/Drivers/STM32G4xx_HAL_Driver/Src/stm32g4xx_hal_hrtim.c.obj
                0x080068ae                HAL_HRTIM_DLLCalibrationReadyCallback
 .text.HAL_HRTIM_BurstModePeriodCallback
                0x080068c2       0x14 cmake/stm32cubemx/CMakeFiles/STM32_Drivers.dir/__/__/Drivers/STM32G4xx_HAL_Driver/Src/stm32g4xx_hal_hrtim.c.obj
                0x080068c2                HAL_HRTIM_BurstModePeriodCallback
 .text.HAL_HRTIM_SynchronizationEventCallback
                0x080068d6       0x14 cmake/stm32cubemx/CMakeFiles/STM32_Drivers.dir/__/__/Drivers/STM32G4xx_HAL_Driver/Src/stm32g4xx_hal_hrtim.c.obj
                0x080068d6                HAL_HRTIM_SynchronizationEventCallback
 .text.HAL_HRTIM_RegistersUpdateCallback
                0x080068ea       0x16 cmake/stm32cubemx/CMakeFiles/STM32_Drivers.dir/__/__/Drivers/STM32G4xx_HAL_Driver/Src/stm32g4xx_hal_hrtim.c.obj
                0x080068ea                HAL_HRTIM_RegistersUpdateCallback
 .text.HAL_HRTIM_RepetitionEventCallback
                0x08006900       0x16 cmake/stm32cubemx/CMakeFiles/STM32_Drivers.dir/__/__/Drivers/STM32G4xx_HAL_Driver/Src/stm32g4xx_hal_hrtim.c.obj
                0x08006900                HAL_HRTIM_RepetitionEventCallback
 .text.HAL_HRTIM_Compare1EventCallback
                0x08006916       0x16 cmake/stm32cubemx/CMakeFiles/STM32_Drivers.dir/__/__/Drivers/STM32G4xx_HAL_Driver/Src/stm32g4xx_hal_hrtim.c.obj
                0x08006916                HAL_HRTIM_Compare1EventCallback
 .text.HAL_HRTIM_Compare2EventCallback
                0x0800692c       0x16 cmake/stm32cubemx/CMakeFiles/STM32_Drivers.dir/__/__/Drivers/STM32G4xx_HAL_Driver/Src/stm32g4xx_hal_hrtim.c.obj
                0x0800692c                HAL_HRTIM_Compare2EventCallback
 .text.HAL_HRTIM_Compare3EventCallback
                0x08006942       0x16 cmake/stm32cubemx/CMakeFiles/STM32_Drivers.dir/__/__/Drivers/STM32G4xx_HAL_Driver/Src/stm32g4xx_hal_hrtim.c.obj
                0x08006942                HAL_HRTIM_Compare3EventCallback
 .text.HAL_HRTIM_Compare4EventCallback
                0x08006958       0x16 cmake/stm32cubemx/CMakeFiles/STM32_Drivers.dir/__/__/Drivers/STM32G4xx_HAL_Driver/Src/stm32g4xx_hal_hrtim.c.obj
                0x08006958                HAL_HRTIM_Compare4EventCallback
 .text.HAL_HRTIM_Capture1EventCallback
                0x0800696e       0x16 cmake/stm32cubemx/CMakeFiles/STM32_Drivers.dir/__/__/Drivers/STM32G4xx_HAL_Driver/Src/stm32g4xx_hal_hrtim.c.obj
                0x0800696e                HAL_HRTIM_Capture1EventCallback
 .text.HAL_HRTIM_Capture2EventCallback
                0x08006984       0x16 cmake/stm32cubemx/CMakeFiles/STM32_Drivers.dir/__/__/Drivers/STM32G4xx_HAL_Driver/Src/stm32g4xx_hal_hrtim.c.obj
                0x08006984                HAL_HRTIM_Capture2EventCallback
 .text.HAL_HRTIM_DelayedProtectionCallback
                0x0800699a       0x16 cmake/stm32cubemx/CMakeFiles/STM32_Drivers.dir/__/__/Drivers/STM32G4xx_HAL_Driver/Src/stm32g4xx_hal_hrtim.c.obj
                0x0800699a                HAL_HRTIM_DelayedProtectionCallback
 .text.HAL_HRTIM_CounterResetCallback
                0x080069b0       0x16 cmake/stm32cubemx/CMakeFiles/STM32_Drivers.dir/__/__/Drivers/STM32G4xx_HAL_Driver/Src/stm32g4xx_hal_hrtim.c.obj
                0x080069b0                HAL_HRTIM_CounterResetCallback
 .text.HAL_HRTIM_Output1SetCallback
                0x080069c6       0x16 cmake/stm32cubemx/CMakeFiles/STM32_Drivers.dir/__/__/Drivers/STM32G4xx_HAL_Driver/Src/stm32g4xx_hal_hrtim.c.obj
                0x080069c6                HAL_HRTIM_Output1SetCallback
 .text.HAL_HRTIM_Output1ResetCallback
                0x080069dc       0x16 cmake/stm32cubemx/CMakeFiles/STM32_Drivers.dir/__/__/Drivers/STM32G4xx_HAL_Driver/Src/stm32g4xx_hal_hrtim.c.obj
                0x080069dc                HAL_HRTIM_Output1ResetCallback
 .text.HAL_HRTIM_Output2SetCallback
                0x080069f2       0x16 cmake/stm32cubemx/CMakeFiles/STM32_Drivers.dir/__/__/Drivers/STM32G4xx_HAL_Driver/Src/stm32g4xx_hal_hrtim.c.obj
                0x080069f2                HAL_HRTIM_Output2SetCallback
 .text.HAL_HRTIM_Output2ResetCallback
                0x08006a08       0x16 cmake/stm32cubemx/CMakeFiles/STM32_Drivers.dir/__/__/Drivers/STM32G4xx_HAL_Driver/Src/stm32g4xx_hal_hrtim.c.obj
                0x08006a08                HAL_HRTIM_Output2ResetCallback
 .text.HRTIM_MasterBase_Config
                0x08006a1e       0x5e cmake/stm32cubemx/CMakeFiles/STM32_Drivers.dir/__/__/Drivers/STM32G4xx_HAL_Driver/Src/stm32g4xx_hal_hrtim.c.obj
 .text.HRTIM_TimingUnitBase_Config
                0x08006a7c       0x80 cmake/stm32cubemx/CMakeFiles/STM32_Drivers.dir/__/__/Drivers/STM32G4xx_HAL_Driver/Src/stm32g4xx_hal_hrtim.c.obj
 .text.HRTIM_MasterWaveform_Config
                0x08006afc      0x13a cmake/stm32cubemx/CMakeFiles/STM32_Drivers.dir/__/__/Drivers/STM32G4xx_HAL_Driver/Src/stm32g4xx_hal_hrtim.c.obj
 *fill*         0x08006c36        0x2 
 .text.HRTIM_TimingUnitWaveform_Config
                0x08006c38      0x30c cmake/stm32cubemx/CMakeFiles/STM32_Drivers.dir/__/__/Drivers/STM32G4xx_HAL_Driver/Src/stm32g4xx_hal_hrtim.c.obj
 .text.HRTIM_ForceRegistersUpdate
                0x08006f44       0xdc cmake/stm32cubemx/CMakeFiles/STM32_Drivers.dir/__/__/Drivers/STM32G4xx_HAL_Driver/Src/stm32g4xx_hal_hrtim.c.obj
 .text.HRTIM_HRTIM_ISR
                0x08007020      0x120 cmake/stm32cubemx/CMakeFiles/STM32_Drivers.dir/__/__/Drivers/STM32G4xx_HAL_Driver/Src/stm32g4xx_hal_hrtim.c.obj
 .text.HRTIM_Master_ISR
                0x08007140      0x18a cmake/stm32cubemx/CMakeFiles/STM32_Drivers.dir/__/__/Drivers/STM32G4xx_HAL_Driver/Src/stm32g4xx_hal_hrtim.c.obj
 .text.HRTIM_Timer_ISR
                0x080072ca      0x2aa cmake/stm32cubemx/CMakeFiles/STM32_Drivers.dir/__/__/Drivers/STM32G4xx_HAL_Driver/Src/stm32g4xx_hal_hrtim.c.obj
 .text.HAL_I2C_Init
                0x08007574      0x136 cmake/stm32cubemx/CMakeFiles/STM32_Drivers.dir/__/__/Drivers/STM32G4xx_HAL_Driver/Src/stm32g4xx_hal_i2c.c.obj
                0x08007574                HAL_I2C_Init
 .text.HAL_I2C_EV_IRQHandler
                0x080076aa       0x34 cmake/stm32cubemx/CMakeFiles/STM32_Drivers.dir/__/__/Drivers/STM32G4xx_HAL_Driver/Src/stm32g4xx_hal_i2c.c.obj
                0x080076aa                HAL_I2C_EV_IRQHandler
 .text.HAL_I2CEx_ConfigAnalogFilter
                0x080076de       0x96 cmake/stm32cubemx/CMakeFiles/STM32_Drivers.dir/__/__/Drivers/STM32G4xx_HAL_Driver/Src/stm32g4xx_hal_i2c_ex.c.obj
                0x080076de                HAL_I2CEx_ConfigAnalogFilter
 .text.HAL_I2CEx_ConfigDigitalFilter
                0x08007774       0x98 cmake/stm32cubemx/CMakeFiles/STM32_Drivers.dir/__/__/Drivers/STM32G4xx_HAL_Driver/Src/stm32g4xx_hal_i2c_ex.c.obj
                0x08007774                HAL_I2CEx_ConfigDigitalFilter
 .text.HAL_SPI_Init
                0x0800780c      0x156 cmake/stm32cubemx/CMakeFiles/STM32_Drivers.dir/__/__/Drivers/STM32G4xx_HAL_Driver/Src/stm32g4xx_hal_spi.c.obj
                0x0800780c                HAL_SPI_Init
 .text.HAL_UART_Init
                0x08007962       0xa0 cmake/stm32cubemx/CMakeFiles/STM32_Drivers.dir/__/__/Drivers/STM32G4xx_HAL_Driver/Src/stm32g4xx_hal_uart.c.obj
                0x08007962                HAL_UART_Init
 .text.HAL_UART_Transmit
                0x08007a02      0x11c cmake/stm32cubemx/CMakeFiles/STM32_Drivers.dir/__/__/Drivers/STM32G4xx_HAL_Driver/Src/stm32g4xx_hal_uart.c.obj
                0x08007a02                HAL_UART_Transmit
 *fill*         0x08007b1e        0x2 
 .text.HAL_UART_IRQHandler
                0x08007b20      0x684 cmake/stm32cubemx/CMakeFiles/STM32_Drivers.dir/__/__/Drivers/STM32G4xx_HAL_Driver/Src/stm32g4xx_hal_uart.c.obj
                0x08007b20                HAL_UART_IRQHandler
 .text.HAL_UART_TxCpltCallback
                0x080081a4       0x14 cmake/stm32cubemx/CMakeFiles/STM32_Drivers.dir/__/__/Drivers/STM32G4xx_HAL_Driver/Src/stm32g4xx_hal_uart.c.obj
                0x080081a4                HAL_UART_TxCpltCallback
 .text.HAL_UART_ErrorCallback
                0x080081b8       0x14 cmake/stm32cubemx/CMakeFiles/STM32_Drivers.dir/__/__/Drivers/STM32G4xx_HAL_Driver/Src/stm32g4xx_hal_uart.c.obj
                0x080081b8                HAL_UART_ErrorCallback
 .text.HAL_UARTEx_RxEventCallback
                0x080081cc       0x18 cmake/stm32cubemx/CMakeFiles/STM32_Drivers.dir/__/__/Drivers/STM32G4xx_HAL_Driver/Src/stm32g4xx_hal_uart.c.obj
                0x080081cc                HAL_UARTEx_RxEventCallback
 .text.UART_SetConfig
                0x080081e4      0x5f8 cmake/stm32cubemx/CMakeFiles/STM32_Drivers.dir/__/__/Drivers/STM32G4xx_HAL_Driver/Src/stm32g4xx_hal_uart.c.obj
                0x080081e4                UART_SetConfig
 .text.UART_AdvFeatureConfig
                0x080087dc      0x144 cmake/stm32cubemx/CMakeFiles/STM32_Drivers.dir/__/__/Drivers/STM32G4xx_HAL_Driver/Src/stm32g4xx_hal_uart.c.obj
                0x080087dc                UART_AdvFeatureConfig
 .text.UART_CheckIdleState
                0x08008920      0x154 cmake/stm32cubemx/CMakeFiles/STM32_Drivers.dir/__/__/Drivers/STM32G4xx_HAL_Driver/Src/stm32g4xx_hal_uart.c.obj
                0x08008920                UART_CheckIdleState
 .text.UART_WaitOnFlagUntilTimeout
                0x08008a74       0xda cmake/stm32cubemx/CMakeFiles/STM32_Drivers.dir/__/__/Drivers/STM32G4xx_HAL_Driver/Src/stm32g4xx_hal_uart.c.obj
                0x08008a74                UART_WaitOnFlagUntilTimeout
 .text.UART_EndRxTransfer
                0x08008b4e       0xcc cmake/stm32cubemx/CMakeFiles/STM32_Drivers.dir/__/__/Drivers/STM32G4xx_HAL_Driver/Src/stm32g4xx_hal_uart.c.obj
 .text.UART_DMAAbortOnError
                0x08008c1a       0x24 cmake/stm32cubemx/CMakeFiles/STM32_Drivers.dir/__/__/Drivers/STM32G4xx_HAL_Driver/Src/stm32g4xx_hal_uart.c.obj
 .text.UART_EndTransmit_IT
                0x08008c3e       0x56 cmake/stm32cubemx/CMakeFiles/STM32_Drivers.dir/__/__/Drivers/STM32G4xx_HAL_Driver/Src/stm32g4xx_hal_uart.c.obj
 .text.HAL_UARTEx_WakeupCallback
                0x08008c94       0x14 cmake/stm32cubemx/CMakeFiles/STM32_Drivers.dir/__/__/Drivers/STM32G4xx_HAL_Driver/Src/stm32g4xx_hal_uart_ex.c.obj
                0x08008c94                HAL_UARTEx_WakeupCallback
 .text.HAL_UARTEx_RxFifoFullCallback
                0x08008ca8       0x14 cmake/stm32cubemx/CMakeFiles/STM32_Drivers.dir/__/__/Drivers/STM32G4xx_HAL_Driver/Src/stm32g4xx_hal_uart_ex.c.obj
                0x08008ca8                HAL_UARTEx_RxFifoFullCallback
 .text.HAL_UARTEx_TxFifoEmptyCallback
                0x08008cbc       0x14 cmake/stm32cubemx/CMakeFiles/STM32_Drivers.dir/__/__/Drivers/STM32G4xx_HAL_Driver/Src/stm32g4xx_hal_uart_ex.c.obj
                0x08008cbc                HAL_UARTEx_TxFifoEmptyCallback
 .text.HAL_UARTEx_DisableFifoMode
                0x08008cd0       0x72 cmake/stm32cubemx/CMakeFiles/STM32_Drivers.dir/__/__/Drivers/STM32G4xx_HAL_Driver/Src/stm32g4xx_hal_uart_ex.c.obj
                0x08008cd0                HAL_UARTEx_DisableFifoMode
 .text.HAL_UARTEx_SetTxFifoThreshold
                0x08008d42       0x7c cmake/stm32cubemx/CMakeFiles/STM32_Drivers.dir/__/__/Drivers/STM32G4xx_HAL_Driver/Src/stm32g4xx_hal_uart_ex.c.obj
                0x08008d42                HAL_UARTEx_SetTxFifoThreshold
 .text.HAL_UARTEx_SetRxFifoThreshold
                0x08008dbe       0x7c cmake/stm32cubemx/CMakeFiles/STM32_Drivers.dir/__/__/Drivers/STM32G4xx_HAL_Driver/Src/stm32g4xx_hal_uart_ex.c.obj
                0x08008dbe                HAL_UARTEx_SetRxFifoThreshold
 *fill*         0x08008e3a        0x2 
 .text.UARTEx_SetNbDataToProcess
                0x08008e3c       0x9c cmake/stm32cubemx/CMakeFiles/STM32_Drivers.dir/__/__/Drivers/STM32G4xx_HAL_Driver/Src/stm32g4xx_hal_uart_ex.c.obj
 .text.USBD_Init
                0x08008ed8       0x60 cmake/stm32cubemx/CMakeFiles/USB_Device_Library.dir/__/__/Middlewares/ST/STM32_USB_Device_Library/Core/Src/usbd_core.c.obj
                0x08008ed8                USBD_Init
 .text.USBD_RegisterClass
                0x08008f38       0x4e cmake/stm32cubemx/CMakeFiles/USB_Device_Library.dir/__/__/Middlewares/ST/STM32_USB_Device_Library/Core/Src/usbd_core.c.obj
                0x08008f38                USBD_RegisterClass
 .text.USBD_Start
                0x08008f86       0x18 cmake/stm32cubemx/CMakeFiles/USB_Device_Library.dir/__/__/Middlewares/ST/STM32_USB_Device_Library/Core/Src/usbd_core.c.obj
                0x08008f86                USBD_Start
 .text.USBD_RunTestMode
                0x08008f9e       0x16 cmake/stm32cubemx/CMakeFiles/USB_Device_Library.dir/__/__/Middlewares/ST/STM32_USB_Device_Library/Core/Src/usbd_core.c.obj
                0x08008f9e                USBD_RunTestMode
 .text.USBD_SetClassConfig
                0x08008fb4       0x38 cmake/stm32cubemx/CMakeFiles/USB_Device_Library.dir/__/__/Middlewares/ST/STM32_USB_Device_Library/Core/Src/usbd_core.c.obj
                0x08008fb4                USBD_SetClassConfig
 .text.USBD_ClrClassConfig
                0x08008fec       0x30 cmake/stm32cubemx/CMakeFiles/USB_Device_Library.dir/__/__/Middlewares/ST/STM32_USB_Device_Library/Core/Src/usbd_core.c.obj
                0x08008fec                USBD_ClrClassConfig
 .text.USBD_LL_SetupStage
                0x0800901c       0xaa cmake/stm32cubemx/CMakeFiles/USB_Device_Library.dir/__/__/Middlewares/ST/STM32_USB_Device_Library/Core/Src/usbd_core.c.obj
                0x0800901c                USBD_LL_SetupStage
 .text.USBD_LL_DataOutStage
                0x080090c6       0xc6 cmake/stm32cubemx/CMakeFiles/USB_Device_Library.dir/__/__/Middlewares/ST/STM32_USB_Device_Library/Core/Src/usbd_core.c.obj
                0x080090c6                USBD_LL_DataOutStage
 .text.USBD_LL_DataInStage
                0x0800918c      0x12c cmake/stm32cubemx/CMakeFiles/USB_Device_Library.dir/__/__/Middlewares/ST/STM32_USB_Device_Library/Core/Src/usbd_core.c.obj
                0x0800918c                USBD_LL_DataInStage
 .text.USBD_LL_Reset
                0x080092b8       0x9c cmake/stm32cubemx/CMakeFiles/USB_Device_Library.dir/__/__/Middlewares/ST/STM32_USB_Device_Library/Core/Src/usbd_core.c.obj
                0x080092b8                USBD_LL_Reset
 .text.USBD_LL_SetSpeed
                0x08009354       0x20 cmake/stm32cubemx/CMakeFiles/USB_Device_Library.dir/__/__/Middlewares/ST/STM32_USB_Device_Library/Core/Src/usbd_core.c.obj
                0x08009354                USBD_LL_SetSpeed
 .text.USBD_LL_Suspend
                0x08009374       0x2c cmake/stm32cubemx/CMakeFiles/USB_Device_Library.dir/__/__/Middlewares/ST/STM32_USB_Device_Library/Core/Src/usbd_core.c.obj
                0x08009374                USBD_LL_Suspend
 .text.USBD_LL_Resume
                0x080093a0       0x30 cmake/stm32cubemx/CMakeFiles/USB_Device_Library.dir/__/__/Middlewares/ST/STM32_USB_Device_Library/Core/Src/usbd_core.c.obj
                0x080093a0                USBD_LL_Resume
 .text.USBD_LL_SOF
                0x080093d0       0x44 cmake/stm32cubemx/CMakeFiles/USB_Device_Library.dir/__/__/Middlewares/ST/STM32_USB_Device_Library/Core/Src/usbd_core.c.obj
                0x080093d0                USBD_LL_SOF
 .text.SWAPBYTE
                0x08009414       0x3e cmake/stm32cubemx/CMakeFiles/USB_Device_Library.dir/__/__/Middlewares/ST/STM32_USB_Device_Library/Core/Src/usbd_ctlreq.c.obj
 *fill*         0x08009452        0x2 
 .text.USBD_StdDevReq
                0x08009454       0xdc cmake/stm32cubemx/CMakeFiles/USB_Device_Library.dir/__/__/Middlewares/ST/STM32_USB_Device_Library/Core/Src/usbd_ctlreq.c.obj
                0x08009454                USBD_StdDevReq
 .text.USBD_StdItfReq
                0x08009530       0x92 cmake/stm32cubemx/CMakeFiles/USB_Device_Library.dir/__/__/Middlewares/ST/STM32_USB_Device_Library/Core/Src/usbd_ctlreq.c.obj
                0x08009530                USBD_StdItfReq
 .text.USBD_StdEPReq
                0x080095c2      0x2c4 cmake/stm32cubemx/CMakeFiles/USB_Device_Library.dir/__/__/Middlewares/ST/STM32_USB_Device_Library/Core/Src/usbd_ctlreq.c.obj
                0x080095c2                USBD_StdEPReq
 *fill*         0x08009886        0x2 
 .text.USBD_GetDescriptor
                0x08009888      0x328 cmake/stm32cubemx/CMakeFiles/USB_Device_Library.dir/__/__/Middlewares/ST/STM32_USB_Device_Library/Core/Src/usbd_ctlreq.c.obj
 .text.USBD_SetAddress
                0x08009bb0       0x88 cmake/stm32cubemx/CMakeFiles/USB_Device_Library.dir/__/__/Middlewares/ST/STM32_USB_Device_Library/Core/Src/usbd_ctlreq.c.obj
 .text.USBD_SetConfig
                0x08009c38      0x14c cmake/stm32cubemx/CMakeFiles/USB_Device_Library.dir/__/__/Middlewares/ST/STM32_USB_Device_Library/Core/Src/usbd_ctlreq.c.obj
 .text.USBD_GetConfig
                0x08009d84       0x6c cmake/stm32cubemx/CMakeFiles/USB_Device_Library.dir/__/__/Middlewares/ST/STM32_USB_Device_Library/Core/Src/usbd_ctlreq.c.obj
 .text.USBD_GetStatus
                0x08009df0       0x68 cmake/stm32cubemx/CMakeFiles/USB_Device_Library.dir/__/__/Middlewares/ST/STM32_USB_Device_Library/Core/Src/usbd_ctlreq.c.obj
 .text.USBD_SetFeature
                0x08009e58       0x28 cmake/stm32cubemx/CMakeFiles/USB_Device_Library.dir/__/__/Middlewares/ST/STM32_USB_Device_Library/Core/Src/usbd_ctlreq.c.obj
 .text.USBD_ClrFeature
                0x08009e80       0x44 cmake/stm32cubemx/CMakeFiles/USB_Device_Library.dir/__/__/Middlewares/ST/STM32_USB_Device_Library/Core/Src/usbd_ctlreq.c.obj
 .text.USBD_ParseSetupRequest
                0x08009ec4       0x74 cmake/stm32cubemx/CMakeFiles/USB_Device_Library.dir/__/__/Middlewares/ST/STM32_USB_Device_Library/Core/Src/usbd_ctlreq.c.obj
                0x08009ec4                USBD_ParseSetupRequest
 .text.USBD_CtlError
                0x08009f38       0x22 cmake/stm32cubemx/CMakeFiles/USB_Device_Library.dir/__/__/Middlewares/ST/STM32_USB_Device_Library/Core/Src/usbd_ctlreq.c.obj
                0x08009f38                USBD_CtlError
 .text.USBD_GetString
                0x08009f5a       0x8c cmake/stm32cubemx/CMakeFiles/USB_Device_Library.dir/__/__/Middlewares/ST/STM32_USB_Device_Library/Core/Src/usbd_ctlreq.c.obj
                0x08009f5a                USBD_GetString
 .text.USBD_GetLen
                0x08009fe6       0x34 cmake/stm32cubemx/CMakeFiles/USB_Device_Library.dir/__/__/Middlewares/ST/STM32_USB_Device_Library/Core/Src/usbd_ctlreq.c.obj
 .text.USBD_CtlSendData
                0x0800a01a       0x36 cmake/stm32cubemx/CMakeFiles/USB_Device_Library.dir/__/__/Middlewares/ST/STM32_USB_Device_Library/Core/Src/usbd_ioreq.c.obj
                0x0800a01a                USBD_CtlSendData
 .text.USBD_CtlContinueSendData
                0x0800a050       0x22 cmake/stm32cubemx/CMakeFiles/USB_Device_Library.dir/__/__/Middlewares/ST/STM32_USB_Device_Library/Core/Src/usbd_ioreq.c.obj
                0x0800a050                USBD_CtlContinueSendData
 .text.USBD_CtlPrepareRx
                0x0800a072       0x3a cmake/stm32cubemx/CMakeFiles/USB_Device_Library.dir/__/__/Middlewares/ST/STM32_USB_Device_Library/Core/Src/usbd_ioreq.c.obj
                0x0800a072                USBD_CtlPrepareRx
 .text.USBD_CtlContinueRx
                0x0800a0ac       0x22 cmake/stm32cubemx/CMakeFiles/USB_Device_Library.dir/__/__/Middlewares/ST/STM32_USB_Device_Library/Core/Src/usbd_ioreq.c.obj
                0x0800a0ac                USBD_CtlContinueRx
 .text.USBD_CtlSendStatus
                0x0800a0ce       0x26 cmake/stm32cubemx/CMakeFiles/USB_Device_Library.dir/__/__/Middlewares/ST/STM32_USB_Device_Library/Core/Src/usbd_ioreq.c.obj
                0x0800a0ce                USBD_CtlSendStatus
 .text.USBD_CtlReceiveStatus
                0x0800a0f4       0x26 cmake/stm32cubemx/CMakeFiles/USB_Device_Library.dir/__/__/Middlewares/ST/STM32_USB_Device_Library/Core/Src/usbd_ioreq.c.obj
                0x0800a0f4                USBD_CtlReceiveStatus
 .text.USBD_CDC_Init
                0x0800a11a       0xfe cmake/stm32cubemx/CMakeFiles/USB_Device_Library.dir/__/__/Middlewares/ST/STM32_USB_Device_Library/Class/CDC/Src/usbd_cdc.c.obj
 .text.USBD_CDC_DeInit
                0x0800a218       0x74 cmake/stm32cubemx/CMakeFiles/USB_Device_Library.dir/__/__/Middlewares/ST/STM32_USB_Device_Library/Class/CDC/Src/usbd_cdc.c.obj
 .text.USBD_CDC_Setup
                0x0800a28c      0x190 cmake/stm32cubemx/CMakeFiles/USB_Device_Library.dir/__/__/Middlewares/ST/STM32_USB_Device_Library/Class/CDC/Src/usbd_cdc.c.obj
 .text.USBD_CDC_DataIn
                0x0800a41c       0xca cmake/stm32cubemx/CMakeFiles/USB_Device_Library.dir/__/__/Middlewares/ST/STM32_USB_Device_Library/Class/CDC/Src/usbd_cdc.c.obj
 .text.USBD_CDC_DataOut
                0x0800a4e6       0x56 cmake/stm32cubemx/CMakeFiles/USB_Device_Library.dir/__/__/Middlewares/ST/STM32_USB_Device_Library/Class/CDC/Src/usbd_cdc.c.obj
 .text.USBD_CDC_EP0_RxReady
                0x0800a53c       0x58 cmake/stm32cubemx/CMakeFiles/USB_Device_Library.dir/__/__/Middlewares/ST/STM32_USB_Device_Library/Class/CDC/Src/usbd_cdc.c.obj
 .text.USBD_CDC_GetFSCfgDesc
                0x0800a594       0x20 cmake/stm32cubemx/CMakeFiles/USB_Device_Library.dir/__/__/Middlewares/ST/STM32_USB_Device_Library/Class/CDC/Src/usbd_cdc.c.obj
 .text.USBD_CDC_GetHSCfgDesc
                0x0800a5b4       0x20 cmake/stm32cubemx/CMakeFiles/USB_Device_Library.dir/__/__/Middlewares/ST/STM32_USB_Device_Library/Class/CDC/Src/usbd_cdc.c.obj
 .text.USBD_CDC_GetOtherSpeedCfgDesc
                0x0800a5d4       0x20 cmake/stm32cubemx/CMakeFiles/USB_Device_Library.dir/__/__/Middlewares/ST/STM32_USB_Device_Library/Class/CDC/Src/usbd_cdc.c.obj
 .text.USBD_CDC_GetDeviceQualifierDescriptor
                0x0800a5f4       0x20 cmake/stm32cubemx/CMakeFiles/USB_Device_Library.dir/__/__/Middlewares/ST/STM32_USB_Device_Library/Class/CDC/Src/usbd_cdc.c.obj
                0x0800a5f4                USBD_CDC_GetDeviceQualifierDescriptor
 .text.USBD_CDC_RegisterInterface
                0x0800a614       0x2a cmake/stm32cubemx/CMakeFiles/USB_Device_Library.dir/__/__/Middlewares/ST/STM32_USB_Device_Library/Class/CDC/Src/usbd_cdc.c.obj
                0x0800a614                USBD_CDC_RegisterInterface
 .text.USBD_CDC_SetTxBuffer
                0x0800a63e       0x3c cmake/stm32cubemx/CMakeFiles/USB_Device_Library.dir/__/__/Middlewares/ST/STM32_USB_Device_Library/Class/CDC/Src/usbd_cdc.c.obj
                0x0800a63e                USBD_CDC_SetTxBuffer
 .text.USBD_CDC_SetRxBuffer
                0x0800a67a       0x32 cmake/stm32cubemx/CMakeFiles/USB_Device_Library.dir/__/__/Middlewares/ST/STM32_USB_Device_Library/Class/CDC/Src/usbd_cdc.c.obj
                0x0800a67a                USBD_CDC_SetRxBuffer
 .text.USBD_CDC_TransmitPacket
                0x0800a6ac       0x60 cmake/stm32cubemx/CMakeFiles/USB_Device_Library.dir/__/__/Middlewares/ST/STM32_USB_Device_Library/Class/CDC/Src/usbd_cdc.c.obj
                0x0800a6ac                USBD_CDC_TransmitPacket
 .text.USBD_CDC_ReceivePacket
                0x0800a70c       0x54 cmake/stm32cubemx/CMakeFiles/USB_Device_Library.dir/__/__/Middlewares/ST/STM32_USB_Device_Library/Class/CDC/Src/usbd_cdc.c.obj
                0x0800a70c                USBD_CDC_ReceivePacket
 .text.MX_USB_Device_Init
                0x0800a760       0x60 CMakeFiles/PulseDrive.dir/USB_Device/App/usb_device.c.obj
                0x0800a760                MX_USB_Device_Init
 .text.USBD_CDC_DeviceDescriptor
                0x0800a7c0       0x24 CMakeFiles/PulseDrive.dir/USB_Device/App/usbd_desc.c.obj
                0x0800a7c0                USBD_CDC_DeviceDescriptor
 .text.USBD_CDC_LangIDStrDescriptor
                0x0800a7e4       0x24 CMakeFiles/PulseDrive.dir/USB_Device/App/usbd_desc.c.obj
                0x0800a7e4                USBD_CDC_LangIDStrDescriptor
 .text.USBD_CDC_ProductStrDescriptor
                0x0800a808       0x3c CMakeFiles/PulseDrive.dir/USB_Device/App/usbd_desc.c.obj
                0x0800a808                USBD_CDC_ProductStrDescriptor
 .text.USBD_CDC_ManufacturerStrDescriptor
                0x0800a844       0x28 CMakeFiles/PulseDrive.dir/USB_Device/App/usbd_desc.c.obj
                0x0800a844                USBD_CDC_ManufacturerStrDescriptor
 .text.USBD_CDC_SerialStrDescriptor
                0x0800a86c       0x24 CMakeFiles/PulseDrive.dir/USB_Device/App/usbd_desc.c.obj
                0x0800a86c                USBD_CDC_SerialStrDescriptor
 .text.USBD_CDC_ConfigStrDescriptor
                0x0800a890       0x3c CMakeFiles/PulseDrive.dir/USB_Device/App/usbd_desc.c.obj
                0x0800a890                USBD_CDC_ConfigStrDescriptor
 .text.USBD_CDC_InterfaceStrDescriptor
                0x0800a8cc       0x3c CMakeFiles/PulseDrive.dir/USB_Device/App/usbd_desc.c.obj
                0x0800a8cc                USBD_CDC_InterfaceStrDescriptor
 .text.Get_SerialNum
                0x0800a908       0x58 CMakeFiles/PulseDrive.dir/USB_Device/App/usbd_desc.c.obj
 .text.IntToUnicode
                0x0800a960       0x7e CMakeFiles/PulseDrive.dir/USB_Device/App/usbd_desc.c.obj
 *fill*         0x0800a9de        0x2 
 .text.CDC_Transmit_FS2
                0x0800a9e0      0x108 CMakeFiles/PulseDrive.dir/USB_Device/App/usbd_cdc_if.c.obj
                0x0800a9e0                CDC_Transmit_FS2
 .text.CDC_Init_FS
                0x0800aae8       0x28 CMakeFiles/PulseDrive.dir/USB_Device/App/usbd_cdc_if.c.obj
 .text.CDC_DeInit_FS
                0x0800ab10       0x10 CMakeFiles/PulseDrive.dir/USB_Device/App/usbd_cdc_if.c.obj
 .text.CDC_Control_FS
                0x0800ab20      0x15c CMakeFiles/PulseDrive.dir/USB_Device/App/usbd_cdc_if.c.obj
 .text.CDC_Receive_FS
                0x0800ac7c       0x48 CMakeFiles/PulseDrive.dir/USB_Device/App/usbd_cdc_if.c.obj
 .text.CDC_TransmitCplt_FS
                0x0800acc4       0xb8 CMakeFiles/PulseDrive.dir/USB_Device/App/usbd_cdc_if.c.obj
 .text.HAL_PCD_MspInit
                0x0800ad7c       0x78 CMakeFiles/PulseDrive.dir/USB_Device/Target/usbd_conf.c.obj
                0x0800ad7c                HAL_PCD_MspInit
 .text.HAL_PCD_SetupStageCallback
                0x0800adf4       0x24 CMakeFiles/PulseDrive.dir/USB_Device/Target/usbd_conf.c.obj
                0x0800adf4                HAL_PCD_SetupStageCallback
 .text.HAL_PCD_DataOutStageCallback
                0x0800ae18       0x36 CMakeFiles/PulseDrive.dir/USB_Device/Target/usbd_conf.c.obj
                0x0800ae18                HAL_PCD_DataOutStageCallback
 .text.HAL_PCD_DataInStageCallback
                0x0800ae4e       0x34 CMakeFiles/PulseDrive.dir/USB_Device/Target/usbd_conf.c.obj
                0x0800ae4e                HAL_PCD_DataInStageCallback
 .text.HAL_PCD_SOFCallback
                0x0800ae82       0x1c CMakeFiles/PulseDrive.dir/USB_Device/Target/usbd_conf.c.obj
                0x0800ae82                HAL_PCD_SOFCallback
 .text.HAL_PCD_ResetCallback
                0x0800ae9e       0x3c CMakeFiles/PulseDrive.dir/USB_Device/Target/usbd_conf.c.obj
                0x0800ae9e                HAL_PCD_ResetCallback
 *fill*         0x0800aeda        0x2 
 .text.HAL_PCD_SuspendCallback
                0x0800aedc       0x34 CMakeFiles/PulseDrive.dir/USB_Device/Target/usbd_conf.c.obj
                0x0800aedc                HAL_PCD_SuspendCallback
 .text.HAL_PCD_ResumeCallback
                0x0800af10       0x38 CMakeFiles/PulseDrive.dir/USB_Device/Target/usbd_conf.c.obj
                0x0800af10                HAL_PCD_ResumeCallback
 .text.USBD_LL_Init
                0x0800af48       0xc0 CMakeFiles/PulseDrive.dir/USB_Device/Target/usbd_conf.c.obj
                0x0800af48                USBD_LL_Init
 .text.USBD_LL_Start
                0x0800b008       0x36 CMakeFiles/PulseDrive.dir/USB_Device/Target/usbd_conf.c.obj
                0x0800b008                USBD_LL_Start
 .text.USBD_LL_OpenEP
                0x0800b03e       0x4c CMakeFiles/PulseDrive.dir/USB_Device/Target/usbd_conf.c.obj
                0x0800b03e                USBD_LL_OpenEP
 .text.USBD_LL_CloseEP
                0x0800b08a       0x3e CMakeFiles/PulseDrive.dir/USB_Device/Target/usbd_conf.c.obj
                0x0800b08a                USBD_LL_CloseEP
 .text.USBD_LL_StallEP
                0x0800b0c8       0x3e CMakeFiles/PulseDrive.dir/USB_Device/Target/usbd_conf.c.obj
                0x0800b0c8                USBD_LL_StallEP
 .text.USBD_LL_ClearStallEP
                0x0800b106       0x3e CMakeFiles/PulseDrive.dir/USB_Device/Target/usbd_conf.c.obj
                0x0800b106                USBD_LL_ClearStallEP
 .text.USBD_LL_IsStallEP
                0x0800b144       0x58 CMakeFiles/PulseDrive.dir/USB_Device/Target/usbd_conf.c.obj
                0x0800b144                USBD_LL_IsStallEP
 .text.USBD_LL_SetUSBAddress
                0x0800b19c       0x3e CMakeFiles/PulseDrive.dir/USB_Device/Target/usbd_conf.c.obj
                0x0800b19c                USBD_LL_SetUSBAddress
 .text.USBD_LL_Transmit
                0x0800b1da       0x42 CMakeFiles/PulseDrive.dir/USB_Device/Target/usbd_conf.c.obj
                0x0800b1da                USBD_LL_Transmit
 .text.USBD_LL_PrepareReceive
                0x0800b21c       0x42 CMakeFiles/PulseDrive.dir/USB_Device/Target/usbd_conf.c.obj
                0x0800b21c                USBD_LL_PrepareReceive
 .text.USBD_LL_GetRxDataSize
                0x0800b25e       0x26 CMakeFiles/PulseDrive.dir/USB_Device/Target/usbd_conf.c.obj
                0x0800b25e                USBD_LL_GetRxDataSize
 .text.HAL_PCDEx_LPM_Callback
                0x0800b284       0x6c CMakeFiles/PulseDrive.dir/USB_Device/Target/usbd_conf.c.obj
                0x0800b284                HAL_PCDEx_LPM_Callback
 .text.USBD_static_malloc
                0x0800b2f0       0x1c CMakeFiles/PulseDrive.dir/USB_Device/Target/usbd_conf.c.obj
                0x0800b2f0                USBD_static_malloc
 .text.USBD_static_free
                0x0800b30c       0x14 CMakeFiles/PulseDrive.dir/USB_Device/Target/usbd_conf.c.obj
                0x0800b30c                USBD_static_free
 .text.SystemClockConfig_Resume
                0x0800b320        0xc CMakeFiles/PulseDrive.dir/USB_Device/Target/usbd_conf.c.obj
 .text.USBD_Get_USB_Status
                0x0800b32c       0x58 CMakeFiles/PulseDrive.dir/USB_Device/Target/usbd_conf.c.obj
 .text.main     0x0800b384       0x30 CMakeFiles/PulseDrive.dir/Core/Src/main.c.obj
                0x0800b384                main
 .text.SystemClock_Config
                0x0800b3b4       0x9a CMakeFiles/PulseDrive.dir/Core/Src/main.c.obj
                0x0800b3b4                SystemClock_Config
 .text.Error_Handler
                0x0800b44e        0xc CMakeFiles/PulseDrive.dir/Core/Src/main.c.obj
                0x0800b44e                Error_Handler
 *fill*         0x0800b45a        0x2 
 .text.MX_GPIO_Init
                0x0800b45c      0x1ac CMakeFiles/PulseDrive.dir/Core/Src/gpio.c.obj
                0x0800b45c                MX_GPIO_Init
 .text.MX_DMA_Init
                0x0800b608       0x94 CMakeFiles/PulseDrive.dir/Core/Src/dma.c.obj
                0x0800b608                MX_DMA_Init
 .text.MX_HRTIM1_Init
                0x0800b69c      0x150 CMakeFiles/PulseDrive.dir/Core/Src/hrtim.c.obj
                0x0800b69c                MX_HRTIM1_Init
 .text.HAL_HRTIM_MspInit
                0x0800b7ec       0x4c CMakeFiles/PulseDrive.dir/Core/Src/hrtim.c.obj
                0x0800b7ec                HAL_HRTIM_MspInit
 .text.HAL_HRTIM_MspPostInit
                0x0800b838       0x70 CMakeFiles/PulseDrive.dir/Core/Src/hrtim.c.obj
                0x0800b838                HAL_HRTIM_MspPostInit
 .text.MX_I2C3_Init
                0x0800b8a8       0x80 CMakeFiles/PulseDrive.dir/Core/Src/i2c.c.obj
                0x0800b8a8                MX_I2C3_Init
 .text.HAL_I2C_MspInit
                0x0800b928      0x120 CMakeFiles/PulseDrive.dir/Core/Src/i2c.c.obj
                0x0800b928                HAL_I2C_MspInit
 .text.MX_SPI1_Init
                0x0800ba48       0x7c CMakeFiles/PulseDrive.dir/Core/Src/spi.c.obj
                0x0800ba48                MX_SPI1_Init
 .text.MX_SPI3_Init
                0x0800bac4       0x7c CMakeFiles/PulseDrive.dir/Core/Src/spi.c.obj
                0x0800bac4                MX_SPI3_Init
 .text.HAL_SPI_MspInit
                0x0800bb40      0x23c CMakeFiles/PulseDrive.dir/Core/Src/spi.c.obj
                0x0800bb40                HAL_SPI_MspInit
 .text.MX_USART1_UART_Init
                0x0800bd7c       0x98 CMakeFiles/PulseDrive.dir/Core/Src/usart.c.obj
                0x0800bd7c                MX_USART1_UART_Init
 .text.HAL_UART_MspInit
                0x0800be14      0x11c CMakeFiles/PulseDrive.dir/Core/Src/usart.c.obj
                0x0800be14                HAL_UART_MspInit
 .text.NMI_Handler
                0x0800bf30        0x8 CMakeFiles/PulseDrive.dir/Core/Src/stm32g4xx_it.c.obj
                0x0800bf30                NMI_Handler
 .text.HardFault_Handler
                0x0800bf38        0x8 CMakeFiles/PulseDrive.dir/Core/Src/stm32g4xx_it.c.obj
                0x0800bf38                HardFault_Handler
 .text.MemManage_Handler
                0x0800bf40        0x8 CMakeFiles/PulseDrive.dir/Core/Src/stm32g4xx_it.c.obj
                0x0800bf40                MemManage_Handler
 .text.BusFault_Handler
                0x0800bf48        0x8 CMakeFiles/PulseDrive.dir/Core/Src/stm32g4xx_it.c.obj
                0x0800bf48                BusFault_Handler
 .text.UsageFault_Handler
                0x0800bf50        0x8 CMakeFiles/PulseDrive.dir/Core/Src/stm32g4xx_it.c.obj
                0x0800bf50                UsageFault_Handler
 .text.SVC_Handler
                0x0800bf58        0xe CMakeFiles/PulseDrive.dir/Core/Src/stm32g4xx_it.c.obj
                0x0800bf58                SVC_Handler
 .text.DebugMon_Handler
                0x0800bf66        0xe CMakeFiles/PulseDrive.dir/Core/Src/stm32g4xx_it.c.obj
                0x0800bf66                DebugMon_Handler
 .text.PendSV_Handler
                0x0800bf74        0xe CMakeFiles/PulseDrive.dir/Core/Src/stm32g4xx_it.c.obj
                0x0800bf74                PendSV_Handler
 .text.SysTick_Handler
                0x0800bf82        0xc CMakeFiles/PulseDrive.dir/Core/Src/stm32g4xx_it.c.obj
                0x0800bf82                SysTick_Handler
 *fill*         0x0800bf8e        0x2 
 .text.DMA1_Channel1_IRQHandler
                0x0800bf90       0x14 CMakeFiles/PulseDrive.dir/Core/Src/stm32g4xx_it.c.obj
                0x0800bf90                DMA1_Channel1_IRQHandler
 .text.DMA1_Channel2_IRQHandler
                0x0800bfa4       0x14 CMakeFiles/PulseDrive.dir/Core/Src/stm32g4xx_it.c.obj
                0x0800bfa4                DMA1_Channel2_IRQHandler
 .text.DMA1_Channel3_IRQHandler
                0x0800bfb8       0x14 CMakeFiles/PulseDrive.dir/Core/Src/stm32g4xx_it.c.obj
                0x0800bfb8                DMA1_Channel3_IRQHandler
 .text.DMA1_Channel4_IRQHandler
                0x0800bfcc       0x14 CMakeFiles/PulseDrive.dir/Core/Src/stm32g4xx_it.c.obj
                0x0800bfcc                DMA1_Channel4_IRQHandler
 .text.DMA1_Channel5_IRQHandler
                0x0800bfe0       0x14 CMakeFiles/PulseDrive.dir/Core/Src/stm32g4xx_it.c.obj
                0x0800bfe0                DMA1_Channel5_IRQHandler
 .text.USB_LP_IRQHandler
                0x0800bff4       0x14 CMakeFiles/PulseDrive.dir/Core/Src/stm32g4xx_it.c.obj
                0x0800bff4                USB_LP_IRQHandler
 .text.USART1_IRQHandler
                0x0800c008       0x14 CMakeFiles/PulseDrive.dir/Core/Src/stm32g4xx_it.c.obj
                0x0800c008                USART1_IRQHandler
 .text.HRTIM1_Master_IRQHandler
                0x0800c01c       0x14 CMakeFiles/PulseDrive.dir/Core/Src/stm32g4xx_it.c.obj
                0x0800c01c                HRTIM1_Master_IRQHandler
 .text.I2C3_EV_IRQHandler
                0x0800c030       0x14 CMakeFiles/PulseDrive.dir/Core/Src/stm32g4xx_it.c.obj
                0x0800c030                I2C3_EV_IRQHandler
 .text.HAL_MspInit
                0x0800c044       0x48 CMakeFiles/PulseDrive.dir/Core/Src/stm32g4xx_hal_msp.c.obj
                0x0800c044                HAL_MspInit
 .text._sbrk    0x0800c08c       0x6c CMakeFiles/PulseDrive.dir/Core/Src/sysmem.c.obj
                0x0800c08c                _sbrk
 .text._getpid  0x0800c0f8       0x10 CMakeFiles/PulseDrive.dir/Core/Src/syscalls.c.obj
                0x0800c0f8                _getpid
 .text._kill    0x0800c108       0x20 CMakeFiles/PulseDrive.dir/Core/Src/syscalls.c.obj
                0x0800c108                _kill
 .text._exit    0x0800c128       0x16 CMakeFiles/PulseDrive.dir/Core/Src/syscalls.c.obj
                0x0800c128                _exit
 .text._read    0x0800c13e       0x3a CMakeFiles/PulseDrive.dir/Core/Src/syscalls.c.obj
                0x0800c13e                _read
 .text._write   0x0800c178       0x38 CMakeFiles/PulseDrive.dir/Core/Src/syscalls.c.obj
                0x0800c178                _write
 .text._close   0x0800c1b0       0x18 CMakeFiles/PulseDrive.dir/Core/Src/syscalls.c.obj
                0x0800c1b0                _close
 .text._fstat   0x0800c1c8       0x20 CMakeFiles/PulseDrive.dir/Core/Src/syscalls.c.obj
                0x0800c1c8                _fstat
 .text._isatty  0x0800c1e8       0x16 CMakeFiles/PulseDrive.dir/Core/Src/syscalls.c.obj
                0x0800c1e8                _isatty
 .text._lseek   0x0800c1fe       0x1a CMakeFiles/PulseDrive.dir/Core/Src/syscalls.c.obj
                0x0800c1fe                _lseek
 .text.Reset_Handler
                0x0800c218       0x50 CMakeFiles/PulseDrive.dir/startup_stm32g474xx.s.obj
                0x0800c218                Reset_Handler
 .text.Default_Handler
                0x0800c268        0x2 CMakeFiles/PulseDrive.dir/startup_stm32g474xx.s.obj
                0x0800c268                RTC_Alarm_IRQHandler
                0x0800c268                EXTI2_IRQHandler
                0x0800c268                TIM8_TRG_COM_IRQHandler
                0x0800c268                TIM8_CC_IRQHandler
                0x0800c268                SPI4_IRQHandler
                0x0800c268                FDCAN3_IT0_IRQHandler
                0x0800c268                TIM1_CC_IRQHandler
                0x0800c268                HRTIM1_FLT_IRQHandler
                0x0800c268                HRTIM1_TIMF_IRQHandler
                0x0800c268                USB_HP_IRQHandler
                0x0800c268                CORDIC_IRQHandler
                0x0800c268                HRTIM1_TIMD_IRQHandler
                0x0800c268                DMA2_Channel8_IRQHandler
                0x0800c268                EXTI3_IRQHandler
                0x0800c268                I2C3_ER_IRQHandler
                0x0800c268                EXTI0_IRQHandler
                0x0800c268                I2C2_EV_IRQHandler
                0x0800c268                FPU_IRQHandler
                0x0800c268                FDCAN1_IT1_IRQHandler
                0x0800c268                TIM1_UP_TIM16_IRQHandler
                0x0800c268                ADC1_2_IRQHandler
                0x0800c268                HRTIM1_TIME_IRQHandler
                0x0800c268                SPI1_IRQHandler
                0x0800c268                TIM6_DAC_IRQHandler
                0x0800c268                HRTIM1_TIMC_IRQHandler
                0x0800c268                TIM8_UP_IRQHandler
                0x0800c268                DMA2_Channel2_IRQHandler
                0x0800c268                TIM20_TRG_COM_IRQHandler
                0x0800c268                USART3_IRQHandler
                0x0800c268                DMA1_Channel7_IRQHandler
                0x0800c268                UART5_IRQHandler
                0x0800c268                ADC3_IRQHandler
                0x0800c268                TIM4_IRQHandler
                0x0800c268                DMA2_Channel1_IRQHandler
                0x0800c268                QUADSPI_IRQHandler
                0x0800c268                I2C1_EV_IRQHandler
                0x0800c268                DMA1_Channel6_IRQHandler
                0x0800c268                UART4_IRQHandler
                0x0800c268                DMA2_Channel4_IRQHandler
                0x0800c268                TIM3_IRQHandler
                0x0800c268                RCC_IRQHandler
                0x0800c268                TIM20_UP_IRQHandler
                0x0800c268                Default_Handler
                0x0800c268                DMA2_Channel7_IRQHandler
                0x0800c268                RTC_TAMP_LSECSS_IRQHandler
                0x0800c268                FMAC_IRQHandler
                0x0800c268                EXTI15_10_IRQHandler
                0x0800c268                DMA1_Channel8_IRQHandler
                0x0800c268                HRTIM1_TIMA_IRQHandler
                0x0800c268                TIM7_DAC_IRQHandler
                0x0800c268                FDCAN3_IT1_IRQHandler
                0x0800c268                TIM5_IRQHandler
                0x0800c268                UCPD1_IRQHandler
                0x0800c268                EXTI9_5_IRQHandler
                0x0800c268                RTC_WKUP_IRQHandler
                0x0800c268                PVD_PVM_IRQHandler
                0x0800c268                SPI2_IRQHandler
                0x0800c268                ADC5_IRQHandler
                0x0800c268                DMA2_Channel5_IRQHandler
                0x0800c268                CRS_IRQHandler
                0x0800c268                EXTI4_IRQHandler
                0x0800c268                RNG_IRQHandler
                0x0800c268                HRTIM1_TIMB_IRQHandler
                0x0800c268                TIM1_TRG_COM_TIM17_IRQHandler
                0x0800c268                FDCAN2_IT1_IRQHandler
                0x0800c268                ADC4_IRQHandler
                0x0800c268                WWDG_IRQHandler
                0x0800c268                I2C4_EV_IRQHandler
                0x0800c268                FDCAN2_IT0_IRQHandler
                0x0800c268                LPUART1_IRQHandler
                0x0800c268                DMA2_Channel6_IRQHandler
                0x0800c268                FDCAN1_IT0_IRQHandler
                0x0800c268                TIM2_IRQHandler
                0x0800c268                COMP7_IRQHandler
                0x0800c268                COMP1_2_3_IRQHandler
                0x0800c268                EXTI1_IRQHandler
                0x0800c268                USART2_IRQHandler
                0x0800c268                COMP4_5_6_IRQHandler
                0x0800c268                TIM20_BRK_IRQHandler
                0x0800c268                I2C2_ER_IRQHandler
                0x0800c268                TIM8_BRK_IRQHandler
                0x0800c268                FLASH_IRQHandler
                0x0800c268                TIM20_CC_IRQHandler
                0x0800c268                SPI3_IRQHandler
                0x0800c268                I2C1_ER_IRQHandler
                0x0800c268                FMC_IRQHandler
                0x0800c268                LPTIM1_IRQHandler
                0x0800c268                DMAMUX_OVR_IRQHandler
                0x0800c268                I2C4_ER_IRQHandler
                0x0800c268                USBWakeUp_IRQHandler
                0x0800c268                SAI1_IRQHandler
                0x0800c268                DMA2_Channel3_IRQHandler
                0x0800c268                TIM1_BRK_TIM15_IRQHandler
 .text.__cvt    0x0800c26a       0xca C:/Users/33512/AppData/Local/stm32cube/bundles/gnu-tools-for-stm32/13.3.1+st.9/bin/../lib/gcc/arm-none-eabi/13.3.1/../../../../arm-none-eabi/lib/thumb/v7e-m+fp/hard\libc_nano.a(libc_a-nano-vfprintf_float.o)
                0x0800c26a                __cvt
 .text.__exponent
                0x0800c334       0x74 C:/Users/33512/AppData/Local/stm32cube/bundles/gnu-tools-for-stm32/13.3.1+st.9/bin/../lib/gcc/arm-none-eabi/13.3.1/../../../../arm-none-eabi/lib/thumb/v7e-m+fp/hard\libc_nano.a(libc_a-nano-vfprintf_float.o)
                0x0800c334                __exponent
 .text._printf_float
                0x0800c3a8      0x454 C:/Users/33512/AppData/Local/stm32cube/bundles/gnu-tools-for-stm32/13.3.1+st.9/bin/../lib/gcc/arm-none-eabi/13.3.1/../../../../arm-none-eabi/lib/thumb/v7e-m+fp/hard\libc_nano.a(libc_a-nano-vfprintf_float.o)
                0x0800c3a8                _printf_float
 .text._printf_common
                0x0800c7fc       0xda C:/Users/33512/AppData/Local/stm32cube/bundles/gnu-tools-for-stm32/13.3.1+st.9/bin/../lib/gcc/arm-none-eabi/13.3.1/../../../../arm-none-eabi/lib/thumb/v7e-m+fp/hard\libc_nano.a(libc_a-nano-vfprintf_i.o)
                0x0800c7fc                _printf_common
 *fill*         0x0800c8d6        0x2 
 .text._printf_i
                0x0800c8d8      0x23c C:/Users/33512/AppData/Local/stm32cube/bundles/gnu-tools-for-stm32/13.3.1+st.9/bin/../lib/gcc/arm-none-eabi/13.3.1/../../../../arm-none-eabi/lib/thumb/v7e-m+fp/hard\libc_nano.a(libc_a-nano-vfprintf_i.o)
                0x0800c8d8                _printf_i
 .text.std      0x0800cb14       0x6c C:/Users/33512/AppData/Local/stm32cube/bundles/gnu-tools-for-stm32/13.3.1+st.9/bin/../lib/gcc/arm-none-eabi/13.3.1/../../../../arm-none-eabi/lib/thumb/v7e-m+fp/hard\libc_nano.a(libc_a-findfp.o)
 .text.stdio_exit_handler
                0x0800cb80       0x18 C:/Users/33512/AppData/Local/stm32cube/bundles/gnu-tools-for-stm32/13.3.1+st.9/bin/../lib/gcc/arm-none-eabi/13.3.1/../../../../arm-none-eabi/lib/thumb/v7e-m+fp/hard\libc_nano.a(libc_a-findfp.o)
 .text.cleanup_stdio
                0x0800cb98       0x40 C:/Users/33512/AppData/Local/stm32cube/bundles/gnu-tools-for-stm32/13.3.1+st.9/bin/../lib/gcc/arm-none-eabi/13.3.1/../../../../arm-none-eabi/lib/thumb/v7e-m+fp/hard\libc_nano.a(libc_a-findfp.o)
 .text.global_stdio_init.part.0
                0x0800cbd8       0x3c C:/Users/33512/AppData/Local/stm32cube/bundles/gnu-tools-for-stm32/13.3.1+st.9/bin/../lib/gcc/arm-none-eabi/13.3.1/../../../../arm-none-eabi/lib/thumb/v7e-m+fp/hard\libc_nano.a(libc_a-findfp.o)
 .text.__sfp_lock_acquire
                0x0800cc14        0xc C:/Users/33512/AppData/Local/stm32cube/bundles/gnu-tools-for-stm32/13.3.1+st.9/bin/../lib/gcc/arm-none-eabi/13.3.1/../../../../arm-none-eabi/lib/thumb/v7e-m+fp/hard\libc_nano.a(libc_a-findfp.o)
                0x0800cc14                __sfp_lock_acquire
 .text.__sfp_lock_release
                0x0800cc20        0xc C:/Users/33512/AppData/Local/stm32cube/bundles/gnu-tools-for-stm32/13.3.1+st.9/bin/../lib/gcc/arm-none-eabi/13.3.1/../../../../arm-none-eabi/lib/thumb/v7e-m+fp/hard\libc_nano.a(libc_a-findfp.o)
                0x0800cc20                __sfp_lock_release
 .text.__sinit  0x0800cc2c       0x30 C:/Users/33512/AppData/Local/stm32cube/bundles/gnu-tools-for-stm32/13.3.1+st.9/bin/../lib/gcc/arm-none-eabi/13.3.1/../../../../arm-none-eabi/lib/thumb/v7e-m+fp/hard\libc_nano.a(libc_a-findfp.o)
                0x0800cc2c                __sinit
 .text._fwalk_sglue
                0x0800cc5c       0x3c C:/Users/33512/AppData/Local/stm32cube/bundles/gnu-tools-for-stm32/13.3.1+st.9/bin/../lib/gcc/arm-none-eabi/13.3.1/../../../../arm-none-eabi/lib/thumb/v7e-m+fp/hard\libc_nano.a(libc_a-fwalk.o)
                0x0800cc5c                _fwalk_sglue
 .text.__sread  0x0800cc98       0x22 C:/Users/33512/AppData/Local/stm32cube/bundles/gnu-tools-for-stm32/13.3.1+st.9/bin/../lib/gcc/arm-none-eabi/13.3.1/../../../../arm-none-eabi/lib/thumb/v7e-m+fp/hard\libc_nano.a(libc_a-stdio.o)
                0x0800cc98                __sread
 .text.__swrite
                0x0800ccba       0x38 C:/Users/33512/AppData/Local/stm32cube/bundles/gnu-tools-for-stm32/13.3.1+st.9/bin/../lib/gcc/arm-none-eabi/13.3.1/../../../../arm-none-eabi/lib/thumb/v7e-m+fp/hard\libc_nano.a(libc_a-stdio.o)
                0x0800ccba                __swrite
 .text.__sseek  0x0800ccf2       0x24 C:/Users/33512/AppData/Local/stm32cube/bundles/gnu-tools-for-stm32/13.3.1+st.9/bin/../lib/gcc/arm-none-eabi/13.3.1/../../../../arm-none-eabi/lib/thumb/v7e-m+fp/hard\libc_nano.a(libc_a-stdio.o)
                0x0800ccf2                __sseek
 .text.__sclose
                0x0800cd16        0x8 C:/Users/33512/AppData/Local/stm32cube/bundles/gnu-tools-for-stm32/13.3.1+st.9/bin/../lib/gcc/arm-none-eabi/13.3.1/../../../../arm-none-eabi/lib/thumb/v7e-m+fp/hard\libc_nano.a(libc_a-stdio.o)
                0x0800cd16                __sclose
 .text.memset   0x0800cd1e       0x10 C:/Users/33512/AppData/Local/stm32cube/bundles/gnu-tools-for-stm32/13.3.1+st.9/bin/../lib/gcc/arm-none-eabi/13.3.1/../../../../arm-none-eabi/lib/thumb/v7e-m+fp/hard\libc_nano.a(libc_a-memset.o)
                0x0800cd1e                memset
 *fill*         0x0800cd2e        0x2 
 .text._localeconv_r
                0x0800cd30        0x8 C:/Users/33512/AppData/Local/stm32cube/bundles/gnu-tools-for-stm32/13.3.1+st.9/bin/../lib/gcc/arm-none-eabi/13.3.1/../../../../arm-none-eabi/lib/thumb/v7e-m+fp/hard\libc_nano.a(libc_a-localeconv.o)
                0x0800cd30                _localeconv_r
 .text._close_r
                0x0800cd38       0x20 C:/Users/33512/AppData/Local/stm32cube/bundles/gnu-tools-for-stm32/13.3.1+st.9/bin/../lib/gcc/arm-none-eabi/13.3.1/../../../../arm-none-eabi/lib/thumb/v7e-m+fp/hard\libc_nano.a(libc_a-closer.o)
                0x0800cd38                _close_r
 .text._lseek_r
                0x0800cd58       0x24 C:/Users/33512/AppData/Local/stm32cube/bundles/gnu-tools-for-stm32/13.3.1+st.9/bin/../lib/gcc/arm-none-eabi/13.3.1/../../../../arm-none-eabi/lib/thumb/v7e-m+fp/hard\libc_nano.a(libc_a-lseekr.o)
                0x0800cd58                _lseek_r
 .text._read_r  0x0800cd7c       0x24 C:/Users/33512/AppData/Local/stm32cube/bundles/gnu-tools-for-stm32/13.3.1+st.9/bin/../lib/gcc/arm-none-eabi/13.3.1/../../../../arm-none-eabi/lib/thumb/v7e-m+fp/hard\libc_nano.a(libc_a-readr.o)
                0x0800cd7c                _read_r
 .text._write_r
                0x0800cda0       0x24 C:/Users/33512/AppData/Local/stm32cube/bundles/gnu-tools-for-stm32/13.3.1+st.9/bin/../lib/gcc/arm-none-eabi/13.3.1/../../../../arm-none-eabi/lib/thumb/v7e-m+fp/hard\libc_nano.a(libc_a-writer.o)
                0x0800cda0                _write_r
 .text.__errno  0x0800cdc4        0xc C:/Users/33512/AppData/Local/stm32cube/bundles/gnu-tools-for-stm32/13.3.1+st.9/bin/../lib/gcc/arm-none-eabi/13.3.1/../../../../arm-none-eabi/lib/thumb/v7e-m+fp/hard\libc_nano.a(libc_a-errno.o)
                0x0800cdc4                __errno
 .text.__libc_init_array
                0x0800cdd0       0x48 C:/Users/33512/AppData/Local/stm32cube/bundles/gnu-tools-for-stm32/13.3.1+st.9/bin/../lib/gcc/arm-none-eabi/13.3.1/../../../../arm-none-eabi/lib/thumb/v7e-m+fp/hard\libc_nano.a(libc_a-init.o)
                0x0800cdd0                __libc_init_array
 .text.__retarget_lock_init_recursive
                0x0800ce18        0x2 C:/Users/33512/AppData/Local/stm32cube/bundles/gnu-tools-for-stm32/13.3.1+st.9/bin/../lib/gcc/arm-none-eabi/13.3.1/../../../../arm-none-eabi/lib/thumb/v7e-m+fp/hard\libc_nano.a(libc_a-lock.o)
                0x0800ce18                __retarget_lock_init_recursive
 .text.__retarget_lock_acquire_recursive
                0x0800ce1a        0x2 C:/Users/33512/AppData/Local/stm32cube/bundles/gnu-tools-for-stm32/13.3.1+st.9/bin/../lib/gcc/arm-none-eabi/13.3.1/../../../../arm-none-eabi/lib/thumb/v7e-m+fp/hard\libc_nano.a(libc_a-lock.o)
                0x0800ce1a                __retarget_lock_acquire_recursive
 .text.__retarget_lock_release_recursive
                0x0800ce1c        0x2 C:/Users/33512/AppData/Local/stm32cube/bundles/gnu-tools-for-stm32/13.3.1+st.9/bin/../lib/gcc/arm-none-eabi/13.3.1/../../../../arm-none-eabi/lib/thumb/v7e-m+fp/hard\libc_nano.a(libc_a-lock.o)
                0x0800ce1c                __retarget_lock_release_recursive
 .text.quorem   0x0800ce1e      0x110 C:/Users/33512/AppData/Local/stm32cube/bundles/gnu-tools-for-stm32/13.3.1+st.9/bin/../lib/gcc/arm-none-eabi/13.3.1/../../../../arm-none-eabi/lib/thumb/v7e-m+fp/hard\libc_nano.a(libc_a-dtoa.o)
 *fill*         0x0800cf2e        0x2 
 .text._dtoa_r  0x0800cf30      0xba0 C:/Users/33512/AppData/Local/stm32cube/bundles/gnu-tools-for-stm32/13.3.1+st.9/bin/../lib/gcc/arm-none-eabi/13.3.1/../../../../arm-none-eabi/lib/thumb/v7e-m+fp/hard\libc_nano.a(libc_a-dtoa.o)
                0x0800cf30                _dtoa_r
 .text._free_r  0x0800dad0       0x94 C:/Users/33512/AppData/Local/stm32cube/bundles/gnu-tools-for-stm32/13.3.1+st.9/bin/../lib/gcc/arm-none-eabi/13.3.1/../../../../arm-none-eabi/lib/thumb/v7e-m+fp/hard\libc_nano.a(libc_a-freer.o)
                0x0800dad0                _free_r
 .text.malloc   0x0800db64       0x10 C:/Users/33512/AppData/Local/stm32cube/bundles/gnu-tools-for-stm32/13.3.1+st.9/bin/../lib/gcc/arm-none-eabi/13.3.1/../../../../arm-none-eabi/lib/thumb/v7e-m+fp/hard\libc_nano.a(libc_a-malloc.o)
                0x0800db64                malloc
 .text.sbrk_aligned
                0x0800db74       0x44 C:/Users/33512/AppData/Local/stm32cube/bundles/gnu-tools-for-stm32/13.3.1+st.9/bin/../lib/gcc/arm-none-eabi/13.3.1/../../../../arm-none-eabi/lib/thumb/v7e-m+fp/hard\libc_nano.a(libc_a-mallocr.o)
 .text._malloc_r
                0x0800dbb8      0x100 C:/Users/33512/AppData/Local/stm32cube/bundles/gnu-tools-for-stm32/13.3.1+st.9/bin/../lib/gcc/arm-none-eabi/13.3.1/../../../../arm-none-eabi/lib/thumb/v7e-m+fp/hard\libc_nano.a(libc_a-mallocr.o)
                0x0800dbb8                _malloc_r
 .text.__malloc_lock
                0x0800dcb8        0xc C:/Users/33512/AppData/Local/stm32cube/bundles/gnu-tools-for-stm32/13.3.1+st.9/bin/../lib/gcc/arm-none-eabi/13.3.1/../../../../arm-none-eabi/lib/thumb/v7e-m+fp/hard\libc_nano.a(libc_a-mlock.o)
                0x0800dcb8                __malloc_lock
 .text.__malloc_unlock
                0x0800dcc4        0xc C:/Users/33512/AppData/Local/stm32cube/bundles/gnu-tools-for-stm32/13.3.1+st.9/bin/../lib/gcc/arm-none-eabi/13.3.1/../../../../arm-none-eabi/lib/thumb/v7e-m+fp/hard\libc_nano.a(libc_a-mlock.o)
                0x0800dcc4                __malloc_unlock
 .text._Balloc  0x0800dcd0       0x80 C:/Users/33512/AppData/Local/stm32cube/bundles/gnu-tools-for-stm32/13.3.1+st.9/bin/../lib/gcc/arm-none-eabi/13.3.1/../../../../arm-none-eabi/lib/thumb/v7e-m+fp/hard\libc_nano.a(libc_a-mprec.o)
                0x0800dcd0                _Balloc
 .text._Bfree   0x0800dd50       0x44 C:/Users/33512/AppData/Local/stm32cube/bundles/gnu-tools-for-stm32/13.3.1+st.9/bin/../lib/gcc/arm-none-eabi/13.3.1/../../../../arm-none-eabi/lib/thumb/v7e-m+fp/hard\libc_nano.a(libc_a-mprec.o)
                0x0800dd50                _Bfree
 .text.__multadd
                0x0800dd94       0x8c C:/Users/33512/AppData/Local/stm32cube/bundles/gnu-tools-for-stm32/13.3.1+st.9/bin/../lib/gcc/arm-none-eabi/13.3.1/../../../../arm-none-eabi/lib/thumb/v7e-m+fp/hard\libc_nano.a(libc_a-mprec.o)
                0x0800dd94                __multadd
 .text.__hi0bits
                0x0800de20       0x3e C:/Users/33512/AppData/Local/stm32cube/bundles/gnu-tools-for-stm32/13.3.1+st.9/bin/../lib/gcc/arm-none-eabi/13.3.1/../../../../arm-none-eabi/lib/thumb/v7e-m+fp/hard\libc_nano.a(libc_a-mprec.o)
                0x0800de20                __hi0bits
 .text.__lo0bits
                0x0800de5e       0x5a C:/Users/33512/AppData/Local/stm32cube/bundles/gnu-tools-for-stm32/13.3.1+st.9/bin/../lib/gcc/arm-none-eabi/13.3.1/../../../../arm-none-eabi/lib/thumb/v7e-m+fp/hard\libc_nano.a(libc_a-mprec.o)
                0x0800de5e                __lo0bits
 .text.__i2b    0x0800deb8       0x2c C:/Users/33512/AppData/Local/stm32cube/bundles/gnu-tools-for-stm32/13.3.1+st.9/bin/../lib/gcc/arm-none-eabi/13.3.1/../../../../arm-none-eabi/lib/thumb/v7e-m+fp/hard\libc_nano.a(libc_a-mprec.o)
                0x0800deb8                __i2b
 .text.__multiply
                0x0800dee4      0x144 C:/Users/33512/AppData/Local/stm32cube/bundles/gnu-tools-for-stm32/13.3.1+st.9/bin/../lib/gcc/arm-none-eabi/13.3.1/../../../../arm-none-eabi/lib/thumb/v7e-m+fp/hard\libc_nano.a(libc_a-mprec.o)
                0x0800dee4                __multiply
 .text.__pow5mult
                0x0800e028       0xb4 C:/Users/33512/AppData/Local/stm32cube/bundles/gnu-tools-for-stm32/13.3.1+st.9/bin/../lib/gcc/arm-none-eabi/13.3.1/../../../../arm-none-eabi/lib/thumb/v7e-m+fp/hard\libc_nano.a(libc_a-mprec.o)
                0x0800e028                __pow5mult
 .text.__lshift
                0x0800e0dc       0xd8 C:/Users/33512/AppData/Local/stm32cube/bundles/gnu-tools-for-stm32/13.3.1+st.9/bin/../lib/gcc/arm-none-eabi/13.3.1/../../../../arm-none-eabi/lib/thumb/v7e-m+fp/hard\libc_nano.a(libc_a-mprec.o)
                0x0800e0dc                __lshift
 .text.__mcmp   0x0800e1b4       0x36 C:/Users/33512/AppData/Local/stm32cube/bundles/gnu-tools-for-stm32/13.3.1+st.9/bin/../lib/gcc/arm-none-eabi/13.3.1/../../../../arm-none-eabi/lib/thumb/v7e-m+fp/hard\libc_nano.a(libc_a-mprec.o)
                0x0800e1b4                __mcmp
 *fill*         0x0800e1ea        0x2 
 .text.__mdiff  0x0800e1ec      0x128 C:/Users/33512/AppData/Local/stm32cube/bundles/gnu-tools-for-stm32/13.3.1+st.9/bin/../lib/gcc/arm-none-eabi/13.3.1/../../../../arm-none-eabi/lib/thumb/v7e-m+fp/hard\libc_nano.a(libc_a-mprec.o)
                0x0800e1ec                __mdiff
 .text.__d2b    0x0800e314       0xb0 C:/Users/33512/AppData/Local/stm32cube/bundles/gnu-tools-for-stm32/13.3.1+st.9/bin/../lib/gcc/arm-none-eabi/13.3.1/../../../../arm-none-eabi/lib/thumb/v7e-m+fp/hard\libc_nano.a(libc_a-mprec.o)
                0x0800e314                __d2b
 .text.__sflush_r
                0x0800e3c4      0x108 C:/Users/33512/AppData/Local/stm32cube/bundles/gnu-tools-for-stm32/13.3.1+st.9/bin/../lib/gcc/arm-none-eabi/13.3.1/../../../../arm-none-eabi/lib/thumb/v7e-m+fp/hard\libc_nano.a(libc_a-fflush.o)
                0x0800e3c4                __sflush_r
 .text._fflush_r
                0x0800e4cc       0x50 C:/Users/33512/AppData/Local/stm32cube/bundles/gnu-tools-for-stm32/13.3.1+st.9/bin/../lib/gcc/arm-none-eabi/13.3.1/../../../../arm-none-eabi/lib/thumb/v7e-m+fp/hard\libc_nano.a(libc_a-fflush.o)
                0x0800e4cc                _fflush_r
 .text._sbrk_r  0x0800e51c       0x20 C:/Users/33512/AppData/Local/stm32cube/bundles/gnu-tools-for-stm32/13.3.1+st.9/bin/../lib/gcc/arm-none-eabi/13.3.1/../../../../arm-none-eabi/lib/thumb/v7e-m+fp/hard\libc_nano.a(libc_a-sbrkr.o)
                0x0800e51c                _sbrk_r
 .text.memcpy   0x0800e53c       0x1c C:/Users/33512/AppData/Local/stm32cube/bundles/gnu-tools-for-stm32/13.3.1+st.9/bin/../lib/gcc/arm-none-eabi/13.3.1/../../../../arm-none-eabi/lib/thumb/v7e-m+fp/hard\libc_nano.a(libc_a-memcpy-stub.o)
                0x0800e53c                memcpy
 .text.__assert_func
                0x0800e558       0x3c C:/Users/33512/AppData/Local/stm32cube/bundles/gnu-tools-for-stm32/13.3.1+st.9/bin/../lib/gcc/arm-none-eabi/13.3.1/../../../../arm-none-eabi/lib/thumb/v7e-m+fp/hard\libc_nano.a(libc_a-assert.o)
                0x0800e558                __assert_func
 .text._calloc_r
                0x0800e594       0x28 C:/Users/33512/AppData/Local/stm32cube/bundles/gnu-tools-for-stm32/13.3.1+st.9/bin/../lib/gcc/arm-none-eabi/13.3.1/../../../../arm-none-eabi/lib/thumb/v7e-m+fp/hard\libc_nano.a(libc_a-callocr.o)
                0x0800e594                _calloc_r
 .text.__ascii_mbtowc
                0x0800e5bc       0x24 C:/Users/33512/AppData/Local/stm32cube/bundles/gnu-tools-for-stm32/13.3.1+st.9/bin/../lib/gcc/arm-none-eabi/13.3.1/../../../../arm-none-eabi/lib/thumb/v7e-m+fp/hard\libc_nano.a(libc_a-mbtowc_r.o)
                0x0800e5bc                __ascii_mbtowc
 .text.__ascii_wctomb
                0x0800e5e0       0x1a C:/Users/33512/AppData/Local/stm32cube/bundles/gnu-tools-for-stm32/13.3.1+st.9/bin/../lib/gcc/arm-none-eabi/13.3.1/../../../../arm-none-eabi/lib/thumb/v7e-m+fp/hard\libc_nano.a(libc_a-wctomb_r.o)
                0x0800e5e0                __ascii_wctomb
 *fill*         0x0800e5fa        0x2 
 .text.fprintf  0x0800e5fc       0x24 C:/Users/33512/AppData/Local/stm32cube/bundles/gnu-tools-for-stm32/13.3.1+st.9/bin/../lib/gcc/arm-none-eabi/13.3.1/../../../../arm-none-eabi/lib/thumb/v7e-m+fp/hard\libc_nano.a(libc_a-fprintf.o)
                0x0800e5fc                fiprintf
                0x0800e5fc                fprintf
 .text.abort    0x0800e620        0xe C:/Users/33512/AppData/Local/stm32cube/bundles/gnu-tools-for-stm32/13.3.1+st.9/bin/../lib/gcc/arm-none-eabi/13.3.1/../../../../arm-none-eabi/lib/thumb/v7e-m+fp/hard\libc_nano.a(libc_a-abort.o)
                0x0800e620                abort
 .text.__sfputc_r
                0x0800e62e       0x2e C:/Users/33512/AppData/Local/stm32cube/bundles/gnu-tools-for-stm32/13.3.1+st.9/bin/../lib/gcc/arm-none-eabi/13.3.1/../../../../arm-none-eabi/lib/thumb/v7e-m+fp/hard\libc_nano.a(libc_a-nano-vfprintf.o)
 .text.__sfputs_r
                0x0800e65c       0x24 C:/Users/33512/AppData/Local/stm32cube/bundles/gnu-tools-for-stm32/13.3.1+st.9/bin/../lib/gcc/arm-none-eabi/13.3.1/../../../../arm-none-eabi/lib/thumb/v7e-m+fp/hard\libc_nano.a(libc_a-nano-vfprintf.o)
                0x0800e65c                __sfputs_r
 .text._vfprintf_r
                0x0800e680      0x230 C:/Users/33512/AppData/Local/stm32cube/bundles/gnu-tools-for-stm32/13.3.1+st.9/bin/../lib/gcc/arm-none-eabi/13.3.1/../../../../arm-none-eabi/lib/thumb/v7e-m+fp/hard\libc_nano.a(libc_a-nano-vfprintf.o)
                0x0800e680                _vfprintf_r
                0x0800e680                _vfiprintf_r
 .text.__swbuf_r
                0x0800e8b0       0x7c C:/Users/33512/AppData/Local/stm32cube/bundles/gnu-tools-for-stm32/13.3.1+st.9/bin/../lib/gcc/arm-none-eabi/13.3.1/../../../../arm-none-eabi/lib/thumb/v7e-m+fp/hard\libc_nano.a(libc_a-wbuf.o)
                0x0800e8b0                __swbuf_r
 .text.__swsetup_r
                0x0800e92c       0xac C:/Users/33512/AppData/Local/stm32cube/bundles/gnu-tools-for-stm32/13.3.1+st.9/bin/../lib/gcc/arm-none-eabi/13.3.1/../../../../arm-none-eabi/lib/thumb/v7e-m+fp/hard\libc_nano.a(libc_a-wsetup.o)
                0x0800e92c                __swsetup_r
 .text._raise_r
                0x0800e9d8       0x50 C:/Users/33512/AppData/Local/stm32cube/bundles/gnu-tools-for-stm32/13.3.1+st.9/bin/../lib/gcc/arm-none-eabi/13.3.1/../../../../arm-none-eabi/lib/thumb/v7e-m+fp/hard\libc_nano.a(libc_a-signal.o)
                0x0800e9d8                _raise_r
 .text.raise    0x0800ea28       0x10 C:/Users/33512/AppData/Local/stm32cube/bundles/gnu-tools-for-stm32/13.3.1+st.9/bin/../lib/gcc/arm-none-eabi/13.3.1/../../../../arm-none-eabi/lib/thumb/v7e-m+fp/hard\libc_nano.a(libc_a-signal.o)
                0x0800ea28                raise
 .text._kill_r  0x0800ea38       0x24 C:/Users/33512/AppData/Local/stm32cube/bundles/gnu-tools-for-stm32/13.3.1+st.9/bin/../lib/gcc/arm-none-eabi/13.3.1/../../../../arm-none-eabi/lib/thumb/v7e-m+fp/hard\libc_nano.a(libc_a-signalr.o)
                0x0800ea38                _kill_r
 .text._getpid_r
                0x0800ea5c        0x4 C:/Users/33512/AppData/Local/stm32cube/bundles/gnu-tools-for-stm32/13.3.1+st.9/bin/../lib/gcc/arm-none-eabi/13.3.1/../../../../arm-none-eabi/lib/thumb/v7e-m+fp/hard\libc_nano.a(libc_a-signalr.o)
                0x0800ea5c                _getpid_r
 .text.__swhatbuf_r
                0x0800ea60       0x4c C:/Users/33512/AppData/Local/stm32cube/bundles/gnu-tools-for-stm32/13.3.1+st.9/bin/../lib/gcc/arm-none-eabi/13.3.1/../../../../arm-none-eabi/lib/thumb/v7e-m+fp/hard\libc_nano.a(libc_a-makebuf.o)
                0x0800ea60                __swhatbuf_r
 .text.__smakebuf_r
                0x0800eaac       0x78 C:/Users/33512/AppData/Local/stm32cube/bundles/gnu-tools-for-stm32/13.3.1+st.9/bin/../lib/gcc/arm-none-eabi/13.3.1/../../../../arm-none-eabi/lib/thumb/v7e-m+fp/hard\libc_nano.a(libc_a-makebuf.o)
                0x0800eaac                __smakebuf_r
 .text._fstat_r
                0x0800eb24       0x24 C:/Users/33512/AppData/Local/stm32cube/bundles/gnu-tools-for-stm32/13.3.1+st.9/bin/../lib/gcc/arm-none-eabi/13.3.1/../../../../arm-none-eabi/lib/thumb/v7e-m+fp/hard\libc_nano.a(libc_a-fstatr.o)
                0x0800eb24                _fstat_r
 .text._isatty_r
                0x0800eb48       0x20 C:/Users/33512/AppData/Local/stm32cube/bundles/gnu-tools-for-stm32/13.3.1+st.9/bin/../lib/gcc/arm-none-eabi/13.3.1/../../../../arm-none-eabi/lib/thumb/v7e-m+fp/hard\libc_nano.a(libc_a-isattyr.o)
                0x0800eb48                _isatty_r
 *(.glue_7)
 .glue_7        0x0800eb68        0x0 linker stubs
 *(.glue_7t)
 .glue_7t       0x0800eb68        0x0 linker stubs
 *(.eh_frame)
 .eh_frame      0x0800eb68        0x0 C:/Users/33512/AppData/Local/stm32cube/bundles/gnu-tools-for-stm32/13.3.1+st.9/bin/../lib/gcc/arm-none-eabi/13.3.1/thumb/v7e-m+fp/hard/crtbegin.o
 *(.init)
 .init          0x0800eb68        0x4 C:/Users/33512/AppData/Local/stm32cube/bundles/gnu-tools-for-stm32/13.3.1+st.9/bin/../lib/gcc/arm-none-eabi/13.3.1/thumb/v7e-m+fp/hard/crti.o
                0x0800eb68                _init
 .init          0x0800eb6c        0x8 C:/Users/33512/AppData/Local/stm32cube/bundles/gnu-tools-for-stm32/13.3.1+st.9/bin/../lib/gcc/arm-none-eabi/13.3.1/thumb/v7e-m+fp/hard/crtn.o
 *(.fini)
 .fini          0x0800eb74        0x4 C:/Users/33512/AppData/Local/stm32cube/bundles/gnu-tools-for-stm32/13.3.1+st.9/bin/../lib/gcc/arm-none-eabi/13.3.1/thumb/v7e-m+fp/hard/crti.o
                0x0800eb74                _fini