Archive member included to satisfy reference by file (symbol)

C:/Users/33512/AppData/Local/stm32cube/bundles/gnu-tools-for-stm32/13.3.1+st.9/bin/../lib/gcc/arm-none-eabi/13.3.1/../../../../arm-none-eabi/lib/thumb/v7e-m+fp/hard\libc_nano.a(libc_a-exit.o)
                              C:/Users/33512/AppData/Local/stm32cube/bundles/gnu-tools-for-stm32/13.3.1+st.9/bin/../lib/gcc/arm-none-eabi/13.3.1/../../../../arm-none-eabi/lib/thumb/v7e-m+fp/hard/crt0.o (exit)
C:/Users/33512/AppData/Local/stm32cube/bundles/gnu-tools-for-stm32/13.3.1+st.9/bin/../lib/gcc/arm-none-eabi/13.3.1/../../../../arm-none-eabi/lib/thumb/v7e-m+fp/hard\libc_nano.a(libc_a-nano-vfprintf_float.o)
                              (_printf_float)
C:/Users/33512/AppData/Local/stm32cube/bundles/gnu-tools-for-stm32/13.3.1+st.9/bin/../lib/gcc/arm-none-eabi/13.3.1/../../../../arm-none-eabi/lib/thumb/v7e-m+fp/hard\libc_nano.a(libc_a-nano-vfprintf_i.o)
                              C:/Users/33512/AppData/Local/stm32cube/bundles/gnu-tools-for-stm32/13.3.1+st.9/bin/../lib/gcc/arm-none-eabi/13.3.1/../../../../arm-none-eabi/lib/thumb/v7e-m+fp/hard\libc_nano.a(libc_a-nano-vfprintf_float.o) (_printf_common)
C:/Users/33512/AppData/Local/stm32cube/bundles/gnu-tools-for-stm32/13.3.1+st.9/bin/../lib/gcc/arm-none-eabi/13.3.1/../../../../arm-none-eabi/lib/thumb/v7e-m+fp/hard\libc_nano.a(libc_a-findfp.o)
                              C:/Users/33512/AppData/Local/stm32cube/bundles/gnu-tools-for-stm32/13.3.1+st.9/bin/../lib/gcc/arm-none-eabi/13.3.1/../../../../arm-none-eabi/lib/thumb/v7e-m+fp/hard\libc_nano.a(libc_a-exit.o) (__stdio_exit_handler)
C:/Users/33512/AppData/Local/stm32cube/bundles/gnu-tools-for-stm32/13.3.1+st.9/bin/../lib/gcc/arm-none-eabi/13.3.1/../../../../arm-none-eabi/lib/thumb/v7e-m+fp/hard\libc_nano.a(libc_a-fwalk.o)
                              C:/Users/33512/AppData/Local/stm32cube/bundles/gnu-tools-for-stm32/13.3.1+st.9/bin/../lib/gcc/arm-none-eabi/13.3.1/../../../../arm-none-eabi/lib/thumb/v7e-m+fp/hard\libc_nano.a(libc_a-findfp.o) (_fwalk_sglue)
C:/Users/33512/AppData/Local/stm32cube/bundles/gnu-tools-for-stm32/13.3.1+st.9/bin/../lib/gcc/arm-none-eabi/13.3.1/../../../../arm-none-eabi/lib/thumb/v7e-m+fp/hard\libc_nano.a(libc_a-snprintf.o)
                              CMakeFiles/PulseDrive.dir/Core/Src/main.c.obj (snprintf)
C:/Users/33512/AppData/Local/stm32cube/bundles/gnu-tools-for-stm32/13.3.1+st.9/bin/../lib/gcc/arm-none-eabi/13.3.1/../../../../arm-none-eabi/lib/thumb/v7e-m+fp/hard\libc_nano.a(libc_a-stdio.o)
                              C:/Users/33512/AppData/Local/stm32cube/bundles/gnu-tools-for-stm32/13.3.1+st.9/bin/../lib/gcc/arm-none-eabi/13.3.1/../../../../arm-none-eabi/lib/thumb/v7e-m+fp/hard\libc_nano.a(libc_a-findfp.o) (__sread)
C:/Users/33512/AppData/Local/stm32cube/bundles/gnu-tools-for-stm32/13.3.1+st.9/bin/../lib/gcc/arm-none-eabi/13.3.1/../../../../arm-none-eabi/lib/thumb/v7e-m+fp/hard\libc_nano.a(libc_a-memset.o)
                              C:/Users/33512/AppData/Local/stm32cube/bundles/gnu-tools-for-stm32/13.3.1+st.9/bin/../lib/gcc/arm-none-eabi/13.3.1/../../../../arm-none-eabi/lib/thumb/v7e-m+fp/hard/crt0.o (memset)
C:/Users/33512/AppData/Local/stm32cube/bundles/gnu-tools-for-stm32/13.3.1+st.9/bin/../lib/gcc/arm-none-eabi/13.3.1/../../../../arm-none-eabi/lib/thumb/v7e-m+fp/hard\libc_nano.a(libc_a-localeconv.o)
                              C:/Users/33512/AppData/Local/stm32cube/bundles/gnu-tools-for-stm32/13.3.1+st.9/bin/../lib/gcc/arm-none-eabi/13.3.1/../../../../arm-none-eabi/lib/thumb/v7e-m+fp/hard\libc_nano.a(libc_a-nano-vfprintf_float.o) (_localeconv_r)
C:/Users/33512/AppData/Local/stm32cube/bundles/gnu-tools-for-stm32/13.3.1+st.9/bin/../lib/gcc/arm-none-eabi/13.3.1/../../../../arm-none-eabi/lib/thumb/v7e-m+fp/hard\libc_nano.a(libc_a-closer.o)
                              C:/Users/33512/AppData/Local/stm32cube/bundles/gnu-tools-for-stm32/13.3.1+st.9/bin/../lib/gcc/arm-none-eabi/13.3.1/../../../../arm-none-eabi/lib/thumb/v7e-m+fp/hard\libc_nano.a(libc_a-stdio.o) (_close_r)
C:/Users/33512/AppData/Local/stm32cube/bundles/gnu-tools-for-stm32/13.3.1+st.9/bin/../lib/gcc/arm-none-eabi/13.3.1/../../../../arm-none-eabi/lib/thumb/v7e-m+fp/hard\libc_nano.a(libc_a-reent.o)
                              C:/Users/33512/AppData/Local/stm32cube/bundles/gnu-tools-for-stm32/13.3.1+st.9/bin/../lib/gcc/arm-none-eabi/13.3.1/../../../../arm-none-eabi/lib/thumb/v7e-m+fp/hard\libc_nano.a(libc_a-closer.o) (errno)
C:/Users/33512/AppData/Local/stm32cube/bundles/gnu-tools-for-stm32/13.3.1+st.9/bin/../lib/gcc/arm-none-eabi/13.3.1/../../../../arm-none-eabi/lib/thumb/v7e-m+fp/hard\libc_nano.a(libc_a-impure.o)
                              C:/Users/33512/AppData/Local/stm32cube/bundles/gnu-tools-for-stm32/13.3.1+st.9/bin/../lib/gcc/arm-none-eabi/13.3.1/../../../../arm-none-eabi/lib/thumb/v7e-m+fp/hard\libc_nano.a(libc_a-snprintf.o) (_impure_ptr)
[...]
Memory Configuration

Name             Origin             Length             Attributes
RAM              0x20000000         0x00020000         xrw
FLASH            0x08000000         0x00080000         xr
*default*        0x00000000         0xffffffff

Linker script and memory map

LOAD C:/Users/33512/AppData/Local/stm32cube/bundles/gnu-tools-for-stm32/13.3.1+st.9/bin/../lib/gcc/arm-none-eabi/13.3.1/thumb/v7e-m+fp/hard/crti.o
LOAD C:/Users/33512/AppData/Local/stm32cube/bundles/gnu-tools-for-stm32/13.3.1+st.9/bin/../lib/gcc/arm-none-eabi/13.3.1/thumb/v7e-m+fp/hard/crtbegin.o
LOAD C:/Users/33512/AppData/Local/stm32cube/bundles/gnu-tools-for-stm32/13.3.1+st.9/bin/../lib/gcc/arm-none-eabi/13.3.1/../../../../arm-none-eabi/lib/thumb/v7e-m+fp/hard/crt0.o
LOAD cmake/stm32cubemx/CMakeFiles/STM32_Drivers.dir/__/__/Core/Src/system_stm32g4xx.c.obj
LOAD cmake/stm32cubemx/CMakeFiles/STM32_Drivers.dir/__/__/Drivers/STM32G4xx_HAL_Driver/Src/stm32g4xx_hal_pcd.c.obj
LOAD cmake/stm32cubemx/CMakeFiles/STM32_Drivers.dir/__/__/Drivers/STM32G4xx_HAL_Driver/Src/stm32g4xx_hal_pcd_ex.c.obj
LOAD cmake/stm32cubemx/CMakeFiles/STM32_Drivers.dir/__/__/Drivers/STM32G4xx_HAL_Driver/Src/stm32g4xx_ll_usb.c.obj
LOAD cmake/stm32cubemx/CMakeFiles/STM32_Drivers.dir/__/__/Drivers/STM32G4xx_HAL_Driver/Src/stm32g4xx_hal.c.obj
LOAD cmake/stm32cubemx/CMakeFiles/STM32_Drivers.dir/__/__/Drivers/STM32G4xx_HAL_Driver/Src/stm32g4xx_hal_rcc.c.obj
LOAD cmake/stm32cubemx/CMakeFiles/STM32_Drivers.dir/__/__/Drivers/STM32G4xx_HAL_Driver/Src/stm32g4xx_hal_rcc_ex.c.obj
LOAD cmake/stm32cubemx/CMakeFiles/STM32_Drivers.dir/__/__/Drivers/STM32G4xx_HAL_Driver/Src/stm32g4xx_hal_flash.c.obj
LOAD cmake/stm32cubemx/CMakeFiles/STM32_Drivers.dir/__/__/Drivers/STM32G4xx_HAL_Driver/Src/stm32g4xx_hal_flash_ex.c.obj
LOAD cmake/stm32cubemx/CMakeFiles/STM32_Drivers.dir/__/__/Drivers/STM32G4xx_HAL_Driver/Src/stm32g4xx_hal_flash_ramfunc.c.obj
LOAD cmake/stm32cubemx/CMakeFiles/STM32_Drivers.dir/__/__/Drivers/STM32G4xx_HAL_Driver/Src/stm32g4xx_hal_gpio.c.obj
LOAD cmake/stm32cubemx/CMakeFiles/STM32_Drivers.dir/__/__/Drivers/STM32G4xx_HAL_Driver/Src/stm32g4xx_hal_exti.c.obj
LOAD cmake/stm32cubemx/CMakeFiles/STM32_Drivers.dir/__/__/Drivers/STM32G4xx_HAL_Driver/Src/stm32g4xx_hal_dma.c.obj
LOAD cmake/stm32cubemx/CMakeFiles/STM32_Drivers.dir/__/__/Drivers/STM32G4xx_HAL_Driver/Src/stm32g4xx_hal_dma_ex.c.obj
LOAD cmake/stm32cubemx/CMakeFiles/STM32_Drivers.dir/__/__/Drivers/STM32G4xx_HAL_Driver/Src/stm32g4xx_hal_pwr.c.obj
LOAD cmake/stm32cubemx/CMakeFiles/STM32_Drivers.dir/__/__/Drivers/STM32G4xx_HAL_Driver/Src/stm32g4xx_hal_pwr_ex.c.obj
LOAD cmake/stm32cubemx/CMakeFiles/STM32_Drivers.dir/__/__/Drivers/STM32G4xx_HAL_Driver/Src/stm32g4xx_hal_cortex.c.obj
LOAD cmake/stm32cubemx/CMakeFiles/STM32_Drivers.dir/__/__/Drivers/STM32G4xx_HAL_Driver/Src/stm32g4xx_hal_hrtim.c.obj
LOAD cmake/stm32cubemx/CMakeFiles/STM32_Drivers.dir/__/__/Drivers/STM32G4xx_HAL_Driver/Src/stm32g4xx_hal_i2c.c.obj
LOAD cmake/stm32cubemx/CMakeFiles/STM32_Drivers.dir/__/__/Drivers/STM32G4xx_HAL_Driver/Src/stm32g4xx_hal_i2c_ex.c.obj
LOAD cmake/stm32cubemx/CMakeFiles/STM32_Drivers.dir/__/__/Drivers/STM32G4xx_HAL_Driver/Src/stm32g4xx_hal_spi.c.obj
LOAD cmake/stm32cubemx/CMakeFiles/STM32_Drivers.dir/__/__/Drivers/STM32G4xx_HAL_Driver/Src/stm32g4xx_hal_spi_ex.c.obj
LOAD cmake/stm32cubemx/CMakeFiles/STM32_Drivers.dir/__/__/Drivers/STM32G4xx_HAL_Driver/Src/stm32g4xx_hal_uart.c.obj
LOAD cmake/stm32cubemx/CMakeFiles/STM32_Drivers.dir/__/__/Drivers/STM32G4xx_HAL_Driver/Src/stm32g4xx_hal_uart_ex.c.obj
LOAD cmake/stm32cubemx/CMakeFiles/USB_Device_Library.dir/__/__/Middlewares/ST/STM32_USB_Device_Library/Core/Src/usbd_core.c.obj
LOAD cmake/stm32cubemx/CMakeFiles/USB_Device_Library.dir/__/__/Middlewares/ST/STM32_USB_Device_Library/Core/Src/usbd_ctlreq.c.obj
LOAD cmake/stm32cubemx/CMakeFiles/USB_Device_Library.dir/__/__/Middlewares/ST/STM32_USB_Device_Library/Core/Src/usbd_ioreq.c.obj
LOAD cmake/stm32cubemx/CMakeFiles/USB_Device_Library.dir/__/__/Middlewares/ST/STM32_USB_Device_Library/Class/CDC/Src/usbd_cdc.c.obj
LOAD CMakeFiles/PulseDrive.dir/USB_Device/App/usb_device.c.obj
LOAD CMakeFiles/PulseDrive.dir/USB_Device/App/usbd_desc.c.obj
LOAD CMakeFiles/PulseDrive.dir/USB_Device/App/usbd_cdc_if.c.obj
LOAD CMakeFiles/PulseDrive.dir/USB_Device/Target/usbd_conf.c.obj
LOAD CMakeFiles/PulseDrive.dir/Core/Src/main.c.obj
LOAD CMakeFiles/PulseDrive.dir/Core/Src/gpio.c.obj
LOAD CMakeFiles/PulseDrive.dir/Core/Src/dma.c.obj
LOAD CMakeFiles/PulseDrive.dir/Core/Src/hrtim.c.obj
LOAD CMakeFiles/PulseDrive.dir/Core/Src/i2c.c.obj
LOAD CMakeFiles/PulseDrive.dir/Core/Src/spi.c.obj
LOAD CMakeFiles/PulseDrive.dir/Core/Src/usart.c.obj
LOAD CMakeFiles/PulseDrive.dir/Core/Src/stm32g4xx_it.c.obj
LOAD CMakeFiles/PulseDrive.dir/Core/Src/stm32g4xx_hal_msp.c.obj
LOAD CMakeFiles/PulseDrive.dir/Core/Src/sysmem.c.obj
LOAD CMakeFiles/PulseDrive.dir/Core/Src/syscalls.c.obj
LOAD CMakeFiles/PulseDrive.dir/startup_stm32g474xx.s.obj
LOAD C:/Users/33512/AppData/Local/stm32cube/bundles/gnu-tools-for-stm32/13.3.1+st.9/bin/../lib/gcc/arm-none-eabi/13.3.1/../../../../arm-none-eabi/lib/thumb/v7e-m+fp/hard\libm.a
LOAD C:/Users/33512/AppData/Local/stm32cube/bundles/gnu-tools-for-stm32/13.3.1+st.9/bin/../lib/gcc/arm-none-eabi/13.3.1/../../../../arm-none-eabi/lib/thumb/v7e-m+fp/hard\libm.a
LOAD C:/Users/33512/AppData/Local/stm32cube/bundles/gnu-tools-for-stm32/13.3.1+st.9/bin/../lib/gcc/arm-none-eabi/13.3.1/../../../../arm-none-eabi/lib/thumb/v7e-m+fp/hard\libc_nano.a
START GROUP
LOAD C:/Users/33512/AppData/Local/stm32cube/bundles/gnu-tools-for-stm32/13.3.1+st.9/bin/../lib/gcc/arm-none-eabi/13.3.1/thumb/v7e-m+fp/hard\libgcc.a
LOAD C:/Users/33512/AppData/Local/stm32cube/bundles/gnu-tools-for-stm32/13.3.1+st.9/bin/../lib/gcc/arm-none-eabi/13.3.1/../../../../arm-none-eabi/lib/thumb/v7e-m+fp/hard\libg_nano.a
LOAD C:/Users/33512/AppData/Local/stm32cube/bundles/gnu-tools-for-stm32/13.3.1+st.9/bin/../lib/gcc/arm-none-eabi/13.3.1/../../../../arm-none-eabi/lib/thumb/v7e-m+fp/hard\libc_nano.a
END GROUP
START GROUP
LOAD C:/Users/33512/AppData/Local/stm32cube/bundles/gnu-tools-for-stm32/13.3.1+st.9/bin/../lib/gcc/arm-none-eabi/13.3.1/thumb/v7e-m+fp/hard\libgcc.a
LOAD C:/Users/33512/AppData/Local/stm32cube/bundles/gnu-tools-for-stm32/13.3.1+st.9/bin/../lib/gcc/arm-none-eabi/13.3.1/../../../../arm-none-eabi/lib/thumb/v7e-m+fp/hard\libc_nano.a
END GROUP
LOAD C:/Users/33512/AppData/Local/stm32cube/bundles/gnu-tools-for-stm32/13.3.1+st.9/bin/../lib/gcc/arm-none-eabi/13.3.1/thumb/v7e-m+fp/hard/crtend.o
LOAD C:/Users/33512/AppData/Local/stm32cube/bundles/gnu-tools-for-stm32/13.3.1+st.9/bin/../lib/gcc/arm-none-eabi/13.3.1/thumb/v7e-m+fp/hard/crtn.o
                0x20020000                        _estack = (ORIGIN (RAM) + LENGTH (RAM))
                0x00000200                        _Min_Heap_Size = 0x200
                0x00000400                        _Min_Stack_Size = 0x400

.isr_vector     0x08000000      0x1d8
                0x08000000                        . = ALIGN (0x4)
 *(.isr_vector)
 .isr_vector    0x08000000      0x1d8 CMakeFiles/PulseDrive.dir/startup_stm32g474xx.s.obj
                0x08000000                g_pfnVectors
                0x080001d8                        . = ALIGN (0x4)

.text           0x080001e0     0xd1a0
                0x080001e0                        . = ALIGN (0x4)
 *(.text)
 .text          0x080001e0       0x40 C:/Users/33512/AppData/Local/stm32cube/bundles/gnu-tools-for-stm32/13.3.1+st.9/bin/../lib/gcc/arm-none-eabi/13.3.1/thumb/v7e-m+fp/hard/crtbegin.o
 .text          0x08000220       0xa0 C:/Users/33512/AppData/Local/stm32cube/bundles/gnu-tools-for-stm32/13.3.1+st.9/bin/../lib/gcc/arm-none-eabi/13.3.1/../../../../arm-none-eabi/lib/thumb/v7e-m+fp/hard\libc_nano.a(libc_a-memchr.o)
                0x08000220                memchr
 .text          0x080002c0       0x10 C:/Users/33512/AppData/Local/stm32cube/bundles/gnu-tools-for-stm32/13.3.1+st.9/bin/../lib/gcc/arm-none-eabi/13.3.1/../../../../arm-none-eabi/lib/thumb/v7e-m+fp/hard\libc_nano.a(libc_a-strlen.o)
                0x080002c0                strlen
 .text          0x080002d0      0x378 C:/Users/33512/AppData/Local/stm32cube/bundles/gnu-tools-for-stm32/13.3.1+st.9/bin/../lib/gcc/arm-none-eabi/13.3.1/thumb/v7e-m+fp/hard\libgcc.a(_arm_addsubdf3.o)
                0x080002d0                __aeabi_drsub
                0x080002d8                __aeabi_dsub
                0x080002d8                __subdf3
                0x080002dc                __aeabi_dadd
                0x080002dc                __adddf3
                0x08000554                __floatunsidf
                0x08000554                __aeabi_ui2d
                0x08000574                __floatsidf
                0x08000574                __aeabi_i2d
                0x08000598                __aeabi_f2d
                0x08000598                __extendsfdf2
                0x080005dc                __floatundidf
                0x080005dc                __aeabi_ul2d
                0x080005ec                __floatdidf
                0x080005ec                __aeabi_l2d
 .text          0x08000648      0x424 C:/Users/33512/AppData/Local/stm32cube/bundles/gnu-tools-for-stm32/13.3.1+st.9/bin/../lib/gcc/arm-none-eabi/13.3.1/thumb/v7e-m+fp/hard\libgcc.a(_arm_muldivdf3.o)
                0x08000648                __aeabi_dmul
                0x08000648                __muldf3
                0x0800089c                __divdf3
                0x0800089c                __aeabi_ddiv
 .text          0x08000a6c      0x110 C:/Users/33512/AppData/Local/stm32cube/bundles/gnu-tools-for-stm32/13.3.1+st.9/bin/../lib/gcc/arm-none-eabi/13.3.1/thumb/v7e-m+fp/hard\libgcc.a(_arm_cmpdf2.o)
                0x08000a6c                __gtdf2
                0x08000a6c                __gedf2
                0x08000a74                __ltdf2
                0x08000a74                __ledf2
                0x08000a7c                __nedf2
                0x08000a7c                __eqdf2
                0x08000a7c                __cmpdf2
                0x08000af8                __aeabi_cdrcmple
                0x08000b08                __aeabi_cdcmpeq
                0x08000b08                __aeabi_cdcmple
                0x08000b18                __aeabi_dcmpeq
                0x08000b2c                __aeabi_dcmplt
                0x08000b40                __aeabi_dcmple
                0x08000b54                __aeabi_dcmpge
                0x08000b68                __aeabi_dcmpgt
 .text          0x08000b7c       0x2c C:/Users/33512/AppData/Local/stm32cube/bundles/gnu-tools-for-stm32/13.3.1+st.9/bin/../lib/gcc/arm-none-eabi/13.3.1/thumb/v7e-m+fp/hard\libgcc.a(_arm_unorddf2.o)
                0x08000b7c                __unorddf2
                0x08000b7c                __aeabi_dcmpun
 .text          0x08000ba8       0x50 C:/Users/33512/AppData/Local/stm32cube/bundles/gnu-tools-for-stm32/13.3.1+st.9/bin/../lib/gcc/arm-none-eabi/13.3.1/thumb/v7e-m+fp/hard\libgcc.a(_arm_fixdfsi.o)
                0x08000ba8                __aeabi_d2iz
                0x08000ba8                __fixdfsi
 *(.text*)
 .text.SystemInit
                0x08000bf8       0x24 cmake/stm32cubemx/CMakeFiles/STM32_Drivers.dir/__/__/Core/Src/system_stm32g4xx.c.obj
                0x08000bf8                SystemInit
 .text.HAL_PCD_Init
                0x08000c1c      0x19c cmake/stm32cubemx/CMakeFiles/STM32_Drivers.dir/__/__/Drivers/STM32G4xx_HAL_Driver/Src/stm32g4xx_hal_pcd.c.obj
                0x08000c1c                HAL_PCD_Init
 .text.HAL_PCD_Start
                0x08000db8       0x44 cmake/stm32cubemx/CMakeFiles/STM32_Drivers.dir/__/__/Drivers/STM32G4xx_HAL_Driver/Src/stm32g4xx_hal_pcd.c.obj
                0x08000db8                HAL_PCD_Start
 .text.HAL_PCD_IRQHandler
                0x08000dfc      0x24e cmake/stm32cubemx/CMakeFiles/STM32_Drivers.dir/__/__/Drivers/STM32G4xx_HAL_Driver/Src/stm32g4xx_hal_pcd.c.obj
                0x08000dfc                HAL_PCD_IRQHandler
 .text.HAL_PCD_SetAddress
                0x0800104a       0x48 cmake/stm32cubemx/CMakeFiles/STM32_Drivers.dir/__/__/Drivers/STM32G4xx_HAL_Driver/Src/stm32g4xx_hal_pcd.c.obj
                0x0800104a                HAL_PCD_SetAddress
 .text.HAL_PCD_EP_Open
                0x08001092       0xbe cmake/stm32cubemx/CMakeFiles/STM32_Drivers.dir/__/__/Drivers/STM32G4xx_HAL_Driver/Src/stm32g4xx_hal_pcd.c.obj
                0x08001092                HAL_PCD_EP_Open
 .text.HAL_PCD_EP_Close
                0x08001150       0x90 cmake/stm32cubemx/CMakeFiles/STM32_Drivers.dir/__/__/Drivers/STM32G4xx_HAL_Driver/Src/stm32g4xx_hal_pcd.c.obj
                0x08001150                HAL_PCD_EP_Close
 .text.HAL_PCD_EP_Receive
                0x080011e0       0x62 cmake/stm32cubemx/CMakeFiles/STM32_Drivers.dir/__/__/Drivers/STM32G4xx_HAL_Driver/Src/stm32g4xx_hal_pcd.c.obj
                0x080011e0                HAL_PCD_EP_Receive
 .text.HAL_PCD_EP_GetRxCount
                0x08001242       0x30 cmake/stm32cubemx/CMakeFiles/STM32_Drivers.dir/__/__/Drivers/STM32G4xx_HAL_Driver/Src/stm32g4xx_hal_pcd.c.obj
                0x08001242                HAL_PCD_EP_GetRxCount
 .text.HAL_PCD_EP_Transmit
                0x08001272       0x6e cmake/stm32cubemx/CMakeFiles/STM32_Drivers.dir/__/__/Drivers/STM32G4xx_HAL_Driver/Src/stm32g4xx_hal_pcd.c.obj
                0x08001272                HAL_PCD_EP_Transmit
 .text.HAL_PCD_EP_SetStall
                0x080012e0       0xa4 cmake/stm32cubemx/CMakeFiles/STM32_Drivers.dir/__/__/Drivers/STM32G4xx_HAL_Driver/Src/stm32g4xx_hal_pcd.c.obj
                0x080012e0                HAL_PCD_EP_SetStall
 .text.HAL_PCD_EP_ClrStall
                0x08001384       0xa8 cmake/stm32cubemx/CMakeFiles/STM32_Drivers.dir/__/__/Drivers/STM32G4xx_HAL_Driver/Src/stm32g4xx_hal_pcd.c.obj
                0x08001384                HAL_PCD_EP_ClrStall
 .text.PCD_EP_ISR_Handler
                0x0800142c      0x68e cmake/stm32cubemx/CMakeFiles/STM32_Drivers.dir/__/__/Drivers/STM32G4xx_HAL_Driver/Src/stm32g4xx_hal_pcd.c.obj
 .text.HAL_PCD_EP_DB_Receive
                0x08001aba      0x212 cmake/stm32cubemx/CMakeFiles/STM32_Drivers.dir/__/__/Drivers/STM32G4xx_HAL_Driver/Src/stm32g4xx_hal_pcd.c.obj
 .text.HAL_PCD_EP_DB_Transmit
                0x08001ccc      0x878 cmake/stm32cubemx/CMakeFiles/STM32_Drivers.dir/__/__/Drivers/STM32G4xx_HAL_Driver/Src/stm32g4xx_hal_pcd.c.obj
 .text.HAL_PCDEx_PMAConfig
                0x08002544       0x86 cmake/stm32cubemx/CMakeFiles/STM32_Drivers.dir/__/__/Drivers/STM32G4xx_HAL_Driver/Src/stm32g4xx_hal_pcd_ex.c.obj
                0x08002544                HAL_PCDEx_PMAConfig
 .text.HAL_PCDEx_ActivateLPM
                0x080025ca       0x54 cmake/stm32cubemx/CMakeFiles/STM32_Drivers.dir/__/__/Drivers/STM32G4xx_HAL_Driver/Src/stm32g4xx_hal_pcd_ex.c.obj
                0x080025ca                HAL_PCDEx_ActivateLPM
 .text.USB_EnableGlobalInt
                0x0800261e       0x2e cmake/stm32cubemx/CMakeFiles/STM32_Drivers.dir/__/__/Drivers/STM32G4xx_HAL_Driver/Src/stm32g4xx_ll_usb.c.obj
                0x0800261e                USB_EnableGlobalInt
 .text.USB_DisableGlobalInt
                0x0800264c       0x36 cmake/stm32cubemx/CMakeFiles/STM32_Drivers.dir/__/__/Drivers/STM32G4xx_HAL_Driver/Src/stm32g4xx_ll_usb.c.obj
                0x0800264c                USB_DisableGlobalInt
 .text.USB_DevInit
                0x08002682       0x3c cmake/stm32cubemx/CMakeFiles/STM32_Drivers.dir/__/__/Drivers/STM32G4xx_HAL_Driver/Src/stm32g4xx_ll_usb.c.obj
                0x08002682                USB_DevInit
 *fill*         0x080026be        0x2 
 .text.USB_ActivateEndpoint
                0x080026c0      0x9d0 cmake/stm32cubemx/CMakeFiles/STM32_Drivers.dir/__/__/Drivers/STM32G4xx_HAL_Driver/Src/stm32g4xx_ll_usb.c.obj
                0x080026c0                USB_ActivateEndpoint
 .text.USB_DeactivateEndpoint
                0x08003090      0x3da cmake/stm32cubemx/CMakeFiles/STM32_Drivers.dir/__/__/Drivers/STM32G4xx_HAL_Driver/Src/stm32g4xx_ll_usb.c.obj
                0x08003090                USB_DeactivateEndpoint
 .text.USB_EPStartXfer
                0x0800346a      0xb5e cmake/stm32cubemx/CMakeFiles/STM32_Drivers.dir/__/__/Drivers/STM32G4xx_HAL_Driver/Src/stm32g4xx_ll_usb.c.obj
                0x0800346a                USB_EPStartXfer
 .text.USB_EPSetStall
                0x08003fc8       0xa2 cmake/stm32cubemx/CMakeFiles/STM32_Drivers.dir/__/__/Drivers/STM32G4xx_HAL_Driver/Src/stm32g4xx_ll_usb.c.obj
                0x08003fc8                USB_EPSetStall
 .text.USB_EPClearStall
                0x0800406a      0x152 cmake/stm32cubemx/CMakeFiles/STM32_Drivers.dir/__/__/Drivers/STM32G4xx_HAL_Driver/Src/stm32g4xx_ll_usb.c.obj
                0x0800406a                USB_EPClearStall
 .text.USB_SetDevAddress
                0x080041bc       0x28 cmake/stm32cubemx/CMakeFiles/STM32_Drivers.dir/__/__/Drivers/STM32G4xx_HAL_Driver/Src/stm32g4xx_ll_usb.c.obj
                0x080041bc                USB_SetDevAddress
 .text.USB_DevConnect
                0x080041e4       0x2e cmake/stm32cubemx/CMakeFiles/STM32_Drivers.dir/__/__/Drivers/STM32G4xx_HAL_Driver/Src/stm32g4xx_ll_usb.c.obj
                0x080041e4                USB_DevConnect
 .text.USB_ReadInterrupts
                0x08004212       0x20 cmake/stm32cubemx/CMakeFiles/STM32_Drivers.dir/__/__/Drivers/STM32G4xx_HAL_Driver/Src/stm32g4xx_ll_usb.c.obj
                0x08004212                USB_ReadInterrupts
 .text.USB_WritePMA
                0x08004232       0x86 cmake/stm32cubemx/CMakeFiles/STM32_Drivers.dir/__/__/Drivers/STM32G4xx_HAL_Driver/Src/stm32g4xx_ll_usb.c.obj
                0x08004232                USB_WritePMA
 .text.USB_ReadPMA
                0x080042b8       0x98 cmake/stm32cubemx/CMakeFiles/STM32_Drivers.dir/__/__/Drivers/STM32G4xx_HAL_Driver/Src/stm32g4xx_ll_usb.c.obj
                0x080042b8                USB_ReadPMA
 .text.HAL_Init
                0x08004350       0x30 cmake/stm32cubemx/CMakeFiles/STM32_Drivers.dir/__/__/Drivers/STM32G4xx_HAL_Driver/Src/stm32g4xx_hal.c.obj
                0x08004350                HAL_Init
 .text.HAL_InitTick
                0x08004380       0x74 cmake/stm32cubemx/CMakeFiles/STM32_Drivers.dir/__/__/Drivers/STM32G4xx_HAL_Driver/Src/stm32g4xx_hal.c.obj
                0x08004380                HAL_InitTick
 .text.HAL_IncTick
                0x080043f4       0x24 cmake/stm32cubemx/CMakeFiles/STM32_Drivers.dir/__/__/Drivers/STM32G4xx_HAL_Driver/Src/stm32g4xx_hal.c.obj
                0x080043f4                HAL_IncTick
 .text.HAL_GetTick
                0x08004418       0x18 cmake/stm32cubemx/CMakeFiles/STM32_Drivers.dir/__/__/Drivers/STM32G4xx_HAL_Driver/Src/stm32g4xx_hal.c.obj
                0x08004418                HAL_GetTick
 .text.HAL_Delay
                0x08004430       0x44 cmake/stm32cubemx/CMakeFiles/STM32_Drivers.dir/__/__/Drivers/STM32G4xx_HAL_Driver/Src/stm32g4xx_hal.c.obj
                0x08004430                HAL_Delay
 .text.HAL_RCC_OscConfig
                0x08004474      0x624 cmake/stm32cubemx/CMakeFiles/STM32_Drivers.dir/__/__/Drivers/STM32G4xx_HAL_Driver/Src/stm32g4xx_hal_rcc.c.obj
                0x08004474                HAL_RCC_OscConfig
 .text.HAL_RCC_ClockConfig
                0x08004a98      0x278 cmake/stm32cubemx/CMakeFiles/STM32_Drivers.dir/__/__/Drivers/STM32G4xx_HAL_Driver/Src/stm32g4xx_hal_rcc.c.obj
                0x08004a98                HAL_RCC_ClockConfig
 .text.HAL_RCC_GetSysClockFreq
                0x08004d10       0xc4 cmake/stm32cubemx/CMakeFiles/STM32_Drivers.dir/__/__/Drivers/STM32G4xx_HAL_Driver/Src/stm32g4xx_hal_rcc.c.obj
                0x08004d10                HAL_RCC_GetSysClockFreq
 .text.RCC_GetSysClockFreqFromPLLSource
                0x08004dd4       0x8c cmake/stm32cubemx/CMakeFiles/STM32_Drivers.dir/__/__/Drivers/STM32G4xx_HAL_Driver/Src/stm32g4xx_hal_rcc.c.obj
 .text.HAL_RCCEx_PeriphCLKConfig
                0x08004e60      0x49c cmake/stm32cubemx/CMakeFiles/STM32_Drivers.dir/__/__/Drivers/STM32G4xx_HAL_Driver/Src/stm32g4xx_hal_rcc_ex.c.obj
                0x08004e60                HAL_RCCEx_PeriphCLKConfig
 .text.HAL_GPIO_Init
                0x080052fc      0x304 cmake/stm32cubemx/CMakeFiles/STM32_Drivers.dir/__/__/Drivers/STM32G4xx_HAL_Driver/Src/stm32g4xx_hal_gpio.c.obj
                0x080052fc                HAL_GPIO_Init
 .text.HAL_DMA_Abort
                0x08005600       0xb2 cmake/stm32cubemx/CMakeFiles/STM32_Drivers.dir/__/__/Drivers/STM32G4xx_HAL_Driver/Src/stm32g4xx_hal_dma.c.obj
                0x08005600                HAL_DMA_Abort
 .text.HAL_DMA_Abort_IT
                0x080056b2       0xce cmake/stm32cubemx/CMakeFiles/STM32_Drivers.dir/__/__/Drivers/STM32G4xx_HAL_Driver/Src/stm32g4xx_hal_dma.c.obj
                0x080056b2                HAL_DMA_Abort_IT
 .text.HAL_DMA_IRQHandler
                0x08005780      0x15e cmake/stm32cubemx/CMakeFiles/STM32_Drivers.dir/__/__/Drivers/STM32G4xx_HAL_Driver/Src/stm32g4xx_hal_dma.c.obj
                0x08005780                HAL_DMA_IRQHandler
 *fill*         0x080058de        0x2 
 .text.HAL_PWREx_ControlVoltageScaling
                0x080058e0      0x148 cmake/stm32cubemx/CMakeFiles/STM32_Drivers.dir/__/__/Drivers/STM32G4xx_HAL_Driver/Src/stm32g4xx_hal_pwr_ex.c.obj
                0x080058e0                HAL_PWREx_ControlVoltageScaling
 .text.HAL_PWREx_DisableUCPDDeadBattery
                0x08005a28       0x20 cmake/stm32cubemx/CMakeFiles/STM32_Drivers.dir/__/__/Drivers/STM32G4xx_HAL_Driver/Src/stm32g4xx_hal_pwr_ex.c.obj
                0x08005a28                HAL_PWREx_DisableUCPDDeadBattery
 .text.__NVIC_SetPriorityGrouping
                0x08005a48       0x48 cmake/stm32cubemx/CMakeFiles/STM32_Drivers.dir/__/__/Drivers/STM32G4xx_HAL_Driver/Src/stm32g4xx_hal_cortex.c.obj
 .text.__NVIC_GetPriorityGrouping
                0x08005a90       0x1c cmake/stm32cubemx/CMakeFiles/STM32_Drivers.dir/__/__/Drivers/STM32G4xx_HAL_Driver/Src/stm32g4xx_hal_cortex.c.obj
 .text.__NVIC_EnableIRQ
                0x08005aac       0x3c cmake/stm32cubemx/CMakeFiles/STM32_Drivers.dir/__/__/Drivers/STM32G4xx_HAL_Driver/Src/stm32g4xx_hal_cortex.c.obj
 .text.__NVIC_SetPriority
                0x08005ae8       0x54 cmake/stm32cubemx/CMakeFiles/STM32_Drivers.dir/__/__/Drivers/STM32G4xx_HAL_Driver/Src/stm32g4xx_hal_cortex.c.obj
 .text.NVIC_EncodePriority
                0x08005b3c       0x66 cmake/stm32cubemx/CMakeFiles/STM32_Drivers.dir/__/__/Drivers/STM32G4xx_HAL_Driver/Src/stm32g4xx_hal_cortex.c.obj
 *fill*         0x08005ba2        0x2 
 .text.SysTick_Config
                0x08005ba4       0x44 cmake/stm32cubemx/CMakeFiles/STM32_Drivers.dir/__/__/Drivers/STM32G4xx_HAL_Driver/Src/stm32g4xx_hal_cortex.c.obj
 .text.HAL_NVIC_SetPriorityGrouping
                0x08005be8       0x16 cmake/stm32cubemx/CMakeFiles/STM32_Drivers.dir/__/__/Drivers/STM32G4xx_HAL_Driver/Src/stm32g4xx_hal_cortex.c.obj
                0x08005be8                HAL_NVIC_SetPriorityGrouping
 .text.HAL_NVIC_SetPriority
                0x08005bfe       0x34 cmake/stm32cubemx/CMakeFiles/STM32_Drivers.dir/__/__/Drivers/STM32G4xx_HAL_Driver/Src/stm32g4xx_hal_cortex.c.obj
                0x08005bfe                HAL_NVIC_SetPriority
 .text.HAL_NVIC_EnableIRQ
                0x08005c32       0x1c cmake/stm32cubemx/CMakeFiles/STM32_Drivers.dir/__/__/Drivers/STM32G4xx_HAL_Driver/Src/stm32g4xx_hal_cortex.c.obj
                0x08005c32                HAL_NVIC_EnableIRQ
 .text.HAL_SYSTICK_Config
                0x08005c4e       0x18 cmake/stm32cubemx/CMakeFiles/STM32_Drivers.dir/__/__/Drivers/STM32G4xx_HAL_Driver/Src/stm32g4xx_hal_cortex.c.obj
                0x08005c4e                HAL_SYSTICK_Config
 *fill*         0x08005c66        0x2 
 .text.HAL_HRTIM_Init
                0x08005c68      0x1a0 cmake/stm32cubemx/CMakeFiles/STM32_Drivers.dir/__/__/Drivers/STM32G4xx_HAL_Driver/Src/stm32g4xx_hal_hrtim.c.obj
                0x08005c68                HAL_HRTIM_Init
 .text.HAL_HRTIM_TimeBaseConfig
                0x08005e08       0x50 cmake/stm32cubemx/CMakeFiles/STM32_Drivers.dir/__/__/Drivers/STM32G4xx_HAL_Driver/Src/stm32g4xx_hal_hrtim.c.obj
                0x08005e08                HAL_HRTIM_TimeBaseConfig
 .text.HAL_HRTIM_WaveformTimerConfig
                0x08005e58      0x11a cmake/stm32cubemx/CMakeFiles/STM32_Drivers.dir/__/__/Drivers/STM32G4xx_HAL_Driver/Src/stm32g4xx_hal_hrtim.c.obj
                0x08005e58                HAL_HRTIM_WaveformTimerConfig
 *fill*         0x08005f72        0x2 
 .text.HAL_HRTIM_WaveformCompareConfig
                0x08005f74      0x2dc cmake/stm32cubemx/CMakeFiles/STM32_Drivers.dir/__/__/Drivers/STM32G4xx_HAL_Driver/Src/stm32g4xx_hal_hrtim.c.obj
                0x08005f74                HAL_HRTIM_WaveformCompareConfig
 .text.HAL_HRTIM_WaveformCountStart_IT
                0x08006250       0xe0 cmake/stm32cubemx/CMakeFiles/STM32_Drivers.dir/__/__/Drivers/STM32G4xx_HAL_Driver/Src/stm32g4xx_hal_hrtim.c.obj
                0x08006250                HAL_HRTIM_WaveformCountStart_IT
 .text.HAL_HRTIM_IRQHandler
                0x08006330       0x36 cmake/stm32cubemx/CMakeFiles/STM32_Drivers.dir/__/__/Drivers/STM32G4xx_HAL_Driver/Src/stm32g4xx_hal_hrtim.c.obj
                0x08006330                HAL_HRTIM_IRQHandler
 .text.HAL_HRTIM_Fault1Callback
                0x08006366       0x14 cmake/stm32cubemx/CMakeFiles/STM32_Drivers.dir/__/__/Drivers/STM32G4xx_HAL_Driver/Src/stm32g4xx_hal_hrtim.c.obj
                0x08006366                HAL_HRTIM_Fault1Callback
 .text.HAL_HRTIM_Fault2Callback
                0x0800637a       0x14 cmake/stm32cubemx/CMakeFiles/STM32_Drivers.dir/__/__/Drivers/STM32G4xx_HAL_Driver/Src/stm32g4xx_hal_hrtim.c.obj
                0x0800637a                HAL_HRTIM_Fault2Callback
 .text.HAL_HRTIM_Fault3Callback
                0x0800638e       0x14 cmake/stm32cubemx/CMakeFiles/STM32_Drivers.dir/__/__/Drivers/STM32G4xx_HAL_Driver/Src/stm32g4xx_hal_hrtim.c.obj
                0x0800638e                HAL_HRTIM_Fault3Callback
 .text.HAL_HRTIM_Fault4Callback
                0x080063a2       0x14 cmake/stm32cubemx/CMakeFiles/STM32_Drivers.dir/__/__/Drivers/STM32G4xx_HAL_Driver/Src/stm32g4xx_hal_hrtim.c.obj
                0x080063a2                HAL_HRTIM_Fault4Callback
 .text.HAL_HRTIM_Fault5Callback
                0x080063b6       0x14 cmake/stm32cubemx/CMakeFiles/STM32_Drivers.dir/__/__/Drivers/STM32G4xx_HAL_Driver/Src/stm32g4xx_hal_hrtim.c.obj
                0x080063b6                HAL_HRTIM_Fault5Callback
 .text.HAL_HRTIM_Fault6Callback
                0x080063ca       0x14 cmake/stm32cubemx/CMakeFiles/STM32_Drivers.dir/__/__/Drivers/STM32G4xx_HAL_Driver/Src/stm32g4xx_hal_hrtim.c.obj
                0x080063ca                HAL_HRTIM_Fault6Callback
 .text.HAL_HRTIM_SystemFaultCallback
                0x080063de       0x14 cmake/stm32cubemx/CMakeFiles/STM32_Drivers.dir/__/__/Drivers/STM32G4xx_HAL_Driver/Src/stm32g4xx_hal_hrtim.c.obj
                0x080063de                HAL_HRTIM_SystemFaultCallback
 .text.HAL_HRTIM_DLLCalibrationReadyCallback
                0x080063f2       0x14 cmake/stm32cubemx/CMakeFiles/STM32_Drivers.dir/__/__/Drivers/STM32G4xx_HAL_Driver/Src/stm32g4xx_hal_hrtim.c.obj
                0x080063f2                HAL_HRTIM_DLLCalibrationReadyCallback
 .text.HAL_HRTIM_BurstModePeriodCallback
                0x08006406       0x14 cmake/stm32cubemx/CMakeFiles/STM32_Drivers.dir/__/__/Drivers/STM32G4xx_HAL_Driver/Src/stm32g4xx_hal_hrtim.c.obj
                0x08006406                HAL_HRTIM_BurstModePeriodCallback
 .text.HAL_HRTIM_SynchronizationEventCallback
                0x0800641a       0x14 cmake/stm32cubemx/CMakeFiles/STM32_Drivers.dir/__/__/Drivers/STM32G4xx_HAL_Driver/Src/stm32g4xx_hal_hrtim.c.obj
                0x0800641a                HAL_HRTIM_SynchronizationEventCallback
 .text.HAL_HRTIM_RegistersUpdateCallback
                0x0800642e       0x16 cmake/stm32cubemx/CMakeFiles/STM32_Drivers.dir/__/__/Drivers/STM32G4xx_HAL_Driver/Src/stm32g4xx_hal_hrtim.c.obj
                0x0800642e                HAL_HRTIM_RegistersUpdateCallback
 .text.HAL_HRTIM_RepetitionEventCallback
                0x08006444       0x16 cmake/stm32cubemx/CMakeFiles/STM32_Drivers.dir/__/__/Drivers/STM32G4xx_HAL_Driver/Src/stm32g4xx_hal_hrtim.c.obj
                0x08006444                HAL_HRTIM_RepetitionEventCallback
 .text.HAL_HRTIM_Compare1EventCallback
                0x0800645a       0x16 cmake/stm32cubemx/CMakeFiles/STM32_Drivers.dir/__/__/Drivers/STM32G4xx_HAL_Driver/Src/stm32g4xx_hal_hrtim.c.obj
                0x0800645a                HAL_HRTIM_Compare1EventCallback
 .text.HAL_HRTIM_Compare2EventCallback
                0x08006470       0x16 cmake/stm32cubemx/CMakeFiles/STM32_Drivers.dir/__/__/Drivers/STM32G4xx_HAL_Driver/Src/stm32g4xx_hal_hrtim.c.obj
                0x08006470                HAL_HRTIM_Compare2EventCallback
 .text.HAL_HRTIM_Compare3EventCallback
                0x08006486       0x16 cmake/stm32cubemx/CMakeFiles/STM32_Drivers.dir/__/__/Drivers/STM32G4xx_HAL_Driver/Src/stm32g4xx_hal_hrtim.c.obj
                0x08006486                HAL_HRTIM_Compare3EventCallback
 .text.HAL_HRTIM_Capture1EventCallback
                0x0800649c       0x16 cmake/stm32cubemx/CMakeFiles/STM32_Drivers.dir/__/__/Drivers/STM32G4xx_HAL_Driver/Src/stm32g4xx_hal_hrtim.c.obj
                0x0800649c                HAL_HRTIM_Capture1EventCallback
 .text.HAL_HRTIM_Capture2EventCallback
                0x080064b2       0x16 cmake/stm32cubemx/CMakeFiles/STM32_Drivers.dir/__/__/Drivers/STM32G4xx_HAL_Driver/Src/stm32g4xx_hal_hrtim.c.obj
                0x080064b2                HAL_HRTIM_Capture2EventCallback
 .text.HAL_HRTIM_DelayedProtectionCallback
                0x080064c8       0x16 cmake/stm32cubemx/CMakeFiles/STM32_Drivers.dir/__/__/Drivers/STM32G4xx_HAL_Driver/Src/stm32g4xx_hal_hrtim.c.obj
                0x080064c8                HAL_HRTIM_DelayedProtectionCallback
 .text.HAL_HRTIM_CounterResetCallback
                0x080064de       0x16 cmake/stm32cubemx/CMakeFiles/STM32_Drivers.dir/__/__/Drivers/STM32G4xx_HAL_Driver/Src/stm32g4xx_hal_hrtim.c.obj
                0x080064de                HAL_HRTIM_CounterResetCallback
 .text.HAL_HRTIM_Output1SetCallback
                0x080064f4       0x16 cmake/stm32cubemx/CMakeFiles/STM32_Drivers.dir/__/__/Drivers/STM32G4xx_HAL_Driver/Src/stm32g4xx_hal_hrtim.c.obj
                0x080064f4                HAL_HRTIM_Output1SetCallback
 .text.HAL_HRTIM_Output1ResetCallback
                0x0800650a       0x16 cmake/stm32cubemx/CMakeFiles/STM32_Drivers.dir/__/__/Drivers/STM32G4xx_HAL_Driver/Src/stm32g4xx_hal_hrtim.c.obj
                0x0800650a                HAL_HRTIM_Output1ResetCallback
 .text.HAL_HRTIM_Output2SetCallback
                0x08006520       0x16 cmake/stm32cubemx/CMakeFiles/STM32_Drivers.dir/__/__/Drivers/STM32G4xx_HAL_Driver/Src/stm32g4xx_hal_hrtim.c.obj
                0x08006520                HAL_HRTIM_Output2SetCallback
 .text.HAL_HRTIM_Output2ResetCallback
                0x08006536       0x16 cmake/stm32cubemx/CMakeFiles/STM32_Drivers.dir/__/__/Drivers/STM32G4xx_HAL_Driver/Src/stm32g4xx_hal_hrtim.c.obj
                0x08006536                HAL_HRTIM_Output2ResetCallback
 .text.HRTIM_MasterBase_Config
                0x0800654c       0x5e cmake/stm32cubemx/CMakeFiles/STM32_Drivers.dir/__/__/Drivers/STM32G4xx_HAL_Driver/Src/stm32g4xx_hal_hrtim.c.obj
 .text.HRTIM_TimingUnitBase_Config
                0x080065aa       0x80 cmake/stm32cubemx/CMakeFiles/STM32_Drivers.dir/__/__/Drivers/STM32G4xx_HAL_Driver/Src/stm32g4xx_hal_hrtim.c.obj
 .text.HRTIM_MasterWaveform_Config
                0x0800662a      0x13a cmake/stm32cubemx/CMakeFiles/STM32_Drivers.dir/__/__/Drivers/STM32G4xx_HAL_Driver/Src/stm32g4xx_hal_hrtim.c.obj
 .text.HRTIM_TimingUnitWaveform_Config
                0x08006764      0x30c cmake/stm32cubemx/CMakeFiles/STM32_Drivers.dir/__/__/Drivers/STM32G4xx_HAL_Driver/Src/stm32g4xx_hal_hrtim.c.obj
 .text.HRTIM_ForceRegistersUpdate
                0x08006a70       0xdc cmake/stm32cubemx/CMakeFiles/STM32_Drivers.dir/__/__/Drivers/STM32G4xx_HAL_Driver/Src/stm32g4xx_hal_hrtim.c.obj
 .text.HRTIM_HRTIM_ISR
                0x08006b4c      0x120 cmake/stm32cubemx/CMakeFiles/STM32_Drivers.dir/__/__/Drivers/STM32G4xx_HAL_Driver/Src/stm32g4xx_hal_hrtim.c.obj
 .text.HRTIM_Master_ISR
                0x08006c6c      0x18a cmake/stm32cubemx/CMakeFiles/STM32_Drivers.dir/__/__/Drivers/STM32G4xx_HAL_Driver/Src/stm32g4xx_hal_hrtim.c.obj
 .text.HRTIM_Timer_ISR
                0x08006df6      0x2aa cmake/stm32cubemx/CMakeFiles/STM32_Drivers.dir/__/__/Drivers/STM32G4xx_HAL_Driver/Src/stm32g4xx_hal_hrtim.c.obj
 .text.HAL_I2C_EV_IRQHandler
                0x080070a0       0x34 cmake/stm32cubemx/CMakeFiles/STM32_Drivers.dir/__/__/Drivers/STM32G4xx_HAL_Driver/Src/stm32g4xx_hal_i2c.c.obj
                0x080070a0                HAL_I2C_EV_IRQHandler
 .text.HAL_UART_Transmit
                0x080070d4      0x11c cmake/stm32cubemx/CMakeFiles/STM32_Drivers.dir/__/__/Drivers/STM32G4xx_HAL_Driver/Src/stm32g4xx_hal_uart.c.obj
                0x080070d4                HAL_UART_Transmit
 .text.HAL_UART_IRQHandler
                0x080071f0      0x684 cmake/stm32cubemx/CMakeFiles/STM32_Drivers.dir/__/__/Drivers/STM32G4xx_HAL_Driver/Src/stm32g4xx_hal_uart.c.obj
                0x080071f0                HAL_UART_IRQHandler
 .text.HAL_UART_TxCpltCallback
                0x08007874       0x14 cmake/stm32cubemx/CMakeFiles/STM32_Drivers.dir/__/__/Drivers/STM32G4xx_HAL_Driver/Src/stm32g4xx_hal_uart.c.obj
                0x08007874                HAL_UART_TxCpltCallback
 .text.HAL_UART_ErrorCallback
                0x08007888       0x14 cmake/stm32cubemx/CMakeFiles/STM32_Drivers.dir/__/__/Drivers/STM32G4xx_HAL_Driver/Src/stm32g4xx_hal_uart.c.obj
                0x08007888                HAL_UART_ErrorCallback
 .text.HAL_UARTEx_RxEventCallback
                0x0800789c       0x18 cmake/stm32cubemx/CMakeFiles/STM32_Drivers.dir/__/__/Drivers/STM32G4xx_HAL_Driver/Src/stm32g4xx_hal_uart.c.obj
                0x0800789c                HAL_UARTEx_RxEventCallback
 .text.UART_WaitOnFlagUntilTimeout
                0x080078b4       0xda cmake/stm32cubemx/CMakeFiles/STM32_Drivers.dir/__/__/Drivers/STM32G4xx_HAL_Driver/Src/stm32g4xx_hal_uart.c.obj
                0x080078b4                UART_WaitOnFlagUntilTimeout
 .text.UART_EndRxTransfer
                0x0800798e       0xcc cmake/stm32cubemx/CMakeFiles/STM32_Drivers.dir/__/__/Drivers/STM32G4xx_HAL_Driver/Src/stm32g4xx_hal_uart.c.obj
 .text.UART_DMAAbortOnError
                0x08007a5a       0x24 cmake/stm32cubemx/CMakeFiles/STM32_Drivers.dir/__/__/Drivers/STM32G4xx_HAL_Driver/Src/stm32g4xx_hal_uart.c.obj
 .text.UART_EndTransmit_IT
                0x08007a7e       0x56 cmake/stm32cubemx/CMakeFiles/STM32_Drivers.dir/__/__/Drivers/STM32G4xx_HAL_Driver/Src/stm32g4xx_hal_uart.c.obj
 .text.HAL_UARTEx_WakeupCallback
                0x08007ad4       0x14 cmake/stm32cubemx/CMakeFiles/STM32_Drivers.dir/__/__/Drivers/STM32G4xx_HAL_Driver/Src/stm32g4xx_hal_uart_ex.c.obj
                0x08007ad4                HAL_UARTEx_WakeupCallback
 .text.HAL_UARTEx_RxFifoFullCallback
                0x08007ae8       0x14 cmake/stm32cubemx/CMakeFiles/STM32_Drivers.dir/__/__/Drivers/STM32G4xx_HAL_Driver/Src/stm32g4xx_hal_uart_ex.c.obj
                0x08007ae8                HAL_UARTEx_RxFifoFullCallback
 .text.HAL_UARTEx_TxFifoEmptyCallback
                0x08007afc       0x14 cmake/stm32cubemx/CMakeFiles/STM32_Drivers.dir/__/__/Drivers/STM32G4xx_HAL_Driver/Src/stm32g4xx_hal_uart_ex.c.obj
                0x08007afc                HAL_UARTEx_TxFifoEmptyCallback
 .text.USBD_Init
                0x08007b10       0x60 cmake/stm32cubemx/CMakeFiles/USB_Device_Library.dir/__/__/Middlewares/ST/STM32_USB_Device_Library/Core/Src/usbd_core.c.obj
                0x08007b10                USBD_Init
 .text.USBD_RegisterClass
                0x08007b70       0x4e cmake/stm32cubemx/CMakeFiles/USB_Device_Library.dir/__/__/Middlewares/ST/STM32_USB_Device_Library/Core/Src/usbd_core.c.obj
                0x08007b70                USBD_RegisterClass
 .text.USBD_Start
                0x08007bbe       0x18 cmake/stm32cubemx/CMakeFiles/USB_Device_Library.dir/__/__/Middlewares/ST/STM32_USB_Device_Library/Core/Src/usbd_core.c.obj
                0x08007bbe                USBD_Start
 .text.USBD_RunTestMode
                0x08007bd6       0x16 cmake/stm32cubemx/CMakeFiles/USB_Device_Library.dir/__/__/Middlewares/ST/STM32_USB_Device_Library/Core/Src/usbd_core.c.obj
                0x08007bd6                USBD_RunTestMode
 .text.USBD_SetClassConfig
                0x08007bec       0x38 cmake/stm32cubemx/CMakeFiles/USB_Device_Library.dir/__/__/Middlewares/ST/STM32_USB_Device_Library/Core/Src/usbd_core.c.obj
                0x08007bec                USBD_SetClassConfig
 .text.USBD_ClrClassConfig
                0x08007c24       0x30 cmake/stm32cubemx/CMakeFiles/USB_Device_Library.dir/__/__/Middlewares/ST/STM32_USB_Device_Library/Core/Src/usbd_core.c.obj
                0x08007c24                USBD_ClrClassConfig
 .text.USBD_LL_SetupStage
                0x08007c54       0xaa cmake/stm32cubemx/CMakeFiles/USB_Device_Library.dir/__/__/Middlewares/ST/STM32_USB_Device_Library/Core/Src/usbd_core.c.obj
                0x08007c54                USBD_LL_SetupStage
 .text.USBD_LL_DataOutStage
                0x08007cfe       0xc6 cmake/stm32cubemx/CMakeFiles/USB_Device_Library.dir/__/__/Middlewares/ST/STM32_USB_Device_Library/Core/Src/usbd_core.c.obj
                0x08007cfe                USBD_LL_DataOutStage
 .text.USBD_LL_DataInStage
                0x08007dc4      0x12c cmake/stm32cubemx/CMakeFiles/USB_Device_Library.dir/__/__/Middlewares/ST/STM32_USB_Device_Library/Core/Src/usbd_core.c.obj
                0x08007dc4                USBD_LL_DataInStage
 .text.USBD_LL_Reset
                0x08007ef0       0x9c cmake/stm32cubemx/CMakeFiles/USB_Device_Library.dir/__/__/Middlewares/ST/STM32_USB_Device_Library/Core/Src/usbd_core.c.obj
                0x08007ef0                USBD_LL_Reset
 .text.USBD_LL_SetSpeed
                0x08007f8c       0x20 cmake/stm32cubemx/CMakeFiles/USB_Device_Library.dir/__/__/Middlewares/ST/STM32_USB_Device_Library/Core/Src/usbd_core.c.obj
                0x08007f8c                USBD_LL_SetSpeed
 .text.USBD_LL_Suspend
                0x08007fac       0x2c cmake/stm32cubemx/CMakeFiles/USB_Device_Library.dir/__/__/Middlewares/ST/STM32_USB_Device_Library/Core/Src/usbd_core.c.obj
                0x08007fac                USBD_LL_Suspend
 .text.USBD_LL_Resume
                0x08007fd8       0x30 cmake/stm32cubemx/CMakeFiles/USB_Device_Library.dir/__/__/Middlewares/ST/STM32_USB_Device_Library/Core/Src/usbd_core.c.obj
                0x08007fd8                USBD_LL_Resume
 .text.USBD_LL_SOF
                0x08008008       0x44 cmake/stm32cubemx/CMakeFiles/USB_Device_Library.dir/__/__/Middlewares/ST/STM32_USB_Device_Library/Core/Src/usbd_core.c.obj
                0x08008008                USBD_LL_SOF
 .text.SWAPBYTE
                0x0800804c       0x3e cmake/stm32cubemx/CMakeFiles/USB_Device_Library.dir/__/__/Middlewares/ST/STM32_USB_Device_Library/Core/Src/usbd_ctlreq.c.obj
 *fill*         0x0800808a        0x2 
 .text.USBD_StdDevReq
                0x0800808c       0xdc cmake/stm32cubemx/CMakeFiles/USB_Device_Library.dir/__/__/Middlewares/ST/STM32_USB_Device_Library/Core/Src/usbd_ctlreq.c.obj
                0x0800808c                USBD_StdDevReq
 .text.USBD_StdItfReq
                0x08008168       0x92 cmake/stm32cubemx/CMakeFiles/USB_Device_Library.dir/__/__/Middlewares/ST/STM32_USB_Device_Library/Core/Src/usbd_ctlreq.c.obj
                0x08008168                USBD_StdItfReq
 .text.USBD_StdEPReq
                0x080081fa      0x2c4 cmake/stm32cubemx/CMakeFiles/USB_Device_Library.dir/__/__/Middlewares/ST/STM32_USB_Device_Library/Core/Src/usbd_ctlreq.c.obj
                0x080081fa                USBD_StdEPReq
 *fill*         0x080084be        0x2 
 .text.USBD_GetDescriptor
                0x080084c0      0x328 cmake/stm32cubemx/CMakeFiles/USB_Device_Library.dir/__/__/Middlewares/ST/STM32_USB_Device_Library/Core/Src/usbd_ctlreq.c.obj
 .text.USBD_SetAddress
                0x080087e8       0x88 cmake/stm32cubemx/CMakeFiles/USB_Device_Library.dir/__/__/Middlewares/ST/STM32_USB_Device_Library/Core/Src/usbd_ctlreq.c.obj
 .text.USBD_SetConfig
                0x08008870      0x14c cmake/stm32cubemx/CMakeFiles/USB_Device_Library.dir/__/__/Middlewares/ST/STM32_USB_Device_Library/Core/Src/usbd_ctlreq.c.obj
 .text.USBD_GetConfig
                0x080089bc       0x6c cmake/stm32cubemx/CMakeFiles/USB_Device_Library.dir/__/__/Middlewares/ST/STM32_USB_Device_Library/Core/Src/usbd_ctlreq.c.obj
 .text.USBD_GetStatus
                0x08008a28       0x68 cmake/stm32cubemx/CMakeFiles/USB_Device_Library.dir/__/__/Middlewares/ST/STM32_USB_Device_Library/Core/Src/usbd_ctlreq.c.obj
 .text.USBD_SetFeature
                0x08008a90       0x28 cmake/stm32cubemx/CMakeFiles/USB_Device_Library.dir/__/__/Middlewares/ST/STM32_USB_Device_Library/Core/Src/usbd_ctlreq.c.obj
 .text.USBD_ClrFeature
                0x08008ab8       0x44 cmake/stm32cubemx/CMakeFiles/USB_Device_Library.dir/__/__/Middlewares/ST/STM32_USB_Device_Library/Core/Src/usbd_ctlreq.c.obj
 .text.USBD_ParseSetupRequest
                0x08008afc       0x74 cmake/stm32cubemx/CMakeFiles/USB_Device_Library.dir/__/__/Middlewares/ST/STM32_USB_Device_Library/Core/Src/usbd_ctlreq.c.obj
                0x08008afc                USBD_ParseSetupRequest
 .text.USBD_CtlError
                0x08008b70       0x22 cmake/stm32cubemx/CMakeFiles/USB_Device_Library.dir/__/__/Middlewares/ST/STM32_USB_Device_Library/Core/Src/usbd_ctlreq.c.obj
                0x08008b70                USBD_CtlError
 .text.USBD_GetString
                0x08008b92       0x8c cmake/stm32cubemx/CMakeFiles/USB_Device_Library.dir/__/__/Middlewares/ST/STM32_USB_Device_Library/Core/Src/usbd_ctlreq.c.obj
                0x08008b92                USBD_GetString
 .text.USBD_GetLen
                0x08008c1e       0x34 cmake/stm32cubemx/CMakeFiles/USB_Device_Library.dir/__/__/Middlewares/ST/STM32_USB_Device_Library/Core/Src/usbd_ctlreq.c.obj
 .text.USBD_CtlSendData
                0x08008c52       0x36 cmake/stm32cubemx/CMakeFiles/USB_Device_Library.dir/__/__/Middlewares/ST/STM32_USB_Device_Library/Core/Src/usbd_ioreq.c.obj
                0x08008c52                USBD_CtlSendData
 .text.USBD_CtlContinueSendData
                0x08008c88       0x22 cmake/stm32cubemx/CMakeFiles/USB_Device_Library.dir/__/__/Middlewares/ST/STM32_USB_Device_Library/Core/Src/usbd_ioreq.c.obj
                0x08008c88                USBD_CtlContinueSendData
 .text.USBD_CtlPrepareRx
                0x08008caa       0x3a cmake/stm32cubemx/CMakeFiles/USB_Device_Library.dir/__/__/Middlewares/ST/STM32_USB_Device_Library/Core/Src/usbd_ioreq.c.obj
                0x08008caa                USBD_CtlPrepareRx
 .text.USBD_CtlContinueRx
                0x08008ce4       0x22 cmake/stm32cubemx/CMakeFiles/USB_Device_Library.dir/__/__/Middlewares/ST/STM32_USB_Device_Library/Core/Src/usbd_ioreq.c.obj
                0x08008ce4                USBD_CtlContinueRx
 .text.USBD_CtlSendStatus
                0x08008d06       0x26 cmake/stm32cubemx/CMakeFiles/USB_Device_Library.dir/__/__/Middlewares/ST/STM32_USB_Device_Library/Core/Src/usbd_ioreq.c.obj
                0x08008d06                USBD_CtlSendStatus
 .text.USBD_CtlReceiveStatus
                0x08008d2c       0x26 cmake/stm32cubemx/CMakeFiles/USB_Device_Library.dir/__/__/Middlewares/ST/STM32_USB_Device_Library/Core/Src/usbd_ioreq.c.obj
                0x08008d2c                USBD_CtlReceiveStatus
 .text.USBD_CDC_Init
                0x08008d52       0xfe cmake/stm32cubemx/CMakeFiles/USB_Device_Library.dir/__/__/Middlewares/ST/STM32_USB_Device_Library/Class/CDC/Src/usbd_cdc.c.obj
 .text.USBD_CDC_DeInit
                0x08008e50       0x74 cmake/stm32cubemx/CMakeFiles/USB_Device_Library.dir/__/__/Middlewares/ST/STM32_USB_Device_Library/Class/CDC/Src/usbd_cdc.c.obj
 .text.USBD_CDC_Setup
                0x08008ec4      0x190 cmake/stm32cubemx/CMakeFiles/USB_Device_Library.dir/__/__/Middlewares/ST/STM32_USB_Device_Library/Class/CDC/Src/usbd_cdc.c.obj
 .text.USBD_CDC_DataIn
                0x08009054       0xca cmake/stm32cubemx/CMakeFiles/USB_Device_Library.dir/__/__/Middlewares/ST/STM32_USB_Device_Library/Class/CDC/Src/usbd_cdc.c.obj
 .text.USBD_CDC_DataOut
                0x0800911e       0x56 cmake/stm32cubemx/CMakeFiles/USB_Device_Library.dir/__/__/Middlewares/ST/STM32_USB_Device_Library/Class/CDC/Src/usbd_cdc.c.obj
 .text.USBD_CDC_EP0_RxReady
                0x08009174       0x58 cmake/stm32cubemx/CMakeFiles/USB_Device_Library.dir/__/__/Middlewares/ST/STM32_USB_Device_Library/Class/CDC/Src/usbd_cdc.c.obj
 .text.USBD_CDC_GetFSCfgDesc
                0x080091cc       0x20 cmake/stm32cubemx/CMakeFiles/USB_Device_Library.dir/__/__/Middlewares/ST/STM32_USB_Device_Library/Class/CDC/Src/usbd_cdc.c.obj
 .text.USBD_CDC_GetHSCfgDesc
                0x080091ec       0x20 cmake/stm32cubemx/CMakeFiles/USB_Device_Library.dir/__/__/Middlewares/ST/STM32_USB_Device_Library/Class/CDC/Src/usbd_cdc.c.obj
 .text.USBD_CDC_GetOtherSpeedCfgDesc
                0x0800920c       0x20 cmake/stm32cubemx/CMakeFiles/USB_Device_Library.dir/__/__/Middlewares/ST/STM32_USB_Device_Library/Class/CDC/Src/usbd_cdc.c.obj
 .text.USBD_CDC_GetDeviceQualifierDescriptor
                0x0800922c       0x20 cmake/stm32cubemx/CMakeFiles/USB_Device_Library.dir/__/__/Middlewares/ST/STM32_USB_Device_Library/Class/CDC/Src/usbd_cdc.c.obj
                0x0800922c                USBD_CDC_GetDeviceQualifierDescriptor
 .text.USBD_CDC_RegisterInterface
                0x0800924c       0x2a cmake/stm32cubemx/CMakeFiles/USB_Device_Library.dir/__/__/Middlewares/ST/STM32_USB_Device_Library/Class/CDC/Src/usbd_cdc.c.obj
                0x0800924c                USBD_CDC_RegisterInterface
 .text.USBD_CDC_SetTxBuffer
                0x08009276       0x3c cmake/stm32cubemx/CMakeFiles/USB_Device_Library.dir/__/__/Middlewares/ST/STM32_USB_Device_Library/Class/CDC/Src/usbd_cdc.c.obj
                0x08009276                USBD_CDC_SetTxBuffer
 .text.USBD_CDC_SetRxBuffer
                0x080092b2       0x32 cmake/stm32cubemx/CMakeFiles/USB_Device_Library.dir/__/__/Middlewares/ST/STM32_USB_Device_Library/Class/CDC/Src/usbd_cdc.c.obj
                0x080092b2                USBD_CDC_SetRxBuffer
 .text.USBD_CDC_TransmitPacket
                0x080092e4       0x60 cmake/stm32cubemx/CMakeFiles/USB_Device_Library.dir/__/__/Middlewares/ST/STM32_USB_Device_Library/Class/CDC/Src/usbd_cdc.c.obj
                0x080092e4                USBD_CDC_TransmitPacket
 .text.USBD_CDC_ReceivePacket
                0x08009344       0x54 cmake/stm32cubemx/CMakeFiles/USB_Device_Library.dir/__/__/Middlewares/ST/STM32_USB_Device_Library/Class/CDC/Src/usbd_cdc.c.obj
                0x08009344                USBD_CDC_ReceivePacket
 .text.MX_USB_Device_Init
                0x08009398       0x60 CMakeFiles/PulseDrive.dir/USB_Device/App/usb_device.c.obj
                0x08009398                MX_USB_Device_Init
 .text.USBD_CDC_DeviceDescriptor
                0x080093f8       0x24 CMakeFiles/PulseDrive.dir/USB_Device/App/usbd_desc.c.obj
                0x080093f8                USBD_CDC_DeviceDescriptor
 .text.USBD_CDC_LangIDStrDescriptor
                0x0800941c       0x24 CMakeFiles/PulseDrive.dir/USB_Device/App/usbd_desc.c.obj
                0x0800941c                USBD_CDC_LangIDStrDescriptor
 .text.USBD_CDC_ProductStrDescriptor
                0x08009440       0x3c CMakeFiles/PulseDrive.dir/USB_Device/App/usbd_desc.c.obj
                0x08009440                USBD_CDC_ProductStrDescriptor
 .text.USBD_CDC_ManufacturerStrDescriptor
                0x0800947c       0x28 CMakeFiles/PulseDrive.dir/USB_Device/App/usbd_desc.c.obj
                0x0800947c                USBD_CDC_ManufacturerStrDescriptor
 .text.USBD_CDC_SerialStrDescriptor
                0x080094a4       0x24 CMakeFiles/PulseDrive.dir/USB_Device/App/usbd_desc.c.obj
                0x080094a4                USBD_CDC_SerialStrDescriptor
 .text.USBD_CDC_ConfigStrDescriptor
                0x080094c8       0x3c CMakeFiles/PulseDrive.dir/USB_Device/App/usbd_desc.c.obj
                0x080094c8                USBD_CDC_ConfigStrDescriptor
 .text.USBD_CDC_InterfaceStrDescriptor
                0x08009504       0x3c CMakeFiles/PulseDrive.dir/USB_Device/App/usbd_desc.c.obj
                0x08009504                USBD_CDC_InterfaceStrDescriptor
 .text.Get_SerialNum
                0x08009540       0x58 CMakeFiles/PulseDrive.dir/USB_Device/App/usbd_desc.c.obj
 .text.IntToUnicode
                0x08009598       0x7e CMakeFiles/PulseDrive.dir/USB_Device/App/usbd_desc.c.obj
 *fill*         0x08009616        0x2 
 .text.CDC_Transmit_FS2
                0x08009618      0x108 CMakeFiles/PulseDrive.dir/USB_Device/App/usbd_cdc_if.c.obj
                0x08009618                CDC_Transmit_FS2
 .text.CDC_Init_FS
                0x08009720       0x28 CMakeFiles/PulseDrive.dir/USB_Device/App/usbd_cdc_if.c.obj
 .text.CDC_DeInit_FS
                0x08009748       0x10 CMakeFiles/PulseDrive.dir/USB_Device/App/usbd_cdc_if.c.obj
 .text.CDC_Control_FS
                0x08009758      0x15c CMakeFiles/PulseDrive.dir/USB_Device/App/usbd_cdc_if.c.obj
 .text.CDC_Receive_FS
                0x080098b4       0x48 CMakeFiles/PulseDrive.dir/USB_Device/App/usbd_cdc_if.c.obj
 .text.CDC_TransmitCplt_FS
                0x080098fc       0xb8 CMakeFiles/PulseDrive.dir/USB_Device/App/usbd_cdc_if.c.obj
 .text.HAL_PCD_MspInit
                0x080099b4       0x78 CMakeFiles/PulseDrive.dir/USB_Device/Target/usbd_conf.c.obj
                0x080099b4                HAL_PCD_MspInit
 .text.HAL_PCD_SetupStageCallback
                0x08009a2c       0x24 CMakeFiles/PulseDrive.dir/USB_Device/Target/usbd_conf.c.obj
                0x08009a2c                HAL_PCD_SetupStageCallback
 .text.HAL_PCD_DataOutStageCallback
                0x08009a50       0x36 CMakeFiles/PulseDrive.dir/USB_Device/Target/usbd_conf.c.obj
                0x08009a50                HAL_PCD_DataOutStageCallback
 .text.HAL_PCD_DataInStageCallback
                0x08009a86       0x34 CMakeFiles/PulseDrive.dir/USB_Device/Target/usbd_conf.c.obj
                0x08009a86                HAL_PCD_DataInStageCallback
 .text.HAL_PCD_SOFCallback
                0x08009aba       0x1c CMakeFiles/PulseDrive.dir/USB_Device/Target/usbd_conf.c.obj
                0x08009aba                HAL_PCD_SOFCallback
 .text.HAL_PCD_ResetCallback
                0x08009ad6       0x3c CMakeFiles/PulseDrive.dir/USB_Device/Target/usbd_conf.c.obj
                0x08009ad6                HAL_PCD_ResetCallback
 *fill*         0x08009b12        0x2 
 .text.HAL_PCD_SuspendCallback
                0x08009b14       0x34 CMakeFiles/PulseDrive.dir/USB_Device/Target/usbd_conf.c.obj
                0x08009b14                HAL_PCD_SuspendCallback
 .text.HAL_PCD_ResumeCallback
                0x08009b48       0x38 CMakeFiles/PulseDrive.dir/USB_Device/Target/usbd_conf.c.obj
                0x08009b48                HAL_PCD_ResumeCallback
 .text.USBD_LL_Init
                0x08009b80       0xc0 CMakeFiles/PulseDrive.dir/USB_Device/Target/usbd_conf.c.obj
                0x08009b80                USBD_LL_Init
 .text.USBD_LL_Start
                0x08009c40       0x36 CMakeFiles/PulseDrive.dir/USB_Device/Target/usbd_conf.c.obj
                0x08009c40                USBD_LL_Start
 .text.USBD_LL_OpenEP
                0x08009c76       0x4c CMakeFiles/PulseDrive.dir/USB_Device/Target/usbd_conf.c.obj
                0x08009c76                USBD_LL_OpenEP
 .text.USBD_LL_CloseEP
                0x08009cc2       0x3e CMakeFiles/PulseDrive.dir/USB_Device/Target/usbd_conf.c.obj
                0x08009cc2                USBD_LL_CloseEP
 .text.USBD_LL_StallEP
                0x08009d00       0x3e CMakeFiles/PulseDrive.dir/USB_Device/Target/usbd_conf.c.obj
                0x08009d00                USBD_LL_StallEP
 .text.USBD_LL_ClearStallEP
                0x08009d3e       0x3e CMakeFiles/PulseDrive.dir/USB_Device/Target/usbd_conf.c.obj
                0x08009d3e                USBD_LL_ClearStallEP
 .text.USBD_LL_IsStallEP
                0x08009d7c       0x58 CMakeFiles/PulseDrive.dir/USB_Device/Target/usbd_conf.c.obj
                0x08009d7c                USBD_LL_IsStallEP
 .text.USBD_LL_SetUSBAddress
                0x08009dd4       0x3e CMakeFiles/PulseDrive.dir/USB_Device/Target/usbd_conf.c.obj
                0x08009dd4                USBD_LL_SetUSBAddress
 .text.USBD_LL_Transmit
                0x08009e12       0x42 CMakeFiles/PulseDrive.dir/USB_Device/Target/usbd_conf.c.obj
                0x08009e12                USBD_LL_Transmit
 .text.USBD_LL_PrepareReceive
                0x08009e54       0x42 CMakeFiles/PulseDrive.dir/USB_Device/Target/usbd_conf.c.obj
                0x08009e54                USBD_LL_PrepareReceive
 .text.USBD_LL_GetRxDataSize
                0x08009e96       0x26 CMakeFiles/PulseDrive.dir/USB_Device/Target/usbd_conf.c.obj
                0x08009e96                USBD_LL_GetRxDataSize
 .text.HAL_PCDEx_LPM_Callback
                0x08009ebc       0x6c CMakeFiles/PulseDrive.dir/USB_Device/Target/usbd_conf.c.obj
                0x08009ebc                HAL_PCDEx_LPM_Callback
 .text.USBD_static_malloc
                0x08009f28       0x1c CMakeFiles/PulseDrive.dir/USB_Device/Target/usbd_conf.c.obj
                0x08009f28                USBD_static_malloc
 .text.USBD_static_free
                0x08009f44       0x14 CMakeFiles/PulseDrive.dir/USB_Device/Target/usbd_conf.c.obj
                0x08009f44                USBD_static_free
 .text.SystemClockConfig_Resume
                0x08009f58        0xc CMakeFiles/PulseDrive.dir/USB_Device/Target/usbd_conf.c.obj
 .text.USBD_Get_USB_Status
                0x08009f64       0x58 CMakeFiles/PulseDrive.dir/USB_Device/Target/usbd_conf.c.obj
 .text.main     0x08009fbc       0xc8 CMakeFiles/PulseDrive.dir/Core/Src/main.c.obj
                0x08009fbc                main
 .text.SystemClock_Config
                0x0800a084       0x9a CMakeFiles/PulseDrive.dir/Core/Src/main.c.obj
                0x0800a084                SystemClock_Config
 *fill*         0x0800a11e        0x2 
 .text.HAL_HRTIM_Compare4EventCallback
                0x0800a120       0x38 CMakeFiles/PulseDrive.dir/Core/Src/main.c.obj
                0x0800a120                HAL_HRTIM_Compare4EventCallback
 .text.Error_Handler
                0x0800a158        0xc CMakeFiles/PulseDrive.dir/Core/Src/main.c.obj
                0x0800a158                Error_Handler
 .text.MX_HRTIM1_Init
                0x0800a164      0x150 CMakeFiles/PulseDrive.dir/Core/Src/hrtim.c.obj
                0x0800a164                MX_HRTIM1_Init
 .text.HAL_HRTIM_MspInit
                0x0800a2b4       0x4c CMakeFiles/PulseDrive.dir/Core/Src/hrtim.c.obj
                0x0800a2b4                HAL_HRTIM_MspInit
 .text.HAL_HRTIM_MspPostInit
                0x0800a300       0x70 CMakeFiles/PulseDrive.dir/Core/Src/hrtim.c.obj
                0x0800a300                HAL_HRTIM_MspPostInit
 .text.NMI_Handler
                0x0800a370        0x8 CMakeFiles/PulseDrive.dir/Core/Src/stm32g4xx_it.c.obj
                0x0800a370                NMI_Handler
 .text.HardFault_Handler
                0x0800a378        0x8 CMakeFiles/PulseDrive.dir/Core/Src/stm32g4xx_it.c.obj
                0x0800a378                HardFault_Handler
 .text.MemManage_Handler
                0x0800a380        0x8 CMakeFiles/PulseDrive.dir/Core/Src/stm32g4xx_it.c.obj
                0x0800a380                MemManage_Handler
 .text.BusFault_Handler
                0x0800a388        0x8 CMakeFiles/PulseDrive.dir/Core/Src/stm32g4xx_it.c.obj
                0x0800a388                BusFault_Handler
 .text.UsageFault_Handler
                0x0800a390        0x8 CMakeFiles/PulseDrive.dir/Core/Src/stm32g4xx_it.c.obj
                0x0800a390                UsageFault_Handler
 .text.SVC_Handler
                0x0800a398        0xe CMakeFiles/PulseDrive.dir/Core/Src/stm32g4xx_it.c.obj
                0x0800a398                SVC_Handler
 .text.DebugMon_Handler
                0x0800a3a6        0xe CMakeFiles/PulseDrive.dir/Core/Src/stm32g4xx_it.c.obj
                0x0800a3a6                DebugMon_Handler
 .text.PendSV_Handler
                0x0800a3b4        0xe CMakeFiles/PulseDrive.dir/Core/Src/stm32g4xx_it.c.obj
                0x0800a3b4                PendSV_Handler
 .text.SysTick_Handler
                0x0800a3c2        0xc CMakeFiles/PulseDrive.dir/Core/Src/stm32g4xx_it.c.obj
                0x0800a3c2                SysTick_Handler
 *fill*         0x0800a3ce        0x2 
 .text.DMA1_Channel1_IRQHandler
                0x0800a3d0       0x14 CMakeFiles/PulseDrive.dir/Core/Src/stm32g4xx_it.c.obj
                0x0800a3d0                DMA1_Channel1_IRQHandler
 .text.DMA1_Channel2_IRQHandler
                0x0800a3e4       0x14 CMakeFiles/PulseDrive.dir/Core/Src/stm32g4xx_it.c.obj
                0x0800a3e4                DMA1_Channel2_IRQHandler
 .text.DMA1_Channel3_IRQHandler
                0x0800a3f8       0x14 CMakeFiles/PulseDrive.dir/Core/Src/stm32g4xx_it.c.obj
                0x0800a3f8                DMA1_Channel3_IRQHandler
 .text.DMA1_Channel4_IRQHandler
                0x0800a40c       0x14 CMakeFiles/PulseDrive.dir/Core/Src/stm32g4xx_it.c.obj
                0x0800a40c                DMA1_Channel4_IRQHandler
 .text.DMA1_Channel5_IRQHandler
                0x0800a420       0x14 CMakeFiles/PulseDrive.dir/Core/Src/stm32g4xx_it.c.obj
                0x0800a420                DMA1_Channel5_IRQHandler
 .text.USB_LP_IRQHandler
                0x0800a434       0x14 CMakeFiles/PulseDrive.dir/Core/Src/stm32g4xx_it.c.obj
                0x0800a434                USB_LP_IRQHandler
 .text.USART1_IRQHandler
                0x0800a448       0x14 CMakeFiles/PulseDrive.dir/Core/Src/stm32g4xx_it.c.obj
                0x0800a448                USART1_IRQHandler
 .text.HRTIM1_Master_IRQHandler
                0x0800a45c       0x14 CMakeFiles/PulseDrive.dir/Core/Src/stm32g4xx_it.c.obj
                0x0800a45c                HRTIM1_Master_IRQHandler
 .text.I2C3_EV_IRQHandler
                0x0800a470       0x14 CMakeFiles/PulseDrive.dir/Core/Src/stm32g4xx_it.c.obj
                0x0800a470                I2C3_EV_IRQHandler
 .text.HAL_MspInit
                0x0800a484       0x48 CMakeFiles/PulseDrive.dir/Core/Src/stm32g4xx_hal_msp.c.obj
                0x0800a484                HAL_MspInit
 .text._sbrk    0x0800a4cc       0x6c CMakeFiles/PulseDrive.dir/Core/Src/sysmem.c.obj
                0x0800a4cc                _sbrk
 .text._getpid  0x0800a538       0x10 CMakeFiles/PulseDrive.dir/Core/Src/syscalls.c.obj
                0x0800a538                _getpid
 .text._kill    0x0800a548       0x20 CMakeFiles/PulseDrive.dir/Core/Src/syscalls.c.obj
                0x0800a548                _kill
 .text._exit    0x0800a568       0x16 CMakeFiles/PulseDrive.dir/Core/Src/syscalls.c.obj
                0x0800a568                _exit
 .text._read    0x0800a57e       0x3a CMakeFiles/PulseDrive.dir/Core/Src/syscalls.c.obj
                0x0800a57e                _read
 .text._write   0x0800a5b8       0x38 CMakeFiles/PulseDrive.dir/Core/Src/syscalls.c.obj
                0x0800a5b8                _write
 .text._close   0x0800a5f0       0x18 CMakeFiles/PulseDrive.dir/Core/Src/syscalls.c.obj
                0x0800a5f0                _close
 .text._fstat   0x0800a608       0x20 CMakeFiles/PulseDrive.dir/Core/Src/syscalls.c.obj
                0x0800a608                _fstat
 .text._isatty  0x0800a628       0x16 CMakeFiles/PulseDrive.dir/Core/Src/syscalls.c.obj
                0x0800a628                _isatty
 .text._lseek   0x0800a63e       0x1a CMakeFiles/PulseDrive.dir/Core/Src/syscalls.c.obj
                0x0800a63e                _lseek
 .text.Reset_Handler
                0x0800a658       0x50 CMakeFiles/PulseDrive.dir/startup_stm32g474xx.s.obj
                0x0800a658                Reset_Handler
 .text.Default_Handler
                0x0800a6a8        0x2 CMakeFiles/PulseDrive.dir/startup_stm32g474xx.s.obj
                0x0800a6a8                RTC_Alarm_IRQHandler
                0x0800a6a8                EXTI2_IRQHandler
                0x0800a6a8                TIM8_TRG_COM_IRQHandler
                0x0800a6a8                TIM8_CC_IRQHandler
                0x0800a6a8                SPI4_IRQHandler
                0x0800a6a8                FDCAN3_IT0_IRQHandler
                0x0800a6a8                TIM1_CC_IRQHandler
                0x0800a6a8                HRTIM1_FLT_IRQHandler
                0x0800a6a8                HRTIM1_TIMF_IRQHandler
                0x0800a6a8                USB_HP_IRQHandler
                0x0800a6a8                CORDIC_IRQHandler
                0x0800a6a8                HRTIM1_TIMD_IRQHandler
                0x0800a6a8                DMA2_Channel8_IRQHandler
                0x0800a6a8                EXTI3_IRQHandler
                0x0800a6a8                I2C3_ER_IRQHandler
                0x0800a6a8                EXTI0_IRQHandler
                0x0800a6a8                I2C2_EV_IRQHandler
                0x0800a6a8                FPU_IRQHandler
                0x0800a6a8                FDCAN1_IT1_IRQHandler
                0x0800a6a8                TIM1_UP_TIM16_IRQHandler
                0x0800a6a8                ADC1_2_IRQHandler
                0x0800a6a8                HRTIM1_TIME_IRQHandler
                0x0800a6a8                SPI1_IRQHandler
                0x0800a6a8                TIM6_DAC_IRQHandler
                0x0800a6a8                HRTIM1_TIMC_IRQHandler
                0x0800a6a8                TIM8_UP_IRQHandler
                0x0800a6a8                DMA2_Channel2_IRQHandler
                0x0800a6a8                TIM20_TRG_COM_IRQHandler
                0x0800a6a8                USART3_IRQHandler
                0x0800a6a8                DMA1_Channel7_IRQHandler
                0x0800a6a8                UART5_IRQHandler
                0x0800a6a8                ADC3_IRQHandler
                0x0800a6a8                TIM4_IRQHandler
                0x0800a6a8                DMA2_Channel1_IRQHandler
                0x0800a6a8                QUADSPI_IRQHandler
                0x0800a6a8                I2C1_EV_IRQHandler
                0x0800a6a8                DMA1_Channel6_IRQHandler
                0x0800a6a8                UART4_IRQHandler
                0x0800a6a8                DMA2_Channel4_IRQHandler
                0x0800a6a8                TIM3_IRQHandler
                0x0800a6a8                RCC_IRQHandler
                0x0800a6a8                TIM20_UP_IRQHandler
                0x0800a6a8                Default_Handler
                0x0800a6a8                DMA2_Channel7_IRQHandler
                0x0800a6a8                RTC_TAMP_LSECSS_IRQHandler
                0x0800a6a8                FMAC_IRQHandler
                0x0800a6a8                EXTI15_10_IRQHandler
                0x0800a6a8                DMA1_Channel8_IRQHandler
                0x0800a6a8                HRTIM1_TIMA_IRQHandler
                0x0800a6a8                TIM7_DAC_IRQHandler
                0x0800a6a8                FDCAN3_IT1_IRQHandler
                0x0800a6a8                TIM5_IRQHandler
                0x0800a6a8                UCPD1_IRQHandler
                0x0800a6a8                EXTI9_5_IRQHandler
                0x0800a6a8                RTC_WKUP_IRQHandler
                0x0800a6a8                PVD_PVM_IRQHandler
                0x0800a6a8                SPI2_IRQHandler
                0x0800a6a8                ADC5_IRQHandler
                0x0800a6a8                DMA2_Channel5_IRQHandler
                0x0800a6a8                CRS_IRQHandler
                0x0800a6a8                EXTI4_IRQHandler
                0x0800a6a8                RNG_IRQHandler
                0x0800a6a8                HRTIM1_TIMB_IRQHandler
                0x0800a6a8                TIM1_TRG_COM_TIM17_IRQHandler
                0x0800a6a8                FDCAN2_IT1_IRQHandler
                0x0800a6a8                ADC4_IRQHandler
                0x0800a6a8                WWDG_IRQHandler
                0x0800a6a8                I2C4_EV_IRQHandler
                0x0800a6a8                FDCAN2_IT0_IRQHandler
                0x0800a6a8                LPUART1_IRQHandler
                0x0800a6a8                DMA2_Channel6_IRQHandler
                0x0800a6a8                FDCAN1_IT0_IRQHandler
                0x0800a6a8                TIM2_IRQHandler
                0x0800a6a8                COMP7_IRQHandler
                0x0800a6a8                COMP1_2_3_IRQHandler
                0x0800a6a8                EXTI1_IRQHandler
                0x0800a6a8                USART2_IRQHandler
                0x0800a6a8                COMP4_5_6_IRQHandler
                0x0800a6a8                TIM20_BRK_IRQHandler
                0x0800a6a8                I2C2_ER_IRQHandler
                0x0800a6a8                TIM8_BRK_IRQHandler
                0x0800a6a8                FLASH_IRQHandler
                0x0800a6a8                TIM20_CC_IRQHandler
                0x0800a6a8                SPI3_IRQHandler
                0x0800a6a8                I2C1_ER_IRQHandler
                0x0800a6a8                FMC_IRQHandler
                0x0800a6a8                LPTIM1_IRQHandler
                0x0800a6a8                DMAMUX_OVR_IRQHandler
                0x0800a6a8                I2C4_ER_IRQHandler
                0x0800a6a8                USBWakeUp_IRQHandler
                0x0800a6a8                SAI1_IRQHandler
                0x0800a6a8                DMA2_Channel3_IRQHandler
                0x0800a6a8                TIM1_BRK_TIM15_IRQHandler
 .text.__cvt    0x0800a6aa       0xca C:/Users/33512/AppData/Local/stm32cube/bundles/gnu-tools-for-stm32/13.3.1+st.9/bin/../lib/gcc/arm-none-eabi/13.3.1/../../../../arm-none-eabi/lib/thumb/v7e-m+fp/hard\libc_nano.a(libc_a-nano-vfprintf_float.o)
                0x0800a6aa                __cvt
 .text.__exponent
                0x0800a774       0x74 C:/Users/33512/AppData/Local/stm32cube/bundles/gnu-tools-for-stm32/13.3.1+st.9/bin/../lib/gcc/arm-none-eabi/13.3.1/../../../../arm-none-eabi/lib/thumb/v7e-m+fp/hard\libc_nano.a(libc_a-nano-vfprintf_float.o)
                0x0800a774                __exponent
 .text._printf_float
                0x0800a7e8      0x454 C:/Users/33512/AppData/Local/stm32cube/bundles/gnu-tools-for-stm32/13.3.1+st.9/bin/../lib/gcc/arm-none-eabi/13.3.1/../../../../arm-none-eabi/lib/thumb/v7e-m+fp/hard\libc_nano.a(libc_a-nano-vfprintf_float.o)
                0x0800a7e8                _printf_float
 .text._printf_common
                0x0800ac3c       0xda C:/Users/33512/AppData/Local/stm32cube/bundles/gnu-tools-for-stm32/13.3.1+st.9/bin/../lib/gcc/arm-none-eabi/13.3.1/../../../../arm-none-eabi/lib/thumb/v7e-m+fp/hard\libc_nano.a(libc_a-nano-vfprintf_i.o)
                0x0800ac3c                _printf_common
 *fill*         0x0800ad16        0x2 
 .text._printf_i
                0x0800ad18      0x23c C:/Users/33512/AppData/Local/stm32cube/bundles/gnu-tools-for-stm32/13.3.1+st.9/bin/../lib/gcc/arm-none-eabi/13.3.1/../../../../arm-none-eabi/lib/thumb/v7e-m+fp/hard\libc_nano.a(libc_a-nano-vfprintf_i.o)
                0x0800ad18                _printf_i
 .text.std      0x0800af54       0x6c C:/Users/33512/AppData/Local/stm32cube/bundles/gnu-tools-for-stm32/13.3.1+st.9/bin/../lib/gcc/arm-none-eabi/13.3.1/../../../../arm-none-eabi/lib/thumb/v7e-m+fp/hard\libc_nano.a(libc_a-findfp.o)
 .text.stdio_exit_handler
                0x0800afc0       0x18 C:/Users/33512/AppData/Local/stm32cube/bundles/gnu-tools-for-stm32/13.3.1+st.9/bin/../lib/gcc/arm-none-eabi/13.3.1/../../../../arm-none-eabi/lib/thumb/v7e-m+fp/hard\libc_nano.a(libc_a-findfp.o)
 .text.cleanup_stdio
                0x0800afd8       0x40 C:/Users/33512/AppData/Local/stm32cube/bundles/gnu-tools-for-stm32/13.3.1+st.9/bin/../lib/gcc/arm-none-eabi/13.3.1/../../../../arm-none-eabi/lib/thumb/v7e-m+fp/hard\libc_nano.a(libc_a-findfp.o)
 .text.global_stdio_init.part.0
                0x0800b018       0x3c C:/Users/33512/AppData/Local/stm32cube/bundles/gnu-tools-for-stm32/13.3.1+st.9/bin/../lib/gcc/arm-none-eabi/13.3.1/../../../../arm-none-eabi/lib/thumb/v7e-m+fp/hard\libc_nano.a(libc_a-findfp.o)
 .text.__sfp_lock_acquire
                0x0800b054        0xc C:/Users/33512/AppData/Local/stm32cube/bundles/gnu-tools-for-stm32/13.3.1+st.9/bin/../lib/gcc/arm-none-eabi/13.3.1/../../../../arm-none-eabi/lib/thumb/v7e-m+fp/hard\libc_nano.a(libc_a-findfp.o)
                0x0800b054                __sfp_lock_acquire
 .text.__sfp_lock_release
                0x0800b060        0xc C:/Users/33512/AppData/Local/stm32cube/bundles/gnu-tools-for-stm32/13.3.1+st.9/bin/../lib/gcc/arm-none-eabi/13.3.1/../../../../arm-none-eabi/lib/thumb/v7e-m+fp/hard\libc_nano.a(libc_a-findfp.o)
                0x0800b060                __sfp_lock_release
 .text.__sinit  0x0800b06c       0x30 C:/Users/33512/AppData/Local/stm32cube/bundles/gnu-tools-for-stm32/13.3.1+st.9/bin/../lib/gcc/arm-none-eabi/13.3.1/../../../../arm-none-eabi/lib/thumb/v7e-m+fp/hard\libc_nano.a(libc_a-findfp.o)
                0x0800b06c                __sinit
 .text._fwalk_sglue
                0x0800b09c       0x3c C:/Users/33512/AppData/Local/stm32cube/bundles/gnu-tools-for-stm32/13.3.1+st.9/bin/../lib/gcc/arm-none-eabi/13.3.1/../../../../arm-none-eabi/lib/thumb/v7e-m+fp/hard\libc_nano.a(libc_a-fwalk.o)
                0x0800b09c                _fwalk_sglue
 .text.snprintf
                0x0800b0d8       0x6c C:/Users/33512/AppData/Local/stm32cube/bundles/gnu-tools-for-stm32/13.3.1+st.9/bin/../lib/gcc/arm-none-eabi/13.3.1/../../../../arm-none-eabi/lib/thumb/v7e-m+fp/hard\libc_nano.a(libc_a-snprintf.o)
                0x0800b0d8                sniprintf
                0x0800b0d8                snprintf
 .text.__sread  0x0800b144       0x22 C:/Users/33512/AppData/Local/stm32cube/bundles/gnu-tools-for-stm32/13.3.1+st.9/bin/../lib/gcc/arm-none-eabi/13.3.1/../../../../arm-none-eabi/lib/thumb/v7e-m+fp/hard\libc_nano.a(libc_a-stdio.o)
                0x0800b144                __sread
 .text.__swrite
                0x0800b166       0x38 C:/Users/33512/AppData/Local/stm32cube/bundles/gnu-tools-for-stm32/13.3.1+st.9/bin/../lib/gcc/arm-none-eabi/13.3.1/../../../../arm-none-eabi/lib/thumb/v7e-m+fp/hard\libc_nano.a(libc_a-stdio.o)
                0x0800b166                __swrite
 .text.__sseek  0x0800b19e       0x24 C:/Users/33512/AppData/Local/stm32cube/bundles/gnu-tools-for-stm32/13.3.1+st.9/bin/../lib/gcc/arm-none-eabi/13.3.1/../../../../arm-none-eabi/lib/thumb/v7e-m+fp/hard\libc_nano.a(libc_a-stdio.o)
                0x0800b19e                __sseek
 .text.__sclose
                0x0800b1c2        0x8 C:/Users/33512/AppData/Local/stm32cube/bundles/gnu-tools-for-stm32/13.3.1+st.9/bin/../lib/gcc/arm-none-eabi/13.3.1/../../../../arm-none-eabi/lib/thumb/v7e-m+fp/hard\libc_nano.a(libc_a-stdio.o)
                0x0800b1c2                __sclose
 .text.memset   0x0800b1ca       0x10 C:/Users/33512/AppData/Local/stm32cube/bundles/gnu-tools-for-stm32/13.3.1+st.9/bin/../lib/gcc/arm-none-eabi/13.3.1/../../../../arm-none-eabi/lib/thumb/v7e-m+fp/hard\libc_nano.a(libc_a-memset.o)
                0x0800b1ca                memset
 *fill*         0x0800b1da        0x2 
 .text._localeconv_r
                0x0800b1dc        0x8 C:/Users/33512/AppData/Local/stm32cube/bundles/gnu-tools-for-stm32/13.3.1+st.9/bin/../lib/gcc/arm-none-eabi/13.3.1/../../../../arm-none-eabi/lib/thumb/v7e-m+fp/hard\libc_nano.a(libc_a-localeconv.o)
                0x0800b1dc                _localeconv_r
 .text._close_r
                0x0800b1e4       0x20 C:/Users/33512/AppData/Local/stm32cube/bundles/gnu-tools-for-stm32/13.3.1+st.9/bin/../lib/gcc/arm-none-eabi/13.3.1/../../../../arm-none-eabi/lib/thumb/v7e-m+fp/hard\libc_nano.a(libc_a-closer.o)
                0x0800b1e4                _close_r
 .text._lseek_r
                0x0800b204       0x24 C:/Users/33512/AppData/Local/stm32cube/bundles/gnu-tools-for-stm32/13.3.1+st.9/bin/../lib/gcc/arm-none-eabi/13.3.1/../../../../arm-none-eabi/lib/thumb/v7e-m+fp/hard\libc_nano.a(libc_a-lseekr.o)
                0x0800b204                _lseek_r
 .text._read_r  0x0800b228       0x24 C:/Users/33512/AppData/Local/stm32cube/bundles/gnu-tools-for-stm32/13.3.1+st.9/bin/../lib/gcc/arm-none-eabi/13.3.1/../../../../arm-none-eabi/lib/thumb/v7e-m+fp/hard\libc_nano.a(libc_a-readr.o)
                0x0800b228                _read_r
 .text._write_r
                0x0800b24c       0x24 C:/Users/33512/AppData/Local/stm32cube/bundles/gnu-tools-for-stm32/13.3.1+st.9/bin/../lib/gcc/arm-none-eabi/13.3.1/../../../../arm-none-eabi/lib/thumb/v7e-m+fp/hard\libc_nano.a(libc_a-writer.o)
                0x0800b24c                _write_r
 .text.__errno  0x0800b270        0xc C:/Users/33512/AppData/Local/stm32cube/bundles/gnu-tools-for-stm32/13.3.1+st.9/bin/../lib/gcc/arm-none-eabi/13.3.1/../../../../arm-none-eabi/lib/thumb/v7e-m+fp/hard\libc_nano.a(libc_a-errno.o)
                0x0800b270                __errno
 .text.__libc_init_array
                0x0800b27c       0x48 C:/Users/33512/AppData/Local/stm32cube/bundles/gnu-tools-for-stm32/13.3.1+st.9/bin/../lib/gcc/arm-none-eabi/13.3.1/../../../../arm-none-eabi/lib/thumb/v7e-m+fp/hard\libc_nano.a(libc_a-init.o)
                0x0800b27c                __libc_init_array
 .text.__retarget_lock_init_recursive
                0x0800b2c4        0x2 C:/Users/33512/AppData/Local/stm32cube/bundles/gnu-tools-for-stm32/13.3.1+st.9/bin/../lib/gcc/arm-none-eabi/13.3.1/../../../../arm-none-eabi/lib/thumb/v7e-m+fp/hard\libc_nano.a(libc_a-lock.o)
                0x0800b2c4                __retarget_lock_init_recursive
 .text.__retarget_lock_acquire_recursive
                0x0800b2c6        0x2 C:/Users/33512/AppData/Local/stm32cube/bundles/gnu-tools-for-stm32/13.3.1+st.9/bin/../lib/gcc/arm-none-eabi/13.3.1/../../../../arm-none-eabi/lib/thumb/v7e-m+fp/hard\libc_nano.a(libc_a-lock.o)
                0x0800b2c6                __retarget_lock_acquire_recursive
 .text.__retarget_lock_release_recursive
                0x0800b2c8        0x2 C:/Users/33512/AppData/Local/stm32cube/bundles/gnu-tools-for-stm32/13.3.1+st.9/bin/../lib/gcc/arm-none-eabi/13.3.1/../../../../arm-none-eabi/lib/thumb/v7e-m+fp/hard\libc_nano.a(libc_a-lock.o)
                0x0800b2c8                __retarget_lock_release_recursive
 .text.quorem   0x0800b2ca      0x110 C:/Users/33512/AppData/Local/stm32cube/bundles/gnu-tools-for-stm32/13.3.1+st.9/bin/../lib/gcc/arm-none-eabi/13.3.1/../../../../arm-none-eabi/lib/thumb/v7e-m+fp/hard\libc_nano.a(libc_a-dtoa.o)
 *fill*         0x0800b3da        0x6 
 .text._dtoa_r  0x0800b3e0      0xba0 C:/Users/33512/AppData/Local/stm32cube/bundles/gnu-tools-for-stm32/13.3.1+st.9/bin/../lib/gcc/arm-none-eabi/13.3.1/../../../../arm-none-eabi/lib/thumb/v7e-m+fp/hard\libc_nano.a(libc_a-dtoa.o)
                0x0800b3e0                _dtoa_r
 .text._free_r  0x0800bf80       0x94 C:/Users/33512/AppData/Local/stm32cube/bundles/gnu-tools-for-stm32/13.3.1+st.9/bin/../lib/gcc/arm-none-eabi/13.3.1/../../../../arm-none-eabi/lib/thumb/v7e-m+fp/hard\libc_nano.a(libc_a-freer.o)
                0x0800bf80                _free_r
 .text.malloc   0x0800c014       0x10 C:/Users/33512/AppData/Local/stm32cube/bundles/gnu-tools-for-stm32/13.3.1+st.9/bin/../lib/gcc/arm-none-eabi/13.3.1/../../../../arm-none-eabi/lib/thumb/v7e-m+fp/hard\libc_nano.a(libc_a-malloc.o)
                0x0800c014                malloc
 .text.sbrk_aligned
                0x0800c024       0x44 C:/Users/33512/AppData/Local/stm32cube/bundles/gnu-tools-for-stm32/13.3.1+st.9/bin/../lib/gcc/arm-none-eabi/13.3.1/../../../../arm-none-eabi/lib/thumb/v7e-m+fp/hard\libc_nano.a(libc_a-mallocr.o)
 .text._malloc_r
                0x0800c068      0x100 C:/Users/33512/AppData/Local/stm32cube/bundles/gnu-tools-for-stm32/13.3.1+st.9/bin/../lib/gcc/arm-none-eabi/13.3.1/../../../../arm-none-eabi/lib/thumb/v7e-m+fp/hard\libc_nano.a(libc_a-mallocr.o)
                0x0800c068                _malloc_r
 .text.__malloc_lock
                0x0800c168        0xc C:/Users/33512/AppData/Local/stm32cube/bundles/gnu-tools-for-stm32/13.3.1+st.9/bin/../lib/gcc/arm-none-eabi/13.3.1/../../../../arm-none-eabi/lib/thumb/v7e-m+fp/hard\libc_nano.a(libc_a-mlock.o)
                0x0800c168                __malloc_lock
 .text.__malloc_unlock
                0x0800c174        0xc C:/Users/33512/AppData/Local/stm32cube/bundles/gnu-tools-for-stm32/13.3.1+st.9/bin/../lib/gcc/arm-none-eabi/13.3.1/../../../../arm-none-eabi/lib/thumb/v7e-m+fp/hard\libc_nano.a(libc_a-mlock.o)
                0x0800c174                __malloc_unlock
 .text._Balloc  0x0800c180       0x80 C:/Users/33512/AppData/Local/stm32cube/bundles/gnu-tools-for-stm32/13.3.1+st.9/bin/../lib/gcc/arm-none-eabi/13.3.1/../../../../arm-none-eabi/lib/thumb/v7e-m+fp/hard\libc_nano.a(libc_a-mprec.o)
                0x0800c180                _Balloc
 .text._Bfree   0x0800c200       0x44 C:/Users/33512/AppData/Local/stm32cube/bundles/gnu-tools-for-stm32/13.3.1+st.9/bin/../lib/gcc/arm-none-eabi/13.3.1/../../../../arm-none-eabi/lib/thumb/v7e-m+fp/hard\libc_nano.a(libc_a-mprec.o)
                0x0800c200                _Bfree
 .text.__multadd
                0x0800c244       0x8c C:/Users/33512/AppData/Local/stm32cube/bundles/gnu-tools-for-stm32/13.3.1+st.9/bin/../lib/gcc/arm-none-eabi/13.3.1/../../../../arm-none-eabi/lib/thumb/v7e-m+fp/hard\libc_nano.a(libc_a-mprec.o)
                0x0800c244                __multadd
 .text.__hi0bits
                0x0800c2d0       0x3e C:/Users/33512/AppData/Local/stm32cube/bundles/gnu-tools-for-stm32/13.3.1+st.9/bin/../lib/gcc/arm-none-eabi/13.3.1/../../../../arm-none-eabi/lib/thumb/v7e-m+fp/hard\libc_nano.a(libc_a-mprec.o)
                0x0800c2d0                __hi0bits
 .text.__lo0bits
                0x0800c30e       0x5a C:/Users/33512/AppData/Local/stm32cube/bundles/gnu-tools-for-stm32/13.3.1+st.9/bin/../lib/gcc/arm-none-eabi/13.3.1/../../../../arm-none-eabi/lib/thumb/v7e-m+fp/hard\libc_nano.a(libc_a-mprec.o)
                0x0800c30e                __lo0bits
 .text.__i2b    0x0800c368       0x2c C:/Users/33512/AppData/Local/stm32cube/bundles/gnu-tools-for-stm32/13.3.1+st.9/bin/../lib/gcc/arm-none-eabi/13.3.1/../../../../arm-none-eabi/lib/thumb/v7e-m+fp/hard\libc_nano.a(libc_a-mprec.o)
                0x0800c368                __i2b
 .text.__multiply
                0x0800c394      0x144 C:/Users/33512/AppData/Local/stm32cube/bundles/gnu-tools-for-stm32/13.3.1+st.9/bin/../lib/gcc/arm-none-eabi/13.3.1/../../../../arm-none-eabi/lib/thumb/v7e-m+fp/hard\libc_nano.a(libc_a-mprec.o)
                0x0800c394                __multiply
 .text.__pow5mult
                0x0800c4d8       0xb4 C:/Users/33512/AppData/Local/stm32cube/bundles/gnu-tools-for-stm32/13.3.1+st.9/bin/../lib/gcc/arm-none-eabi/13.3.1/../../../../arm-none-eabi/lib/thumb/v7e-m+fp/hard\libc_nano.a(libc_a-mprec.o)
                0x0800c4d8                __pow5mult
 .text.__lshift
                0x0800c58c       0xd8 C:/Users/33512/AppData/Local/stm32cube/bundles/gnu-tools-for-stm32/13.3.1+st.9/bin/../lib/gcc/arm-none-eabi/13.3.1/../../../../arm-none-eabi/lib/thumb/v7e-m+fp/hard\libc_nano.a(libc_a-mprec.o)
                0x0800c58c                __lshift
 .text.__mcmp   0x0800c664       0x36 C:/Users/33512/AppData/Local/stm32cube/bundles/gnu-tools-for-stm32/13.3.1+st.9/bin/../lib/gcc/arm-none-eabi/13.3.1/../../../../arm-none-eabi/lib/thumb/v7e-m+fp/hard\libc_nano.a(libc_a-mprec.o)
                0x0800c664                __mcmp
 *fill*         0x0800c69a        0x2 
 .text.__mdiff  0x0800c69c      0x128 C:/Users/33512/AppData/Local/stm32cube/bundles/gnu-tools-for-stm32/13.3.1+st.9/bin/../lib/gcc/arm-none-eabi/13.3.1/../../../../arm-none-eabi/lib/thumb/v7e-m+fp/hard\libc_nano.a(libc_a-mprec.o)
                0x0800c69c                __mdiff
 .text.__d2b    0x0800c7c4       0xb0 C:/Users/33512/AppData/Local/stm32cube/bundles/gnu-tools-for-stm32/13.3.1+st.9/bin/../lib/gcc/arm-none-eabi/13.3.1/../../../../arm-none-eabi/lib/thumb/v7e-m+fp/hard\libc_nano.a(libc_a-mprec.o)
                0x0800c7c4                __d2b
 .text.__ssputs_r
                0x0800c874       0xb6 C:/Users/33512/AppData/Local/stm32cube/bundles/gnu-tools-for-stm32/13.3.1+st.9/bin/../lib/gcc/arm-none-eabi/13.3.1/../../../../arm-none-eabi/lib/thumb/v7e-m+fp/hard\libc_nano.a(libc_a-nano-svfprintf.o)
                0x0800c874                __ssputs_r
 *fill*         0x0800c92a        0x2 
 .text._svfprintf_r
                0x0800c92c      0x1f8 C:/Users/33512/AppData/Local/stm32cube/bundles/gnu-tools-for-stm32/13.3.1+st.9/bin/../lib/gcc/arm-none-eabi/13.3.1/../../../../arm-none-eabi/lib/thumb/v7e-m+fp/hard\libc_nano.a(libc_a-nano-svfprintf.o)
                0x0800c92c                _svfiprintf_r
                0x0800c92c                _svfprintf_r
 .text.__sflush_r
                0x0800cb24      0x108 C:/Users/33512/AppData/Local/stm32cube/bundles/gnu-tools-for-stm32/13.3.1+st.9/bin/../lib/gcc/arm-none-eabi/13.3.1/../../../../arm-none-eabi/lib/thumb/v7e-m+fp/hard\libc_nano.a(libc_a-fflush.o)
                0x0800cb24                __sflush_r
 .text._fflush_r
                0x0800cc2c       0x50 C:/Users/33512/AppData/Local/stm32cube/bundles/gnu-tools-for-stm32/13.3.1+st.9/bin/../lib/gcc/arm-none-eabi/13.3.1/../../../../arm-none-eabi/lib/thumb/v7e-m+fp/hard\libc_nano.a(libc_a-fflush.o)
                0x0800cc2c                _fflush_r
 .text.memmove  0x0800cc7c       0x34 C:/Users/33512/AppData/Local/stm32cube/bundles/gnu-tools-for-stm32/13.3.1+st.9/bin/../lib/gcc/arm-none-eabi/13.3.1/../../../../arm-none-eabi/lib/thumb/v7e-m+fp/hard\libc_nano.a(libc_a-memmove.o)
                0x0800cc7c                memmove
 .text._sbrk_r  0x0800ccb0       0x20 C:/Users/33512/AppData/Local/stm32cube/bundles/gnu-tools-for-stm32/13.3.1+st.9/bin/../lib/gcc/arm-none-eabi/13.3.1/../../../../arm-none-eabi/lib/thumb/v7e-m+fp/hard\libc_nano.a(libc_a-sbrkr.o)
                0x0800ccb0                _sbrk_r
 .text.memcpy   0x0800ccd0       0x1c C:/Users/33512/AppData/Local/stm32cube/bundles/gnu-tools-for-stm32/13.3.1+st.9/bin/../lib/gcc/arm-none-eabi/13.3.1/../../../../arm-none-eabi/lib/thumb/v7e-m+fp/hard\libc_nano.a(libc_a-memcpy-stub.o)
                0x0800ccd0                memcpy
 .text.__assert_func
                0x0800ccec       0x3c C:/Users/33512/AppData/Local/stm32cube/bundles/gnu-tools-for-stm32/13.3.1+st.9/bin/../lib/gcc/arm-none-eabi/13.3.1/../../../../arm-none-eabi/lib/thumb/v7e-m+fp/hard\libc_nano.a(libc_a-assert.o)
                0x0800ccec                __assert_func
 .text._calloc_r
                0x0800cd28       0x28 C:/Users/33512/AppData/Local/stm32cube/bundles/gnu-tools-for-stm32/13.3.1+st.9/bin/../lib/gcc/arm-none-eabi/13.3.1/../../../../arm-none-eabi/lib/thumb/v7e-m+fp/hard\libc_nano.a(libc_a-callocr.o)
                0x0800cd28                _calloc_r
 .text.__ascii_mbtowc
                0x0800cd50       0x24 C:/Users/33512/AppData/Local/stm32cube/bundles/gnu-tools-for-stm32/13.3.1+st.9/bin/../lib/gcc/arm-none-eabi/13.3.1/../../../../arm-none-eabi/lib/thumb/v7e-m+fp/hard\libc_nano.a(libc_a-mbtowc_r.o)
                0x0800cd50                __ascii_mbtowc
 .text._realloc_r
                0x0800cd74       0x5c C:/Users/33512/AppData/Local/stm32cube/bundles/gnu-tools-for-stm32/13.3.1+st.9/bin/../lib/gcc/arm-none-eabi/13.3.1/../../../../arm-none-eabi/lib/thumb/v7e-m+fp/hard\libc_nano.a(libc_a-reallocr.o)
                0x0800cd74                _realloc_r
 .text.__ascii_wctomb
                0x0800cdd0       0x1a C:/Users/33512/AppData/Local/stm32cube/bundles/gnu-tools-for-stm32/13.3.1+st.9/bin/../lib/gcc/arm-none-eabi/13.3.1/../../../../arm-none-eabi/lib/thumb/v7e-m+fp/hard\libc_nano.a(libc_a-wctomb_r.o)
                0x0800cdd0                __ascii_wctomb
 *fill*         0x0800cdea        0x2 
 .text.fprintf  0x0800cdec       0x24 C:/Users/33512/AppData/Local/stm32cube/bundles/gnu-tools-for-stm32/13.3.1+st.9/bin/../lib/gcc/arm-none-eabi/13.3.1/../../../../arm-none-eabi/lib/thumb/v7e-m+fp/hard\libc_nano.a(libc_a-fprintf.o)
                0x0800cdec                fiprintf
                0x0800cdec                fprintf
 .text.abort    0x0800ce10        0xe C:/Users/33512/AppData/Local/stm32cube/bundles/gnu-tools-for-stm32/13.3.1+st.9/bin/../lib/gcc/arm-none-eabi/13.3.1/../../../../arm-none-eabi/lib/thumb/v7e-m+fp/hard\libc_nano.a(libc_a-abort.o)
                0x0800ce10                abort
 .text._malloc_usable_size_r
                0x0800ce1e       0x10 C:/Users/33512/AppData/Local/stm32cube/bundles/gnu-tools-for-stm32/13.3.1+st.9/bin/../lib/gcc/arm-none-eabi/13.3.1/../../../../arm-none-eabi/lib/thumb/v7e-m+fp/hard\libc_nano.a(libc_a-msizer.o)
                0x0800ce1e                _malloc_usable_size_r
 .text.__sfputc_r
                0x0800ce2e       0x2e C:/Users/33512/AppData/Local/stm32cube/bundles/gnu-tools-for-stm32/13.3.1+st.9/bin/../lib/gcc/arm-none-eabi/13.3.1/../../../../arm-none-eabi/lib/thumb/v7e-m+fp/hard\libc_nano.a(libc_a-nano-vfprintf.o)
 .text.__sfputs_r
                0x0800ce5c       0x24 C:/Users/33512/AppData/Local/stm32cube/bundles/gnu-tools-for-stm32/13.3.1+st.9/bin/../lib/gcc/arm-none-eabi/13.3.1/../../../../arm-none-eabi/lib/thumb/v7e-m+fp/hard\libc_nano.a(libc_a-nano-vfprintf.o)
                0x0800ce5c                __sfputs_r
 .text._vfprintf_r
                0x0800ce80      0x230 C:/Users/33512/AppData/Local/stm32cube/bundles/gnu-tools-for-stm32/13.3.1+st.9/bin/../lib/gcc/arm-none-eabi/13.3.1/../../../../arm-none-eabi/lib/thumb/v7e-m+fp/hard\libc_nano.a(libc_a-nano-vfprintf.o)
                0x0800ce80                _vfprintf_r
                0x0800ce80                _vfiprintf_r
 .text.__swbuf_r
                0x0800d0b0       0x7c C:/Users/33512/AppData/Local/stm32cube/bundles/gnu-tools-for-stm32/13.3.1+st.9/bin/../lib/gcc/arm-none-eabi/13.3.1/../../../../arm-none-eabi/lib/thumb/v7e-m+fp/hard\libc_nano.a(libc_a-wbuf.o)
                0x0800d0b0                __swbuf_r
 .text.__swsetup_r
                0x0800d12c       0xac C:/Users/33512/AppData/Local/stm32cube/bundles/gnu-tools-for-stm32/13.3.1+st.9/bin/../lib/gcc/arm-none-eabi/13.3.1/../../../../arm-none-eabi/lib/thumb/v7e-m+fp/hard\libc_nano.a(libc_a-wsetup.o)
                0x0800d12c                __swsetup_r
 .text._raise_r
                0x0800d1d8       0x50 C:/Users/33512/AppData/Local/stm32cube/bundles/gnu-tools-for-stm32/13.3.1+st.9/bin/../lib/gcc/arm-none-eabi/13.3.1/../../../../arm-none-eabi/lib/thumb/v7e-m+fp/hard\libc_nano.a(libc_a-signal.o)
                0x0800d1d8                _raise_r
 .text.raise    0x0800d228       0x10 C:/Users/33512/AppData/Local/stm32cube/bundles/gnu-tools-for-stm32/13.3.1+st.9/bin/../lib/gcc/arm-none-eabi/13.3.1/../../../../arm-none-eabi/lib/thumb/v7e-m+fp/hard\libc_nano.a(libc_a-signal.o)
                0x0800d228                raise
 .text._kill_r  0x0800d238       0x24 C:/Users/33512/AppData/Local/stm32cube/bundles/gnu-tools-for-stm32/13.3.1+st.9/bin/../lib/gcc/arm-none-eabi/13.3.1/../../../../arm-none-eabi/lib/thumb/v7e-m+fp/hard\libc_nano.a(libc_a-signalr.o)
                0x0800d238                _kill_r
 .text._getpid_r
                0x0800d25c        0x4 C:/Users/33512/AppData/Local/stm32cube/bundles/gnu-tools-for-stm32/13.3.1+st.9/bin/../lib/gcc/arm-none-eabi/13.3.1/../../../../arm-none-eabi/lib/thumb/v7e-m+fp/hard\libc_nano.a(libc_a-signalr.o)
                0x0800d25c                _getpid_r
 .text.__swhatbuf_r
                0x0800d260       0x4c C:/Users/33512/AppData/Local/stm32cube/bundles/gnu-tools-for-stm32/13.3.1+st.9/bin/../lib/gcc/arm-none-eabi/13.3.1/../../../../arm-none-eabi/lib/thumb/v7e-m+fp/hard\libc_nano.a(libc_a-makebuf.o)
                0x0800d260                __swhatbuf_r
 .text.__smakebuf_r
                0x0800d2ac       0x78 C:/Users/33512/AppData/Local/stm32cube/bundles/gnu-tools-for-stm32/13.3.1+st.9/bin/../lib/gcc/arm-none-eabi/13.3.1/../../../../arm-none-eabi/lib/thumb/v7e-m+fp/hard\libc_nano.a(libc_a-makebuf.o)
                0x0800d2ac                __smakebuf_r
 .text._fstat_r
                0x0800d324       0x24 C:/Users/33512/AppData/Local/stm32cube/bundles/gnu-tools-for-stm32/13.3.1+st.9/bin/../lib/gcc/arm-none-eabi/13.3.1/../../../../arm-none-eabi/lib/thumb/v7e-m+fp/hard\libc_nano.a(libc_a-fstatr.o)
                0x0800d324                _fstat_r
 .text._isatty_r
                0x0800d348       0x20 C:/Users/33512/AppData/Local/stm32cube/bundles/gnu-tools-for-stm32/13.3.1+st.9/bin/../lib/gcc/arm-none-eabi/13.3.1/../../../../arm-none-eabi/lib/thumb/v7e-m+fp/hard\libc_nano.a(libc_a-isattyr.o)
                0x0800d348                _isatty_r
 *(.glue_7)
 .glue_7        0x0800d368        0x0 linker stubs
 *(.glue_7t)
 .glue_7t       0x0800d368        0x0 linker stubs
 *(.eh_frame)
 .eh_frame      0x0800d368        0x0 C:/Users/33512/AppData/Local/stm32cube/bundles/gnu-tools-for-stm32/13.3.1+st.9/bin/../lib/gcc/arm-none-eabi/13.3.1/thumb/v7e-m+fp/hard/crtbegin.o
 *(.init)
 .init          0x0800d368        0x4 C:/Users/33512/AppData/Local/stm32cube/bundles/gnu-tools-for-stm32/13.3.1+st.9/bin/../lib/gcc/arm-none-eabi/13.3.1/thumb/v7e-m+fp/hard/crti.o
                0x0800d368                _init
 .init          0x0800d36c        0x8 C:/Users/33512/AppData/Local/stm32cube/bundles/gnu-tools-for-stm32/13.3.1+st.9/bin/../lib/gcc/arm-none-eabi/13.3.1/thumb/v7e-m+fp/hard/crtn.o
 *(.fini)
 .fini          0x0800d374        0x4 C:/Users/33512/AppData/Local/stm32cube/bundles/gnu-tools-for-stm32/13.3.1+st.9/bin/../lib/gcc/arm-none-eabi/13.3.1/thumb/v7e-m+fp/hard/crti.o
                0x0800d374                _fini
 .fini          0x0800d378        0x8 C:/Users/33512/AppData/Local/stm32cube/bundles/gnu-tools-for-stm32/13.3.1+st.9/bin/../lib/gcc/arm-none-eabi/13.3.1/thumb/v7e-m+fp/hard/crtn.o
                0x0800d380                        . = ALIGN (0x4)
                0x0800d380                        _etext = .

.vfp11_veneer   0x0800d380        0x0
 .vfp11_veneer  0x0800d380        0x0 linker stubs

.v4_bx          0x0800d380        0x0
 .v4_bx         0x0800d380        0x0 linker stubs

.iplt           0x0800d380        0x0
 .iplt          0x0800d380        0x0 C:/Users/33512/AppData/Local/stm32cube/bundles/gnu-tools-for-stm32/13.3.1+st.9/bin/../lib/gcc/arm-none-eabi/13.3.1/thumb/v7e-m+fp/hard/crtbegin.o

.rodata         0x0800d380      0x414
                0x0800d380                        . = ALIGN (0x4)
 *(.rodata)
 .rodata        0x0800d380       0x46 CMakeFiles/PulseDrive.dir/USB_Device/App/usbd_desc.c.obj
 *fill*         0x0800d3c6        0x2 
 .rodata        0x0800d3c8       0x41 CMakeFiles/PulseDrive.dir/Core/Src/main.c.obj
 *(.rodata*)
 *fill*         0x0800d409        0x3 
 .rodata.AHBPrescTable
                0x0800d40c       0x10 cmake/stm32cubemx/CMakeFiles/STM32_Drivers.dir/__/__/Core/Src/system_stm32g4xx.c.obj
                0x0800d40c                AHBPrescTable
 .rodata._printf_float.str1.1
                0x0800d41c      0x171 C:/Users/33512/AppData/Local/stm32cube/bundles/gnu-tools-for-stm32/13.3.1+st.9/bin/../lib/gcc/arm-none-eabi/13.3.1/../../../../arm-none-eabi/lib/thumb/v7e-m+fp/hard\libc_nano.a(libc_a-nano-vfprintf_float.o)
                                 0x12 (size before relaxing)
 .rodata._printf_i.str1.1
                0x0800d58d        0x0 C:/Users/33512/AppData/Local/stm32cube/bundles/gnu-tools-for-stm32/13.3.1+st.9/bin/../lib/gcc/arm-none-eabi/13.3.1/../../../../arm-none-eabi/lib/thumb/v7e-m+fp/hard\libc_nano.a(libc_a-nano-vfprintf_i.o)
                                 0x22 (size before relaxing)
 .rodata._dtoa_r.str1.1
                0x0800d58d        0x0 C:/Users/33512/AppData/Local/stm32cube/bundles/gnu-tools-for-stm32/13.3.1+st.9/bin/../lib/gcc/arm-none-eabi/13.3.1/../../../../arm-none-eabi/lib/thumb/v7e-m+fp/hard\libc_nano.a(libc_a-dtoa.o)
                                 0x8f (size before relaxing)
 .rodata._Balloc.str1.1
                0x0800d58d        0x0 C:/Users/33512/AppData/Local/stm32cube/bundles/gnu-tools-for-stm32/13.3.1+st.9/bin/../lib/gcc/arm-none-eabi/13.3.1/../../../../arm-none-eabi/lib/thumb/v7e-m+fp/hard\libc_nano.a(libc_a-mprec.o)
                                 0x70 (size before relaxing)
 .rodata.__multadd.str1.1
                0x0800d58d        0x0 C:/Users/33512/AppData/Local/stm32cube/bundles/gnu-tools-for-stm32/13.3.1+st.9/bin/../lib/gcc/arm-none-eabi/13.3.1/../../../../arm-none-eabi/lib/thumb/v7e-m+fp/hard\libc_nano.a(libc_a-mprec.o)
                                 0x11 (size before relaxing)
 *fill*         0x0800d58d        0x3 
 .rodata.p05.0  0x0800d590        0xc C:/Users/33512/AppData/Local/stm32cube/bundles/gnu-tools-for-stm32/13.3.1+st.9/bin/../lib/gcc/arm-none-eabi/13.3.1/../../../../arm-none-eabi/lib/thumb/v7e-m+fp/hard\libc_nano.a(libc_a-mprec.o)
 *fill*         0x0800d59c        0x4 
 .rodata.__mprec_bigtens
                0x0800d5a0       0x28 C:/Users/33512/AppData/Local/stm32cube/bundles/gnu-tools-for-stm32/13.3.1+st.9/bin/../lib/gcc/arm-none-eabi/13.3.1/../../../../arm-none-eabi/lib/thumb/v7e-m+fp/hard\libc_nano.a(libc_a-mprec.o)
                0x0800d5a0                __mprec_bigtens
 .rodata.__mprec_tens
                0x0800d5c8       0xc8 C:/Users/33512/AppData/Local/stm32cube/bundles/gnu-tools-for-stm32/13.3.1+st.9/bin/../lib/gcc/arm-none-eabi/13.3.1/../../../../arm-none-eabi/lib/thumb/v7e-m+fp/hard\libc_nano.a(libc_a-mprec.o)
                0x0800d5c8                __mprec_tens
 .rodata._svfprintf_r.str1.1
                0x0800d690        0x0 C:/Users/33512/AppData/Local/stm32cube/bundles/gnu-tools-for-stm32/13.3.1+st.9/bin/../lib/gcc/arm-none-eabi/13.3.1/../../../../arm-none-eabi/lib/thumb/v7e-m+fp/hard\libc_nano.a(libc_a-nano-svfprintf.o)
                                 0x11 (size before relaxing)
 .rodata._setlocale_r.str1.1
                0x0800d690        0x0 C:/Users/33512/AppData/Local/stm32cube/bundles/gnu-tools-for-stm32/13.3.1+st.9/bin/../lib/gcc/arm-none-eabi/13.3.1/../../../../arm-none-eabi/lib/thumb/v7e-m+fp/hard\libc_nano.a(libc_a-locale.o)